<?xml version="1.0"?>
<link_info>
   <banner>MSP430 Linker Unix v15.12.3.LTS</banner>
   <copyright>Copyright (c) 2003-2015 Texas Instruments Incorporated</copyright>
   <link_time>0x585e4457</link_time>
   <link_errors>0x0</link_errors>
   <output_file>cribbage_LED.out</output_file>
   <entry_point>
      <name>_c_int00_noargs_mpu</name>
      <address>0x484c</address>
   </entry_point>
   <input_file_list>
      <input_file id="fl-2">
         <path>./</path>
         <kind>object</kind>
         <file>CribbageConsts.obj</file>
         <name>CribbageConsts.obj</name>
      </input_file>
      <input_file id="fl-3">
         <path>./</path>
         <kind>object</kind>
         <file>InputHandler.obj</file>
         <name>InputHandler.obj</name>
      </input_file>
      <input_file id="fl-4">
         <path>./</path>
         <kind>object</kind>
         <file>cribbage_driver.obj</file>
         <name>cribbage_driver.obj</name>
      </input_file>
      <input_file id="fl-5">
         <path>./</path>
         <kind>object</kind>
         <file>gameframe.obj</file>
         <name>gameframe.obj</name>
      </input_file>
      <input_file id="fl-6">
         <path>./</path>
         <kind>object</kind>
         <file>main.obj</file>
         <name>main.obj</name>
      </input_file>
      <input_file id="fl-2d">
         <path>/Applications/ti/ccsv6/tools/compiler/msp430_15.12.3.LTS/lib/</path>
         <kind>archive</kind>
         <file>rts430x_lc_rd_eabi.lib</file>
         <name>typeinfo_.obj</name>
      </input_file>
      <input_file id="fl-2e">
         <path>/Applications/ti/ccsv6/tools/compiler/msp430_15.12.3.LTS/lib/</path>
         <kind>archive</kind>
         <file>rts430x_lc_rd_eabi.lib</file>
         <name>delete.obj</name>
      </input_file>
      <input_file id="fl-2f">
         <path>/Applications/ti/ccsv6/tools/compiler/msp430_15.12.3.LTS/lib/</path>
         <kind>archive</kind>
         <file>rts430x_lc_rd_eabi.lib</file>
         <name>copy_decompress_none.obj</name>
      </input_file>
      <input_file id="fl-30">
         <path>/Applications/ti/ccsv6/tools/compiler/msp430_15.12.3.LTS/lib/</path>
         <kind>archive</kind>
         <file>rts430x_lc_rd_eabi.lib</file>
         <name>copy_decompress_rle.obj</name>
      </input_file>
      <input_file id="fl-31">
         <path>/Applications/ti/ccsv6/tools/compiler/msp430_15.12.3.LTS/lib/</path>
         <kind>archive</kind>
         <file>rts430x_lc_rd_eabi.lib</file>
         <name>int30.obj</name>
      </input_file>
      <input_file id="fl-32">
         <path>/Applications/ti/ccsv6/tools/compiler/msp430_15.12.3.LTS/lib/</path>
         <kind>archive</kind>
         <file>rts430x_lc_rd_eabi.lib</file>
         <name>isr_trap.obj</name>
      </input_file>
      <input_file id="fl-33">
         <path>/Applications/ti/ccsv6/tools/compiler/msp430_15.12.3.LTS/lib/</path>
         <kind>archive</kind>
         <file>rts430x_lc_rd_eabi.lib</file>
         <name>int31.obj</name>
      </input_file>
      <input_file id="fl-34">
         <path>/Applications/ti/ccsv6/tools/compiler/msp430_15.12.3.LTS/lib/</path>
         <kind>archive</kind>
         <file>rts430x_lc_rd_eabi.lib</file>
         <name>int32.obj</name>
      </input_file>
      <input_file id="fl-35">
         <path>/Applications/ti/ccsv6/tools/compiler/msp430_15.12.3.LTS/lib/</path>
         <kind>archive</kind>
         <file>rts430x_lc_rd_eabi.lib</file>
         <name>int33.obj</name>
      </input_file>
      <input_file id="fl-36">
         <path>/Applications/ti/ccsv6/tools/compiler/msp430_15.12.3.LTS/lib/</path>
         <kind>archive</kind>
         <file>rts430x_lc_rd_eabi.lib</file>
         <name>int34.obj</name>
      </input_file>
      <input_file id="fl-37">
         <path>/Applications/ti/ccsv6/tools/compiler/msp430_15.12.3.LTS/lib/</path>
         <kind>archive</kind>
         <file>rts430x_lc_rd_eabi.lib</file>
         <name>int35.obj</name>
      </input_file>
      <input_file id="fl-38">
         <path>/Applications/ti/ccsv6/tools/compiler/msp430_15.12.3.LTS/lib/</path>
         <kind>archive</kind>
         <file>rts430x_lc_rd_eabi.lib</file>
         <name>int36.obj</name>
      </input_file>
      <input_file id="fl-39">
         <path>/Applications/ti/ccsv6/tools/compiler/msp430_15.12.3.LTS/lib/</path>
         <kind>archive</kind>
         <file>rts430x_lc_rd_eabi.lib</file>
         <name>int37.obj</name>
      </input_file>
      <input_file id="fl-3a">
         <path>/Applications/ti/ccsv6/tools/compiler/msp430_15.12.3.LTS/lib/</path>
         <kind>archive</kind>
         <file>rts430x_lc_rd_eabi.lib</file>
         <name>int38.obj</name>
      </input_file>
      <input_file id="fl-3b">
         <path>/Applications/ti/ccsv6/tools/compiler/msp430_15.12.3.LTS/lib/</path>
         <kind>archive</kind>
         <file>rts430x_lc_rd_eabi.lib</file>
         <name>int39.obj</name>
      </input_file>
      <input_file id="fl-3c">
         <path>/Applications/ti/ccsv6/tools/compiler/msp430_15.12.3.LTS/lib/</path>
         <kind>archive</kind>
         <file>rts430x_lc_rd_eabi.lib</file>
         <name>int40.obj</name>
      </input_file>
      <input_file id="fl-3d">
         <path>/Applications/ti/ccsv6/tools/compiler/msp430_15.12.3.LTS/lib/</path>
         <kind>archive</kind>
         <file>rts430x_lc_rd_eabi.lib</file>
         <name>int41.obj</name>
      </input_file>
      <input_file id="fl-3e">
         <path>/Applications/ti/ccsv6/tools/compiler/msp430_15.12.3.LTS/lib/</path>
         <kind>archive</kind>
         <file>rts430x_lc_rd_eabi.lib</file>
         <name>int42.obj</name>
      </input_file>
      <input_file id="fl-3f">
         <path>/Applications/ti/ccsv6/tools/compiler/msp430_15.12.3.LTS/lib/</path>
         <kind>archive</kind>
         <file>rts430x_lc_rd_eabi.lib</file>
         <name>int43.obj</name>
      </input_file>
      <input_file id="fl-40">
         <path>/Applications/ti/ccsv6/tools/compiler/msp430_15.12.3.LTS/lib/</path>
         <kind>archive</kind>
         <file>rts430x_lc_rd_eabi.lib</file>
         <name>int46.obj</name>
      </input_file>
      <input_file id="fl-41">
         <path>/Applications/ti/ccsv6/tools/compiler/msp430_15.12.3.LTS/lib/</path>
         <kind>archive</kind>
         <file>rts430x_lc_rd_eabi.lib</file>
         <name>int47.obj</name>
      </input_file>
      <input_file id="fl-42">
         <path>/Applications/ti/ccsv6/tools/compiler/msp430_15.12.3.LTS/lib/</path>
         <kind>archive</kind>
         <file>rts430x_lc_rd_eabi.lib</file>
         <name>int48.obj</name>
      </input_file>
      <input_file id="fl-43">
         <path>/Applications/ti/ccsv6/tools/compiler/msp430_15.12.3.LTS/lib/</path>
         <kind>archive</kind>
         <file>rts430x_lc_rd_eabi.lib</file>
         <name>int49.obj</name>
      </input_file>
      <input_file id="fl-44">
         <path>/Applications/ti/ccsv6/tools/compiler/msp430_15.12.3.LTS/lib/</path>
         <kind>archive</kind>
         <file>rts430x_lc_rd_eabi.lib</file>
         <name>int50.obj</name>
      </input_file>
      <input_file id="fl-45">
         <path>/Applications/ti/ccsv6/tools/compiler/msp430_15.12.3.LTS/lib/</path>
         <kind>archive</kind>
         <file>rts430x_lc_rd_eabi.lib</file>
         <name>int51.obj</name>
      </input_file>
      <input_file id="fl-46">
         <path>/Applications/ti/ccsv6/tools/compiler/msp430_15.12.3.LTS/lib/</path>
         <kind>archive</kind>
         <file>rts430x_lc_rd_eabi.lib</file>
         <name>int52.obj</name>
      </input_file>
      <input_file id="fl-47">
         <path>/Applications/ti/ccsv6/tools/compiler/msp430_15.12.3.LTS/lib/</path>
         <kind>archive</kind>
         <file>rts430x_lc_rd_eabi.lib</file>
         <name>int53.obj</name>
      </input_file>
      <input_file id="fl-48">
         <path>/Applications/ti/ccsv6/tools/compiler/msp430_15.12.3.LTS/lib/</path>
         <kind>archive</kind>
         <file>rts430x_lc_rd_eabi.lib</file>
         <name>int54.obj</name>
      </input_file>
      <input_file id="fl-49">
         <path>/Applications/ti/ccsv6/tools/compiler/msp430_15.12.3.LTS/lib/</path>
         <kind>archive</kind>
         <file>rts430x_lc_rd_eabi.lib</file>
         <name>copy_zero_init.obj</name>
      </input_file>
      <input_file id="fl-4a">
         <path>/Applications/ti/ccsv6/tools/compiler/msp430_15.12.3.LTS/lib/</path>
         <kind>archive</kind>
         <file>rts430x_lc_rd_eabi.lib</file>
         <name>pure_virt.obj</name>
      </input_file>
      <input_file id="fl-4b">
         <path>/Applications/ti/ccsv6/tools/compiler/msp430_15.12.3.LTS/lib/</path>
         <kind>archive</kind>
         <file>rts430x_lc_rd_eabi.lib</file>
         <name>error.obj</name>
      </input_file>
      <input_file id="fl-4c">
         <path>/Applications/ti/ccsv6/tools/compiler/msp430_15.12.3.LTS/lib/</path>
         <kind>archive</kind>
         <file>rts430x_lc_rd_eabi.lib</file>
         <name>vec_newdel.obj</name>
      </input_file>
      <input_file id="fl-4d">
         <path>/Applications/ti/ccsv6/tools/compiler/msp430_15.12.3.LTS/lib/</path>
         <kind>archive</kind>
         <file>rts430x_lc_rd_eabi.lib</file>
         <name>array_del.obj</name>
      </input_file>
      <input_file id="fl-4e">
         <path>/Applications/ti/ccsv6/tools/compiler/msp430_15.12.3.LTS/lib/</path>
         <kind>archive</kind>
         <file>rts430x_lc_rd_eabi.lib</file>
         <name>array_new.obj</name>
      </input_file>
      <input_file id="fl-4f">
         <path>/Applications/ti/ccsv6/tools/compiler/msp430_15.12.3.LTS/lib/</path>
         <kind>archive</kind>
         <file>rts430x_lc_rd_eabi.lib</file>
         <name>new_.obj</name>
      </input_file>
      <input_file id="fl-50">
         <path>/Applications/ti/ccsv6/tools/compiler/msp430_15.12.3.LTS/lib/</path>
         <kind>archive</kind>
         <file>rts430x_lc_rd_eabi.lib</file>
         <name>newhandler.obj</name>
      </input_file>
      <input_file id="fl-51">
         <path>/Applications/ti/ccsv6/tools/compiler/msp430_15.12.3.LTS/lib/</path>
         <kind>archive</kind>
         <file>rts430x_lc_rd_eabi.lib</file>
         <name>divd.obj</name>
      </input_file>
      <input_file id="fl-52">
         <path>/Applications/ti/ccsv6/tools/compiler/msp430_15.12.3.LTS/lib/</path>
         <kind>archive</kind>
         <file>rts430x_lc_rd_eabi.lib</file>
         <name>frcdivd.obj</name>
      </input_file>
      <input_file id="fl-53">
         <path>/Applications/ti/ccsv6/tools/compiler/msp430_15.12.3.LTS/lib/</path>
         <kind>archive</kind>
         <file>rts430x_lc_rd_eabi.lib</file>
         <name>fixdu.obj</name>
      </input_file>
      <input_file id="fl-54">
         <path>/Applications/ti/ccsv6/tools/compiler/msp430_15.12.3.LTS/lib/</path>
         <kind>archive</kind>
         <file>rts430x_lc_rd_eabi.lib</file>
         <name>fixdul.obj</name>
      </input_file>
      <input_file id="fl-55">
         <path>/Applications/ti/ccsv6/tools/compiler/msp430_15.12.3.LTS/lib/</path>
         <kind>archive</kind>
         <file>rts430x_lc_rd_eabi.lib</file>
         <name>mpyd.obj</name>
      </input_file>
      <input_file id="fl-56">
         <path>/Applications/ti/ccsv6/tools/compiler/msp430_15.12.3.LTS/lib/</path>
         <kind>archive</kind>
         <file>rts430x_lc_rd_eabi.lib</file>
         <name>frcmpyd.obj</name>
      </input_file>
      <input_file id="fl-57">
         <path>/Applications/ti/ccsv6/tools/compiler/msp430_15.12.3.LTS/lib/</path>
         <kind>archive</kind>
         <file>rts430x_lc_rd_eabi.lib</file>
         <name>mult16.obj</name>
      </input_file>
      <input_file id="fl-58">
         <path>/Applications/ti/ccsv6/tools/compiler/msp430_15.12.3.LTS/lib/</path>
         <kind>archive</kind>
         <file>rts430x_lc_rd_eabi.lib</file>
         <name>mult16_f5hw.obj</name>
      </input_file>
      <input_file id="fl-59">
         <path>/Applications/ti/ccsv6/tools/compiler/msp430_15.12.3.LTS/lib/</path>
         <kind>archive</kind>
         <file>rts430x_lc_rd_eabi.lib</file>
         <name>mult32.obj</name>
      </input_file>
      <input_file id="fl-5a">
         <path>/Applications/ti/ccsv6/tools/compiler/msp430_15.12.3.LTS/lib/</path>
         <kind>archive</kind>
         <file>rts430x_lc_rd_eabi.lib</file>
         <name>mult32_f5hw.obj</name>
      </input_file>
      <input_file id="fl-5b">
         <path>/Applications/ti/ccsv6/tools/compiler/msp430_15.12.3.LTS/lib/</path>
         <kind>archive</kind>
         <file>rts430x_lc_rd_eabi.lib</file>
         <name>mult64_f5hw.obj</name>
      </input_file>
      <input_file id="fl-5c">
         <path>/Applications/ti/ccsv6/tools/compiler/msp430_15.12.3.LTS/lib/</path>
         <kind>archive</kind>
         <file>rts430x_lc_rd_eabi.lib</file>
         <name>mult1632_f5hw.obj</name>
      </input_file>
      <input_file id="fl-5d">
         <path>/Applications/ti/ccsv6/tools/compiler/msp430_15.12.3.LTS/lib/</path>
         <kind>archive</kind>
         <file>rts430x_lc_rd_eabi.lib</file>
         <name>mult3264_f5hw.obj</name>
      </input_file>
      <input_file id="fl-5e">
         <path>/Applications/ti/ccsv6/tools/compiler/msp430_15.12.3.LTS/lib/</path>
         <kind>archive</kind>
         <file>rts430x_lc_rd_eabi.lib</file>
         <name>lsl16.obj</name>
      </input_file>
      <input_file id="fl-5f">
         <path>/Applications/ti/ccsv6/tools/compiler/msp430_15.12.3.LTS/lib/</path>
         <kind>archive</kind>
         <file>rts430x_lc_rd_eabi.lib</file>
         <name>lsl32.obj</name>
      </input_file>
      <input_file id="fl-60">
         <path>/Applications/ti/ccsv6/tools/compiler/msp430_15.12.3.LTS/lib/</path>
         <kind>archive</kind>
         <file>rts430x_lc_rd_eabi.lib</file>
         <name>asr32.obj</name>
      </input_file>
      <input_file id="fl-61">
         <path>/Applications/ti/ccsv6/tools/compiler/msp430_15.12.3.LTS/lib/</path>
         <kind>archive</kind>
         <file>rts430x_lc_rd_eabi.lib</file>
         <name>lsr32.obj</name>
      </input_file>
      <input_file id="fl-62">
         <path>/Applications/ti/ccsv6/tools/compiler/msp430_15.12.3.LTS/lib/</path>
         <kind>archive</kind>
         <file>rts430x_lc_rd_eabi.lib</file>
         <name>lsr64.obj</name>
      </input_file>
      <input_file id="fl-63">
         <path>/Applications/ti/ccsv6/tools/compiler/msp430_15.12.3.LTS/lib/</path>
         <kind>archive</kind>
         <file>rts430x_lc_rd_eabi.lib</file>
         <name>assert.obj</name>
      </input_file>
      <input_file id="fl-64">
         <path>/Applications/ti/ccsv6/tools/compiler/msp430_15.12.3.LTS/lib/</path>
         <kind>archive</kind>
         <file>rts430x_lc_rd_eabi.lib</file>
         <name>boot.obj</name>
      </input_file>
      <input_file id="fl-65">
         <path>/Applications/ti/ccsv6/tools/compiler/msp430_15.12.3.LTS/lib/</path>
         <kind>archive</kind>
         <file>rts430x_lc_rd_eabi.lib</file>
         <name>args_main.obj</name>
      </input_file>
      <input_file id="fl-66">
         <path>/Applications/ti/ccsv6/tools/compiler/msp430_15.12.3.LTS/lib/</path>
         <kind>archive</kind>
         <file>rts430x_lc_rd_eabi.lib</file>
         <name>autoinit_wdt.obj</name>
      </input_file>
      <input_file id="fl-67">
         <path>/Applications/ti/ccsv6/tools/compiler/msp430_15.12.3.LTS/lib/</path>
         <kind>archive</kind>
         <file>rts430x_lc_rd_eabi.lib</file>
         <name>boot_special.obj</name>
      </input_file>
      <input_file id="fl-68">
         <path>/Applications/ti/ccsv6/ccs_base/msp430/lib/FR59xx/</path>
         <kind>archive</kind>
         <file>MSPMPU_INIT_LIB_CCS_msp430_large_code_restricted_data.lib</file>
         <name>mpu_init.o</name>
      </input_file>
      <input_file id="fl-69">
         <path>/Applications/ti/ccsv6/tools/compiler/msp430_15.12.3.LTS/lib/</path>
         <kind>archive</kind>
         <file>rts430x_lc_rd_eabi.lib</file>
         <name>defs.obj</name>
      </input_file>
      <input_file id="fl-6a">
         <path>/Applications/ti/ccsv6/tools/compiler/msp430_15.12.3.LTS/lib/</path>
         <kind>archive</kind>
         <file>rts430x_lc_rd_eabi.lib</file>
         <name>vars.obj</name>
      </input_file>
      <input_file id="fl-6b">
         <path>/Applications/ti/ccsv6/tools/compiler/msp430_15.12.3.LTS/lib/</path>
         <kind>archive</kind>
         <file>rts430x_lc_rd_eabi.lib</file>
         <name>startup.obj</name>
      </input_file>
      <input_file id="fl-6c">
         <path>/Applications/ti/ccsv6/tools/compiler/msp430_15.12.3.LTS/lib/</path>
         <kind>archive</kind>
         <file>rts430x_lc_rd_eabi.lib</file>
         <name>pre_init.obj</name>
      </input_file>
      <input_file id="fl-6d">
         <path>/Applications/ti/ccsv6/tools/compiler/msp430_15.12.3.LTS/lib/</path>
         <kind>archive</kind>
         <file>rts430x_lc_rd_eabi.lib</file>
         <name>exit.obj</name>
      </input_file>
      <input_file id="fl-6e">
         <path>/Applications/ti/ccsv6/tools/compiler/msp430_15.12.3.LTS/lib/</path>
         <kind>archive</kind>
         <file>rts430x_lc_rd_eabi.lib</file>
         <name>exit_gvars.obj</name>
      </input_file>
      <input_file id="fl-6f">
         <path>/Applications/ti/ccsv6/tools/compiler/msp430_15.12.3.LTS/lib/</path>
         <kind>archive</kind>
         <file>rts430x_lc_rd_eabi.lib</file>
         <name>_lock.obj</name>
      </input_file>
      <input_file id="fl-70">
         <path>/Applications/ti/ccsv6/tools/compiler/msp430_15.12.3.LTS/lib/</path>
         <kind>archive</kind>
         <file>rts430x_lc_rd_eabi.lib</file>
         <name>cpy_tbl.obj</name>
      </input_file>
      <input_file id="fl-71">
         <path>/Applications/ti/ccsv6/tools/compiler/msp430_15.12.3.LTS/lib/</path>
         <kind>archive</kind>
         <file>rts430x_lc_rd_eabi.lib</file>
         <name>fflush.obj</name>
      </input_file>
      <input_file id="fl-72">
         <path>/Applications/ti/ccsv6/tools/compiler/msp430_15.12.3.LTS/lib/</path>
         <kind>archive</kind>
         <file>rts430x_lc_rd_eabi.lib</file>
         <name>fputs.obj</name>
      </input_file>
      <input_file id="fl-73">
         <path>/Applications/ti/ccsv6/tools/compiler/msp430_15.12.3.LTS/lib/</path>
         <kind>archive</kind>
         <file>rts430x_lc_rd_eabi.lib</file>
         <name>_io_perm.obj</name>
      </input_file>
      <input_file id="fl-74">
         <path>/Applications/ti/ccsv6/tools/compiler/msp430_15.12.3.LTS/lib/</path>
         <kind>archive</kind>
         <file>rts430x_lc_rd_eabi.lib</file>
         <name>memory.obj</name>
      </input_file>
      <input_file id="fl-75">
         <path>/Applications/ti/ccsv6/tools/compiler/msp430_15.12.3.LTS/lib/</path>
         <kind>archive</kind>
         <file>rts430x_lc_rd_eabi.lib</file>
         <name>fseek.obj</name>
      </input_file>
      <input_file id="fl-76">
         <path>/Applications/ti/ccsv6/tools/compiler/msp430_15.12.3.LTS/lib/</path>
         <kind>archive</kind>
         <file>rts430x_lc_rd_eabi.lib</file>
         <name>lowlev.obj</name>
      </input_file>
      <input_file id="fl-77">
         <path>/Applications/ti/ccsv6/tools/compiler/msp430_15.12.3.LTS/lib/</path>
         <kind>archive</kind>
         <file>rts430x_lc_rd_eabi.lib</file>
         <name>trgdrv.obj</name>
      </input_file>
      <input_file id="fl-78">
         <path>/Applications/ti/ccsv6/tools/compiler/msp430_15.12.3.LTS/lib/</path>
         <kind>archive</kind>
         <file>rts430x_lc_rd_eabi.lib</file>
         <name>trgmsg.obj</name>
      </input_file>
      <input_file id="fl-79">
         <path>/Applications/ti/ccsv6/tools/compiler/msp430_15.12.3.LTS/lib/</path>
         <kind>archive</kind>
         <file>rts430x_lc_rd_eabi.lib</file>
         <name>div16s.obj</name>
      </input_file>
      <input_file id="fl-7a">
         <path>/Applications/ti/ccsv6/tools/compiler/msp430_15.12.3.LTS/lib/</path>
         <kind>archive</kind>
         <file>rts430x_lc_rd_eabi.lib</file>
         <name>div16u.obj</name>
      </input_file>
      <input_file id="fl-7b">
         <path>/Applications/ti/ccsv6/tools/compiler/msp430_15.12.3.LTS/lib/</path>
         <kind>archive</kind>
         <file>rts430x_lc_rd_eabi.lib</file>
         <name>memchr.obj</name>
      </input_file>
      <input_file id="fl-7c">
         <path>/Applications/ti/ccsv6/tools/compiler/msp430_15.12.3.LTS/lib/</path>
         <kind>archive</kind>
         <file>rts430x_lc_rd_eabi.lib</file>
         <name>memcpy.obj</name>
      </input_file>
      <input_file id="fl-7d">
         <path>/Applications/ti/ccsv6/tools/compiler/msp430_15.12.3.LTS/lib/</path>
         <kind>archive</kind>
         <file>rts430x_lc_rd_eabi.lib</file>
         <name>setvbuf.obj</name>
      </input_file>
      <input_file id="fl-7e">
         <path>/Applications/ti/ccsv6/tools/compiler/msp430_15.12.3.LTS/lib/</path>
         <kind>archive</kind>
         <file>rts430x_lc_rd_eabi.lib</file>
         <name>fopen.obj</name>
      </input_file>
      <input_file id="fl-7f">
         <path>/Applications/ti/ccsv6/tools/compiler/msp430_15.12.3.LTS/lib/</path>
         <kind>archive</kind>
         <file>rts430x_lc_rd_eabi.lib</file>
         <name>fclose.obj</name>
      </input_file>
      <input_file id="fl-80">
         <path>/Applications/ti/ccsv6/tools/compiler/msp430_15.12.3.LTS/lib/</path>
         <kind>archive</kind>
         <file>rts430x_lc_rd_eabi.lib</file>
         <name>memset.obj</name>
      </input_file>
      <input_file id="fl-81">
         <path>/Applications/ti/ccsv6/tools/compiler/msp430_15.12.3.LTS/lib/</path>
         <kind>archive</kind>
         <file>rts430x_lc_rd_eabi.lib</file>
         <name>remove.obj</name>
      </input_file>
      <input_file id="fl-82">
         <path>/Applications/ti/ccsv6/tools/compiler/msp430_15.12.3.LTS/lib/</path>
         <kind>archive</kind>
         <file>rts430x_lc_rd_eabi.lib</file>
         <name>strchr.obj</name>
      </input_file>
      <input_file id="fl-83">
         <path>/Applications/ti/ccsv6/tools/compiler/msp430_15.12.3.LTS/lib/</path>
         <kind>archive</kind>
         <file>rts430x_lc_rd_eabi.lib</file>
         <name>strcmp.obj</name>
      </input_file>
      <input_file id="fl-84">
         <path>/Applications/ti/ccsv6/tools/compiler/msp430_15.12.3.LTS/lib/</path>
         <kind>archive</kind>
         <file>rts430x_lc_rd_eabi.lib</file>
         <name>strcpy.obj</name>
      </input_file>
      <input_file id="fl-85">
         <path>/Applications/ti/ccsv6/tools/compiler/msp430_15.12.3.LTS/lib/</path>
         <kind>archive</kind>
         <file>rts430x_lc_rd_eabi.lib</file>
         <name>strlen.obj</name>
      </input_file>
      <input_file id="fl-86">
         <path>/Applications/ti/ccsv6/tools/compiler/msp430_15.12.3.LTS/lib/</path>
         <kind>archive</kind>
         <file>rts430x_lc_rd_eabi.lib</file>
         <name>strncpy.obj</name>
      </input_file>
   </input_file_list>
   <object_component_list>
      <object_component id="oc-772">
         <name>.cio</name>
         <uninitialized>true</uninitialized>
         <run_address>0x4400</run_address>
         <size>0x120</size>
         <input_file_ref idref="fl-78"/>
      </object_component>
      <object_component id="oc-409">
         <name>.sysmem</name>
         <uninitialized>true</uninitialized>
         <run_address>0x4520</run_address>
         <size>0x6</size>
         <input_file_ref idref="fl-74"/>
      </object_component>
      <object_component id="oc-814">
         <name>.sysmem</name>
         <uninitialized>true</uninitialized>
         <run_address>0x4520</run_address>
         <size>0x0</size>
      </object_component>
      <object_component id="oc-812">
         <name>.cinit..data.load</name>
         <load_address>0x4a1a</load_address>
         <run_address>0x4a1a</run_address>
         <size>0xb1</size>
      </object_component>
      <object_component id="oc-811">
         <name>.cinit..bss.load</name>
         <load_address>0x4acc</load_address>
         <run_address>0x4acc</run_address>
         <size>0xb</size>
      </object_component>
      <object_component id="oc-80f">
         <name>__TI_handler_table</name>
         <load_address>0x4ad8</load_address>
         <run_address>0x4ad8</run_address>
         <size>0x8</size>
      </object_component>
      <object_component id="oc-810">
         <name>__TI_cinit_table</name>
         <load_address>0x4ae0</load_address>
         <run_address>0x4ae0</run_address>
         <size>0x10</size>
      </object_component>
      <object_component id="oc-7a8">
         <name>.binit</name>
         <load_address>0x4400</load_address>
         <run_address>0x4400</run_address>
         <size>0x0</size>
      </object_component>
      <object_component id="oc-403">
         <name>.init_array</name>
         <load_address>0x4874</load_address>
         <run_address>0x4874</run_address>
         <size>0x4</size>
         <input_file_ref idref="fl-4"/>
      </object_component>
      <object_component id="oc-404">
         <name>.init_array</name>
         <load_address>0x4878</load_address>
         <run_address>0x4878</run_address>
         <size>0x4</size>
         <input_file_ref idref="fl-6"/>
      </object_component>
      <object_component id="oc-5a8">
         <name>.const:.string</name>
         <load_address>0x487c</load_address>
         <run_address>0x487c</run_address>
         <size>0x19e</size>
         <input_file_ref idref="fl-3"/>
      </object_component>
      <object_component id="oc-42b">
         <name>.text:_isr:_Z7Timer_Av</name>
         <load_address>0x4800</load_address>
         <run_address>0x4800</run_address>
         <size>0x4c</size>
         <input_file_ref idref="fl-6"/>
      </object_component>
      <object_component id="oc-b3">
         <name>.text:_isr:_c_int00_noargs_mpu</name>
         <load_address>0x484c</load_address>
         <run_address>0x484c</run_address>
         <size>0x20</size>
         <input_file_ref idref="fl-67"/>
      </object_component>
      <object_component id="oc-426">
         <name>.text:_isr:__TI_ISR_TRAP</name>
         <load_address>0x486c</load_address>
         <run_address>0x486c</run_address>
         <size>0x8</size>
         <input_file_ref idref="fl-32"/>
      </object_component>
      <object_component id="oc-5da">
         <name>.text:__TI_frcdivd</name>
         <load_address>0x10000</load_address>
         <run_address>0x10000</run_address>
         <size>0x486</size>
         <input_file_ref idref="fl-52"/>
      </object_component>
      <object_component id="oc-5cd">
         <name>.text:__TI_frcmpyd</name>
         <load_address>0x10486</load_address>
         <run_address>0x10486</run_address>
         <size>0x2e4</size>
         <input_file_ref idref="fl-56"/>
      </object_component>
      <object_component id="oc-55e">
         <name>.text:__mspabi_mpyd</name>
         <load_address>0x1076a</load_address>
         <run_address>0x1076a</run_address>
         <size>0x282</size>
         <input_file_ref idref="fl-55"/>
      </object_component>
      <object_component id="oc-4dd">
         <name>.text:_Z9setUpPinsv</name>
         <load_address>0x109ec</load_address>
         <run_address>0x109ec</run_address>
         <size>0x248</size>
         <input_file_ref idref="fl-6"/>
      </object_component>
      <object_component id="oc-564">
         <name>.text:__mspabi_divd</name>
         <load_address>0x10c34</load_address>
         <run_address>0x10c34</run_address>
         <size>0x222</size>
         <input_file_ref idref="fl-51"/>
      </object_component>
      <object_component id="oc-583">
         <name>.text:_ZN2IO8InputPin4initEdddd</name>
         <load_address>0x10e56</load_address>
         <run_address>0x10e56</run_address>
         <size>0xf2</size>
         <input_file_ref idref="fl-3"/>
      </object_component>
      <object_component id="oc-610">
         <name>.text:fputs</name>
         <load_address>0x10f48</load_address>
         <run_address>0x10f48</run_address>
         <size>0xf0</size>
         <input_file_ref idref="fl-72"/>
      </object_component>
      <object_component id="oc-6ad">
         <name>.text:setvbuf</name>
         <load_address>0x11038</load_address>
         <run_address>0x11038</run_address>
         <size>0xe0</size>
         <input_file_ref idref="fl-7d"/>
      </object_component>
      <object_component id="oc-644">
         <name>.text:malloc</name>
         <load_address>0x11118</load_address>
         <run_address>0x11118</run_address>
         <size>0xba</size>
         <input_file_ref idref="fl-74"/>
      </object_component>
      <object_component id="oc-726">
         <name>.text:HOSTlseek</name>
         <load_address>0x111d2</load_address>
         <run_address>0x111d2</run_address>
         <size>0xb4</size>
         <input_file_ref idref="fl-77"/>
      </object_component>
      <object_component id="oc-517">
         <name>.text:_ZN2IO8InputPin8evaluateEv</name>
         <load_address>0x11286</load_address>
         <run_address>0x11286</run_address>
         <size>0xa8</size>
         <input_file_ref idref="fl-3"/>
      </object_component>
      <object_component id="oc-6d2">
         <name>.text:free</name>
         <load_address>0x1132e</load_address>
         <run_address>0x1132e</run_address>
         <size>0x8e</size>
         <input_file_ref idref="fl-74"/>
      </object_component>
      <object_component id="oc-596">
         <name>.text:_Z17array_new_generalPvijjS_PFYS_S_ES1_PFYS_jEPFYvS_Eii</name>
         <load_address>0x113bc</load_address>
         <run_address>0x113bc</run_address>
         <size>0x84</size>
         <input_file_ref idref="fl-4c"/>
      </object_component>
      <object_component id="oc-43e">
         <name>.text:_auto_init_hold_wdt</name>
         <load_address>0x11440</load_address>
         <run_address>0x11440</run_address>
         <size>0x82</size>
         <input_file_ref idref="fl-66"/>
      </object_component>
      <object_component id="oc-65e">
         <name>.text:__TI_wrt_ok</name>
         <load_address>0x114c2</load_address>
         <run_address>0x114c2</run_address>
         <size>0x7e</size>
         <input_file_ref idref="fl-73"/>
      </object_component>
      <object_component id="oc-472">
         <name>.text:__sti___8_main_cpp_UP</name>
         <load_address>0x11540</load_address>
         <run_address>0x11540</run_address>
         <size>0x78</size>
         <input_file_ref idref="fl-6"/>
      </object_component>
      <object_component id="oc-732">
         <name>.text:HOSTrename</name>
         <load_address>0x115b8</load_address>
         <run_address>0x115b8</run_address>
         <size>0x74</size>
         <input_file_ref idref="fl-77"/>
      </object_component>
      <object_component id="oc-500">
         <name>.text:_ZN2IO8InputPinC1EjjbNS_6PULLUP6PULLUPE</name>
         <load_address>0x1162c</load_address>
         <run_address>0x1162c</run_address>
         <size>0x74</size>
         <input_file_ref idref="fl-3"/>
      </object_component>
      <object_component id="oc-5f1">
         <name>.text:_ZN2IO8InputPin4initEv</name>
         <load_address>0x116a0</load_address>
         <run_address>0x116a0</run_address>
         <size>0x72</size>
         <input_file_ref idref="fl-3"/>
      </object_component>
      <object_component id="oc-70e">
         <name>.text:HOSTopen</name>
         <load_address>0x11712</load_address>
         <run_address>0x11712</run_address>
         <size>0x70</size>
         <input_file_ref idref="fl-77"/>
      </object_component>
      <object_component id="oc-705">
         <name>.text:__TI_closefile</name>
         <load_address>0x11782</load_address>
         <run_address>0x11782</run_address>
         <size>0x70</size>
         <input_file_ref idref="fl-7f"/>
      </object_component>
      <object_component id="oc-720">
         <name>.text:HOSTwrite</name>
         <load_address>0x117f2</load_address>
         <run_address>0x117f2</run_address>
         <size>0x6c</size>
         <input_file_ref idref="fl-77"/>
      </object_component>
      <object_component id="oc-458">
         <name>.text:main</name>
         <load_address>0x1185e</load_address>
         <run_address>0x1185e</run_address>
         <size>0x6c</size>
         <input_file_ref idref="fl-6"/>
      </object_component>
      <object_component id="oc-71a">
         <name>.text:HOSTread</name>
         <load_address>0x118ca</load_address>
         <run_address>0x118ca</run_address>
         <size>0x6a</size>
         <input_file_ref idref="fl-77"/>
      </object_component>
      <object_component id="oc-6a7">
         <name>.text:fseek</name>
         <load_address>0x11934</load_address>
         <run_address>0x11934</run_address>
         <size>0x6a</size>
         <input_file_ref idref="fl-75"/>
      </object_component>
      <object_component id="oc-419">
         <name>.text:__TI_decompress_rle_core</name>
         <load_address>0x1199e</load_address>
         <run_address>0x1199e</run_address>
         <size>0x68</size>
         <input_file_ref idref="fl-30"/>
      </object_component>
      <object_component id="oc-5e2">
         <name>.text:__mspabi_fixdul</name>
         <load_address>0x11a06</load_address>
         <run_address>0x11a06</run_address>
         <size>0x68</size>
         <input_file_ref idref="fl-54"/>
      </object_component>
      <object_component id="oc-4b0">
         <name>.text:copy_in</name>
         <load_address>0x11a6e</load_address>
         <run_address>0x11a6e</run_address>
         <size>0x66</size>
         <input_file_ref idref="fl-70"/>
      </object_component>
      <object_component id="oc-670">
         <name>.text:__TI_doflush</name>
         <load_address>0x11ad4</load_address>
         <run_address>0x11ad4</run_address>
         <size>0x64</size>
         <input_file_ref idref="fl-71"/>
      </object_component>
      <object_component id="oc-73a">
         <name>.text:close</name>
         <load_address>0x11b38</load_address>
         <run_address>0x11b38</run_address>
         <size>0x5a</size>
         <input_file_ref idref="fl-76"/>
      </object_component>
      <object_component id="oc-767">
         <name>.text:getdevice</name>
         <load_address>0x11b92</load_address>
         <run_address>0x11b92</run_address>
         <size>0x5a</size>
         <input_file_ref idref="fl-76"/>
      </object_component>
      <object_component id="oc-616">
         <name>.text:fflush</name>
         <load_address>0x11bec</load_address>
         <run_address>0x11bec</run_address>
         <size>0x58</size>
         <input_file_ref idref="fl-71"/>
      </object_component>
      <object_component id="oc-4d7">
         <name>.text:_Z11setUpTimersd</name>
         <load_address>0x11c44</load_address>
         <run_address>0x11c44</run_address>
         <size>0x50</size>
         <input_file_ref idref="fl-6"/>
      </object_component>
      <object_component id="oc-714">
         <name>.text:HOSTclose</name>
         <load_address>0x11c94</load_address>
         <run_address>0x11c94</run_address>
         <size>0x4e</size>
         <input_file_ref idref="fl-77"/>
      </object_component>
      <object_component id="oc-44a">
         <name>.text:exit</name>
         <load_address>0x11ce2</load_address>
         <run_address>0x11ce2</run_address>
         <size>0x4a</size>
         <input_file_ref idref="fl-6d"/>
      </object_component>
      <object_component id="oc-72c">
         <name>.text:HOSTunlink</name>
         <load_address>0x11d2c</load_address>
         <run_address>0x11d2c</run_address>
         <size>0x46</size>
         <input_file_ref idref="fl-77"/>
      </object_component>
      <object_component id="oc-696">
         <name>.text:minit</name>
         <load_address>0x11d72</load_address>
         <run_address>0x11d72</run_address>
         <size>0x42</size>
         <input_file_ref idref="fl-74"/>
      </object_component>
      <object_component id="oc-62b">
         <name>.text:l_asr_const</name>
         <load_address>0x11db4</load_address>
         <run_address>0x11db4</run_address>
         <size>0x3e</size>
         <input_file_ref idref="fl-60"/>
      </object_component>
      <object_component id="oc-630">
         <name>.text:l_lsl_const</name>
         <load_address>0x11df2</load_address>
         <run_address>0x11df2</run_address>
         <size>0x3e</size>
         <input_file_ref idref="fl-5f"/>
      </object_component>
      <object_component id="oc-621">
         <name>.text:l_lsr_const</name>
         <load_address>0x11e30</load_address>
         <run_address>0x11e30</run_address>
         <size>0x3e</size>
         <input_file_ref idref="fl-61"/>
      </object_component>
      <object_component id="oc-6ca">
         <name>.text:lseek</name>
         <load_address>0x11e6e</load_address>
         <run_address>0x11e6e</run_address>
         <size>0x3e</size>
         <input_file_ref idref="fl-76"/>
      </object_component>
      <object_component id="oc-4f9">
         <name>.text:__cxa_vec_ctor</name>
         <load_address>0x11eac</load_address>
         <run_address>0x11eac</run_address>
         <size>0x3c</size>
         <input_file_ref idref="fl-4c"/>
      </object_component>
      <object_component id="oc-676">
         <name>.text:write</name>
         <load_address>0x11ee8</load_address>
         <run_address>0x11ee8</run_address>
         <size>0x3c</size>
         <input_file_ref idref="fl-76"/>
      </object_component>
      <object_component id="oc-6d8">
         <name>.text:__TI_cleanup</name>
         <load_address>0x11f24</load_address>
         <run_address>0x11f24</run_address>
         <size>0x36</size>
         <input_file_ref idref="fl-7e"/>
      </object_component>
      <object_component id="oc-74c">
         <name>.text:__TI_writemsg</name>
         <load_address>0x11f5a</load_address>
         <run_address>0x11f5a</run_address>
         <size>0x36</size>
         <input_file_ref idref="fl-78"/>
      </object_component>
      <object_component id="oc-5fa">
         <name>.text:_Znwj</name>
         <load_address>0x11f90</load_address>
         <run_address>0x11f90</run_address>
         <size>0x34</size>
         <input_file_ref idref="fl-4f"/>
      </object_component>
      <object_component id="oc-752">
         <name>.text:__TI_readmsg</name>
         <load_address>0x11fc4</load_address>
         <run_address>0x11fc4</run_address>
         <size>0x32</size>
         <input_file_ref idref="fl-78"/>
      </object_component>
      <object_component id="oc-782">
         <name>.text:strncpy</name>
         <load_address>0x11ff6</load_address>
         <run_address>0x11ff6</run_address>
         <size>0x32</size>
         <input_file_ref idref="fl-86"/>
      </object_component>
      <object_component id="oc-741">
         <name>.text:unlink</name>
         <load_address>0x12028</load_address>
         <run_address>0x12028</run_address>
         <size>0x30</size>
         <input_file_ref idref="fl-76"/>
      </object_component>
      <object_component id="oc-788">
         <name>.text:finddevice</name>
         <load_address>0x12058</load_address>
         <run_address>0x12058</run_address>
         <size>0x2e</size>
         <input_file_ref idref="fl-76"/>
      </object_component>
      <object_component id="oc-497">
         <name>.text:_ZN2IO8InputPin8debounceEv</name>
         <load_address>0x12086</load_address>
         <run_address>0x12086</run_address>
         <size>0x28</size>
         <input_file_ref idref="fl-3"/>
      </object_component>
      <object_component id="oc-451">
         <name>.text:__mpu_init</name>
         <load_address>0x120ae</load_address>
         <run_address>0x120ae</run_address>
         <size>0x28</size>
         <input_file_ref idref="fl-68"/>
      </object_component>
      <object_component id="oc-626">
         <name>.text</name>
         <load_address>0x120d6</load_address>
         <run_address>0x120d6</run_address>
         <size>0x24</size>
         <input_file_ref idref="fl-5a"/>
      </object_component>
      <object_component id="oc-46c">
         <name>.text:__sti___19_cribbage_driver_cpp_57590be8</name>
         <load_address>0x120fa</load_address>
         <run_address>0x120fa</run_address>
         <size>0x20</size>
         <input_file_ref idref="fl-4"/>
      </object_component>
      <object_component id="oc-77c">
         <name>.text:strchr</name>
         <load_address>0x1211a</load_address>
         <run_address>0x1211a</run_address>
         <size>0x1c</size>
         <input_file_ref idref="fl-82"/>
      </object_component>
      <object_component id="oc-799">
         <name>.text:strcmp</name>
         <load_address>0x12136</load_address>
         <run_address>0x12136</run_address>
         <size>0x1c</size>
         <input_file_ref idref="fl-83"/>
      </object_component>
      <object_component id="oc-5a9">
         <name>.text:_abort_msg</name>
         <load_address>0x12152</load_address>
         <run_address>0x12152</run_address>
         <size>0x1a</size>
         <input_file_ref idref="fl-63"/>
      </object_component>
      <object_component id="oc-52f">
         <name>.text</name>
         <load_address>0x1216c</load_address>
         <run_address>0x1216c</run_address>
         <size>0x18</size>
         <input_file_ref idref="fl-58"/>
      </object_component>
      <object_component id="oc-4f3">
         <name>.text:_ZN8Cribbage6PlayerC1Ev</name>
         <load_address>0x12184</load_address>
         <run_address>0x12184</run_address>
         <size>0x16</size>
         <input_file_ref idref="fl-4"/>
      </object_component>
      <object_component id="oc-66a">
         <name>.text:memchr</name>
         <load_address>0x1219a</load_address>
         <run_address>0x1219a</run_address>
         <size>0x16</size>
         <input_file_ref idref="fl-7b"/>
      </object_component>
      <object_component id="oc-40c">
         <name>.text:memcpy</name>
         <load_address>0x121b0</load_address>
         <run_address>0x121b0</run_address>
         <size>0x14</size>
         <input_file_ref idref="fl-7c"/>
      </object_component>
      <object_component id="oc-56a">
         <name>.text:__mspabi_fixdu</name>
         <load_address>0x121c4</load_address>
         <run_address>0x121c4</run_address>
         <size>0x12</size>
         <input_file_ref idref="fl-53"/>
      </object_component>
      <object_component id="oc-76">
         <name>.text:decompress:none:__TI_decompress_none</name>
         <load_address>0x121d6</load_address>
         <run_address>0x121d6</run_address>
         <size>0x12</size>
         <input_file_ref idref="fl-2f"/>
      </object_component>
      <object_component id="oc-75f">
         <name>.text:strcpy</name>
         <load_address>0x121e8</load_address>
         <run_address>0x121e8</run_address>
         <size>0x12</size>
         <input_file_ref idref="fl-84"/>
      </object_component>
      <object_component id="oc-63d">
         <name>.text:l_lsr</name>
         <load_address>0x121fa</load_address>
         <run_address>0x121fa</run_address>
         <size>0x10</size>
         <input_file_ref idref="fl-61"/>
      </object_component>
      <object_component id="oc-664">
         <name>.text:strlen</name>
         <load_address>0x1220a</load_address>
         <run_address>0x1220a</run_address>
         <size>0xe</size>
         <input_file_ref idref="fl-85"/>
      </object_component>
      <object_component id="oc-4e3">
         <name>.text:_ZN2IO8InputPin4readEv</name>
         <load_address>0x12218</load_address>
         <run_address>0x12218</run_address>
         <size>0xc</size>
         <input_file_ref idref="fl-3"/>
      </object_component>
      <object_component id="oc-5b2">
         <name>.text</name>
         <load_address>0x12224</load_address>
         <run_address>0x12224</run_address>
         <size>0xa</size>
         <input_file_ref idref="fl-5e"/>
      </object_component>
      <object_component id="oc-460">
         <name>.text:abort</name>
         <load_address>0x1222e</load_address>
         <run_address>0x1222e</run_address>
         <size>0x6</size>
         <input_file_ref idref="fl-6d"/>
      </object_component>
      <object_component id="oc-7c">
         <name>.text:decompress:rle24:__TI_decompress_rle24</name>
         <load_address>0x12234</load_address>
         <run_address>0x12234</run_address>
         <size>0x6</size>
         <input_file_ref idref="fl-30"/>
      </object_component>
      <object_component id="oc-438">
         <name>.text:_system_pre_init</name>
         <load_address>0x1223a</load_address>
         <run_address>0x1223a</run_address>
         <size>0x4</size>
         <input_file_ref idref="fl-6c"/>
      </object_component>
      <object_component id="oc-64d">
         <name>.text:_Z21__default_new_handlerv</name>
         <load_address>0x1223e</load_address>
         <run_address>0x1223e</run_address>
         <size>0x2</size>
         <input_file_ref idref="fl-50"/>
      </object_component>
      <object_component id="oc-54c">
         <name>.text:_nop</name>
         <load_address>0x12240</load_address>
         <run_address>0x12240</run_address>
         <size>0x2</size>
         <input_file_ref idref="fl-6f"/>
      </object_component>
      <object_component id="oc-4b6">
         <name>.text:_system_post_cinit</name>
         <load_address>0x12242</load_address>
         <run_address>0x12242</run_address>
         <size>0x2</size>
         <input_file_ref idref="fl-6b"/>
      </object_component>
      <object_component id="oc-4f0">
         <name>.bss:players_g</name>
         <uninitialized>true</uninitialized>
         <run_address>0x1f50</run_address>
         <size>0x10</size>
         <input_file_ref idref="fl-4"/>
      </object_component>
      <object_component id="oc-494">
         <name>.bss:UP</name>
         <uninitialized>true</uninitialized>
         <run_address>0x1f30</run_address>
         <size>0x20</size>
         <input_file_ref idref="fl-6"/>
      </object_component>
      <object_component id="oc-49d">
         <name>.bss:DOWN</name>
         <uninitialized>true</uninitialized>
         <run_address>0x1eb0</run_address>
         <size>0x20</size>
         <input_file_ref idref="fl-6"/>
      </object_component>
      <object_component id="oc-4a0">
         <name>.bss:RIGHT</name>
         <uninitialized>true</uninitialized>
         <run_address>0x1f10</run_address>
         <size>0x20</size>
         <input_file_ref idref="fl-6"/>
      </object_component>
      <object_component id="oc-4a3">
         <name>.bss:LEFT</name>
         <uninitialized>true</uninitialized>
         <run_address>0x1ef0</run_address>
         <size>0x20</size>
         <input_file_ref idref="fl-6"/>
      </object_component>
      <object_component id="oc-4a6">
         <name>.bss:BACK</name>
         <uninitialized>true</uninitialized>
         <run_address>0x1e90</run_address>
         <size>0x20</size>
         <input_file_ref idref="fl-6"/>
      </object_component>
      <object_component id="oc-4a9">
         <name>.bss:ENTER</name>
         <uninitialized>true</uninitialized>
         <run_address>0x1ed0</run_address>
         <size>0x20</size>
         <input_file_ref idref="fl-6"/>
      </object_component>
      <object_component id="oc-69c">
         <name>.bss</name>
         <uninitialized>true</uninitialized>
         <run_address>0x1f60</run_address>
         <size>0xa</size>
         <input_file_ref idref="fl-74"/>
      </object_component>
      <object_component id="oc-749">
         <name>.bss:parmbuf</name>
         <uninitialized>true</uninitialized>
         <run_address>0x1f6a</run_address>
         <size>0x8</size>
         <input_file_ref idref="fl-77"/>
      </object_component>
      <object_component id="oc-574">
         <name>.common:_ZN8Cribbage2UPE</name>
         <uninitialized>true</uninitialized>
         <run_address>0x1f72</run_address>
         <size>0x4</size>
      </object_component>
      <object_component id="oc-57b">
         <name>.common:_ZN8Cribbage4DOWNE</name>
         <uninitialized>true</uninitialized>
         <run_address>0x1f7a</run_address>
         <size>0x4</size>
      </object_component>
      <object_component id="oc-57d">
         <name>.common:_ZN8Cribbage4LEFTE</name>
         <uninitialized>true</uninitialized>
         <run_address>0x1f7e</run_address>
         <size>0x4</size>
      </object_component>
      <object_component id="oc-57c">
         <name>.common:_ZN8Cribbage5RIGHTE</name>
         <uninitialized>true</uninitialized>
         <run_address>0x1f86</run_address>
         <size>0x4</size>
      </object_component>
      <object_component id="oc-57e">
         <name>.common:_ZN8Cribbage4BACKE</name>
         <uninitialized>true</uninitialized>
         <run_address>0x1f76</run_address>
         <size>0x4</size>
      </object_component>
      <object_component id="oc-57f">
         <name>.common:_ZN8Cribbage5ENTERE</name>
         <uninitialized>true</uninitialized>
         <run_address>0x1f82</run_address>
         <size>0x4</size>
      </object_component>
      <object_component id="oc-740">
         <name>.common:__TI_tmpnams</name>
         <uninitialized>true</uninitialized>
         <run_address>0x1df0</run_address>
         <size>0xa0</size>
      </object_component>
      <object_component id="oc-5af">
         <name>.data:_ZN2IO5PORTSE</name>
         <load_address>0x1d40</load_address>
         <run_address>0x1d40</run_address>
         <size>0x50</size>
         <input_file_ref idref="fl-3"/>
      </object_component>
      <object_component id="oc-58d">
         <name>.data</name>
         <load_address>0x1dee</load_address>
         <run_address>0x1dee</run_address>
         <size>0x1</size>
         <input_file_ref idref="fl-4"/>
      </object_component>
      <object_component id="oc-580">
         <name>.data</name>
         <load_address>0x1dcc</load_address>
         <run_address>0x1dcc</run_address>
         <size>0x8</size>
         <input_file_ref idref="fl-6"/>
      </object_component>
      <object_component id="oc-60d">
         <name>.data:_ftable</name>
         <load_address>0x1c00</load_address>
         <run_address>0x1c00</run_address>
         <size>0xc8</size>
         <input_file_ref idref="fl-69"/>
      </object_component>
      <object_component id="oc-67e">
         <name>.data</name>
         <load_address>0x1de8</load_address>
         <run_address>0x1de8</run_address>
         <size>0x2</size>
         <input_file_ref idref="fl-69"/>
      </object_component>
      <object_component id="oc-64a">
         <name>.data</name>
         <load_address>0x1de4</load_address>
         <run_address>0x1de4</run_address>
         <size>0x4</size>
         <input_file_ref idref="fl-6a"/>
      </object_component>
      <object_component id="oc-4c5">
         <name>.data</name>
         <load_address>0x1dea</load_address>
         <run_address>0x1dea</run_address>
         <size>0x2</size>
         <input_file_ref idref="fl-6d"/>
      </object_component>
      <object_component id="oc-4ce">
         <name>.data:__TI_cleanup_ptr</name>
         <load_address>0x1dd4</load_address>
         <run_address>0x1dd4</run_address>
         <size>0x4</size>
         <input_file_ref idref="fl-6e"/>
      </object_component>
      <object_component id="oc-4cb">
         <name>.data:__TI_dtors_ptr</name>
         <load_address>0x1dd8</load_address>
         <run_address>0x1dd8</run_address>
         <size>0x4</size>
         <input_file_ref idref="fl-6e"/>
      </object_component>
      <object_component id="oc-4c8">
         <name>.data:_lock</name>
         <load_address>0x1ddc</load_address>
         <run_address>0x1ddc</run_address>
         <size>0x4</size>
         <input_file_ref idref="fl-6f"/>
      </object_component>
      <object_component id="oc-4d1">
         <name>.data:_unlock</name>
         <load_address>0x1de0</load_address>
         <run_address>0x1de0</run_address>
         <size>0x4</size>
         <input_file_ref idref="fl-6f"/>
      </object_component>
      <object_component id="oc-693">
         <name>.data</name>
         <load_address>0x1dec</load_address>
         <run_address>0x1dec</run_address>
         <size>0x2</size>
         <input_file_ref idref="fl-74"/>
      </object_component>
      <object_component id="oc-6eb">
         <name>.data:_device</name>
         <load_address>0x1cc8</load_address>
         <run_address>0x1cc8</run_address>
         <size>0x78</size>
         <input_file_ref idref="fl-76"/>
      </object_component>
      <object_component id="oc-6ba">
         <name>.data:_stream</name>
         <load_address>0x1d90</load_address>
         <run_address>0x1d90</run_address>
         <size>0x3c</size>
         <input_file_ref idref="fl-76"/>
      </object_component>
      <object_component id="oc-405">
         <name>.stack</name>
         <uninitialized>true</uninitialized>
         <run_address>0x2360</run_address>
         <size>0x4</size>
         <input_file_ref idref="fl-64"/>
      </object_component>
      <object_component id="oc-813">
         <name>.stack</name>
         <uninitialized>true</uninitialized>
         <run_address>0x2360</run_address>
         <size>0x0</size>
      </object_component>
      <object_component id="oc-82">
         <name>.int30</name>
         <load_address>0xffcc</load_address>
         <run_address>0xffcc</run_address>
         <size>0x2</size>
         <input_file_ref idref="fl-31"/>
      </object_component>
      <object_component id="oc-83">
         <name>.int31</name>
         <load_address>0xffce</load_address>
         <run_address>0xffce</run_address>
         <size>0x2</size>
         <input_file_ref idref="fl-33"/>
      </object_component>
      <object_component id="oc-84">
         <name>.int32</name>
         <load_address>0xffd0</load_address>
         <run_address>0xffd0</run_address>
         <size>0x2</size>
         <input_file_ref idref="fl-34"/>
      </object_component>
      <object_component id="oc-85">
         <name>.int33</name>
         <load_address>0xffd2</load_address>
         <run_address>0xffd2</run_address>
         <size>0x2</size>
         <input_file_ref idref="fl-35"/>
      </object_component>
      <object_component id="oc-86">
         <name>.int34</name>
         <load_address>0xffd4</load_address>
         <run_address>0xffd4</run_address>
         <size>0x2</size>
         <input_file_ref idref="fl-36"/>
      </object_component>
      <object_component id="oc-87">
         <name>.int35</name>
         <load_address>0xffd6</load_address>
         <run_address>0xffd6</run_address>
         <size>0x2</size>
         <input_file_ref idref="fl-37"/>
      </object_component>
      <object_component id="oc-88">
         <name>.int36</name>
         <load_address>0xffd8</load_address>
         <run_address>0xffd8</run_address>
         <size>0x2</size>
         <input_file_ref idref="fl-38"/>
      </object_component>
      <object_component id="oc-89">
         <name>.int37</name>
         <load_address>0xffda</load_address>
         <run_address>0xffda</run_address>
         <size>0x2</size>
         <input_file_ref idref="fl-39"/>
      </object_component>
      <object_component id="oc-8a">
         <name>.int38</name>
         <load_address>0xffdc</load_address>
         <run_address>0xffdc</run_address>
         <size>0x2</size>
         <input_file_ref idref="fl-3a"/>
      </object_component>
      <object_component id="oc-8b">
         <name>.int39</name>
         <load_address>0xffde</load_address>
         <run_address>0xffde</run_address>
         <size>0x2</size>
         <input_file_ref idref="fl-3b"/>
      </object_component>
      <object_component id="oc-8c">
         <name>.int40</name>
         <load_address>0xffe0</load_address>
         <run_address>0xffe0</run_address>
         <size>0x2</size>
         <input_file_ref idref="fl-3c"/>
      </object_component>
      <object_component id="oc-8d">
         <name>.int41</name>
         <load_address>0xffe2</load_address>
         <run_address>0xffe2</run_address>
         <size>0x2</size>
         <input_file_ref idref="fl-3d"/>
      </object_component>
      <object_component id="oc-8e">
         <name>.int42</name>
         <load_address>0xffe4</load_address>
         <run_address>0xffe4</run_address>
         <size>0x2</size>
         <input_file_ref idref="fl-3e"/>
      </object_component>
      <object_component id="oc-8f">
         <name>.int43</name>
         <load_address>0xffe6</load_address>
         <run_address>0xffe6</run_address>
         <size>0x2</size>
         <input_file_ref idref="fl-3f"/>
      </object_component>
      <object_component id="oc-90">
         <name>.int44</name>
         <load_address>0xffe8</load_address>
         <run_address>0xffe8</run_address>
         <size>0x2</size>
         <input_file_ref idref="fl-6"/>
      </object_component>
      <object_component id="oc-91">
         <name>.int45</name>
         <load_address>0xffea</load_address>
         <run_address>0xffea</run_address>
         <size>0x2</size>
         <input_file_ref idref="fl-6"/>
      </object_component>
      <object_component id="oc-92">
         <name>.int46</name>
         <load_address>0xffec</load_address>
         <run_address>0xffec</run_address>
         <size>0x2</size>
         <input_file_ref idref="fl-40"/>
      </object_component>
      <object_component id="oc-93">
         <name>.int47</name>
         <load_address>0xffee</load_address>
         <run_address>0xffee</run_address>
         <size>0x2</size>
         <input_file_ref idref="fl-41"/>
      </object_component>
      <object_component id="oc-94">
         <name>.int48</name>
         <load_address>0xfff0</load_address>
         <run_address>0xfff0</run_address>
         <size>0x2</size>
         <input_file_ref idref="fl-42"/>
      </object_component>
      <object_component id="oc-95">
         <name>.int49</name>
         <load_address>0xfff2</load_address>
         <run_address>0xfff2</run_address>
         <size>0x2</size>
         <input_file_ref idref="fl-43"/>
      </object_component>
      <object_component id="oc-96">
         <name>.int50</name>
         <load_address>0xfff4</load_address>
         <run_address>0xfff4</run_address>
         <size>0x2</size>
         <input_file_ref idref="fl-44"/>
      </object_component>
      <object_component id="oc-97">
         <name>.int51</name>
         <load_address>0xfff6</load_address>
         <run_address>0xfff6</run_address>
         <size>0x2</size>
         <input_file_ref idref="fl-45"/>
      </object_component>
      <object_component id="oc-98">
         <name>.int52</name>
         <load_address>0xfff8</load_address>
         <run_address>0xfff8</run_address>
         <size>0x2</size>
         <input_file_ref idref="fl-46"/>
      </object_component>
      <object_component id="oc-99">
         <name>.int53</name>
         <load_address>0xfffa</load_address>
         <run_address>0xfffa</run_address>
         <size>0x2</size>
         <input_file_ref idref="fl-47"/>
      </object_component>
      <object_component id="oc-9a">
         <name>.int54</name>
         <load_address>0xfffc</load_address>
         <run_address>0xfffc</run_address>
         <size>0x2</size>
         <input_file_ref idref="fl-48"/>
      </object_component>
      <object_component id="oc-408">
         <name>.reset</name>
         <load_address>0xfffe</load_address>
         <run_address>0xfffe</run_address>
         <size>0x2</size>
         <input_file_ref idref="fl-64"/>
      </object_component>
      <object_component id="oc-578">
         <name>.debug_info</name>
         <load_address>0x0</load_address>
         <run_address>0x0</run_address>
         <size>0x6ad</size>
         <input_file_ref idref="fl-2"/>
      </object_component>
      <object_component id="oc-591">
         <name>.debug_info</name>
         <load_address>0x6ad</load_address>
         <run_address>0x6ad</run_address>
         <size>0x7eb</size>
         <input_file_ref idref="fl-2"/>
      </object_component>
      <object_component id="oc-512">
         <name>.debug_info</name>
         <load_address>0xe98</load_address>
         <run_address>0xe98</run_address>
         <size>0x347</size>
         <input_file_ref idref="fl-2"/>
      </object_component>
      <object_component id="oc-4ea">
         <name>.debug_info</name>
         <load_address>0x11df</load_address>
         <run_address>0x11df</run_address>
         <size>0x8b</size>
         <input_file_ref idref="fl-2"/>
      </object_component>
      <object_component id="oc-523">
         <name>.debug_info</name>
         <load_address>0x126a</load_address>
         <run_address>0x126a</run_address>
         <size>0x4bb</size>
         <input_file_ref idref="fl-3"/>
      </object_component>
      <object_component id="oc-5b0">
         <name>.debug_info</name>
         <load_address>0x1725</load_address>
         <run_address>0x1725</run_address>
         <size>0xdc</size>
         <input_file_ref idref="fl-3"/>
      </object_component>
      <object_component id="oc-501">
         <name>.debug_info</name>
         <load_address>0x1801</load_address>
         <run_address>0x1801</run_address>
         <size>0x237</size>
         <input_file_ref idref="fl-3"/>
      </object_component>
      <object_component id="oc-5f2">
         <name>.debug_info</name>
         <load_address>0x1a38</load_address>
         <run_address>0x1a38</run_address>
         <size>0x143</size>
         <input_file_ref idref="fl-3"/>
      </object_component>
      <object_component id="oc-584">
         <name>.debug_info</name>
         <load_address>0x1b7b</load_address>
         <run_address>0x1b7b</run_address>
         <size>0x2e5</size>
         <input_file_ref idref="fl-3"/>
      </object_component>
      <object_component id="oc-4e4">
         <name>.debug_info</name>
         <load_address>0x1e60</load_address>
         <run_address>0x1e60</run_address>
         <size>0x15e</size>
         <input_file_ref idref="fl-3"/>
      </object_component>
      <object_component id="oc-498">
         <name>.debug_info</name>
         <load_address>0x1fbe</load_address>
         <run_address>0x1fbe</run_address>
         <size>0x16c</size>
         <input_file_ref idref="fl-3"/>
      </object_component>
      <object_component id="oc-518">
         <name>.debug_info</name>
         <load_address>0x212a</load_address>
         <run_address>0x212a</run_address>
         <size>0x15c</size>
         <input_file_ref idref="fl-3"/>
      </object_component>
      <object_component id="oc-51e">
         <name>.debug_info</name>
         <load_address>0x2286</load_address>
         <run_address>0x2286</run_address>
         <size>0x347</size>
         <input_file_ref idref="fl-3"/>
      </object_component>
      <object_component id="oc-575">
         <name>.debug_info</name>
         <load_address>0x25cd</load_address>
         <run_address>0x25cd</run_address>
         <size>0xc8b</size>
         <input_file_ref idref="fl-4"/>
      </object_component>
      <object_component id="oc-4f1">
         <name>.debug_info</name>
         <load_address>0x3258</load_address>
         <run_address>0x3258</run_address>
         <size>0xdb</size>
         <input_file_ref idref="fl-4"/>
      </object_component>
      <object_component id="oc-58e">
         <name>.debug_info</name>
         <load_address>0x3333</load_address>
         <run_address>0x3333</run_address>
         <size>0x109</size>
         <input_file_ref idref="fl-4"/>
      </object_component>
      <object_component id="oc-4f4">
         <name>.debug_info</name>
         <load_address>0x343c</load_address>
         <run_address>0x343c</run_address>
         <size>0x14f</size>
         <input_file_ref idref="fl-4"/>
      </object_component>
      <object_component id="oc-46d">
         <name>.debug_info</name>
         <load_address>0x358b</load_address>
         <run_address>0x358b</run_address>
         <size>0x13b</size>
         <input_file_ref idref="fl-4"/>
      </object_component>
      <object_component id="oc-571">
         <name>.debug_info</name>
         <load_address>0x36c6</load_address>
         <run_address>0x36c6</run_address>
         <size>0xa2b</size>
         <input_file_ref idref="fl-6"/>
      </object_component>
      <object_component id="oc-495">
         <name>.debug_info</name>
         <load_address>0x40f1</load_address>
         <run_address>0x40f1</run_address>
         <size>0xc2</size>
         <input_file_ref idref="fl-6"/>
      </object_component>
      <object_component id="oc-49e">
         <name>.debug_info</name>
         <load_address>0x41b3</load_address>
         <run_address>0x41b3</run_address>
         <size>0xc6</size>
         <input_file_ref idref="fl-6"/>
      </object_component>
      <object_component id="oc-4a1">
         <name>.debug_info</name>
         <load_address>0x4279</load_address>
         <run_address>0x4279</run_address>
         <size>0xc8</size>
         <input_file_ref idref="fl-6"/>
      </object_component>
      <object_component id="oc-4a4">
         <name>.debug_info</name>
         <load_address>0x4341</load_address>
         <run_address>0x4341</run_address>
         <size>0xc6</size>
         <input_file_ref idref="fl-6"/>
      </object_component>
      <object_component id="oc-4a7">
         <name>.debug_info</name>
         <load_address>0x4407</load_address>
         <run_address>0x4407</run_address>
         <size>0xc6</size>
         <input_file_ref idref="fl-6"/>
      </object_component>
      <object_component id="oc-4aa">
         <name>.debug_info</name>
         <load_address>0x44cd</load_address>
         <run_address>0x44cd</run_address>
         <size>0xc8</size>
         <input_file_ref idref="fl-6"/>
      </object_component>
      <object_component id="oc-581">
         <name>.debug_info</name>
         <load_address>0x4595</load_address>
         <run_address>0x4595</run_address>
         <size>0xce</size>
         <input_file_ref idref="fl-6"/>
      </object_component>
      <object_component id="oc-459">
         <name>.debug_info</name>
         <load_address>0x4663</load_address>
         <run_address>0x4663</run_address>
         <size>0x157</size>
         <input_file_ref idref="fl-6"/>
      </object_component>
      <object_component id="oc-4d8">
         <name>.debug_info</name>
         <load_address>0x47ba</load_address>
         <run_address>0x47ba</run_address>
         <size>0x180</size>
         <input_file_ref idref="fl-6"/>
      </object_component>
      <object_component id="oc-4de">
         <name>.debug_info</name>
         <load_address>0x493a</load_address>
         <run_address>0x493a</run_address>
         <size>0x1c2</size>
         <input_file_ref idref="fl-6"/>
      </object_component>
      <object_component id="oc-42c">
         <name>.debug_info</name>
         <load_address>0x4afc</load_address>
         <run_address>0x4afc</run_address>
         <size>0x1c5</size>
         <input_file_ref idref="fl-6"/>
      </object_component>
      <object_component id="oc-473">
         <name>.debug_info</name>
         <load_address>0x4cc1</load_address>
         <run_address>0x4cc1</run_address>
         <size>0x20b</size>
         <input_file_ref idref="fl-6"/>
      </object_component>
      <object_component id="oc-47a">
         <name>.debug_info</name>
         <load_address>0x4ecc</load_address>
         <run_address>0x4ecc</run_address>
         <size>0x84</size>
         <input_file_ref idref="fl-2e"/>
      </object_component>
      <object_component id="oc-418">
         <name>.debug_info</name>
         <load_address>0x4f50</load_address>
         <run_address>0x4f50</run_address>
         <size>0x1c7</size>
         <input_file_ref idref="fl-2f"/>
      </object_component>
      <object_component id="oc-7a">
         <name>.debug_info</name>
         <load_address>0x5117</load_address>
         <run_address>0x5117</run_address>
         <size>0x1c9</size>
         <input_file_ref idref="fl-2f"/>
      </object_component>
      <object_component id="oc-413">
         <name>.debug_info</name>
         <load_address>0x52e0</load_address>
         <run_address>0x52e0</run_address>
         <size>0x46</size>
         <input_file_ref idref="fl-2f"/>
      </object_component>
      <object_component id="oc-48b">
         <name>.debug_info</name>
         <load_address>0x5326</load_address>
         <run_address>0x5326</run_address>
         <size>0x2c</size>
         <input_file_ref idref="fl-2f"/>
      </object_component>
      <object_component id="oc-420">
         <name>.debug_info</name>
         <load_address>0x5352</load_address>
         <run_address>0x5352</run_address>
         <size>0x184</size>
         <input_file_ref idref="fl-30"/>
      </object_component>
      <object_component id="oc-41d">
         <name>.debug_info</name>
         <load_address>0x54d6</load_address>
         <run_address>0x54d6</run_address>
         <size>0x23b</size>
         <input_file_ref idref="fl-30"/>
      </object_component>
      <object_component id="oc-80">
         <name>.debug_info</name>
         <load_address>0x5711</load_address>
         <run_address>0x5711</run_address>
         <size>0x1b2</size>
         <input_file_ref idref="fl-30"/>
      </object_component>
      <object_component id="oc-421">
         <name>.debug_info</name>
         <load_address>0x58c3</load_address>
         <run_address>0x58c3</run_address>
         <size>0x39</size>
         <input_file_ref idref="fl-30"/>
      </object_component>
      <object_component id="oc-429">
         <name>.debug_info</name>
         <load_address>0x58fc</load_address>
         <run_address>0x58fc</run_address>
         <size>0x108</size>
         <input_file_ref idref="fl-32"/>
      </object_component>
      <object_component id="oc-59d">
         <name>.debug_info</name>
         <load_address>0x5a04</load_address>
         <run_address>0x5a04</run_address>
         <size>0x262</size>
         <input_file_ref idref="fl-4c"/>
      </object_component>
      <object_component id="oc-59a">
         <name>.debug_info</name>
         <load_address>0x5c66</load_address>
         <run_address>0x5c66</run_address>
         <size>0x412</size>
         <input_file_ref idref="fl-4c"/>
      </object_component>
      <object_component id="oc-4fd">
         <name>.debug_info</name>
         <load_address>0x6078</load_address>
         <run_address>0x6078</run_address>
         <size>0x25b</size>
         <input_file_ref idref="fl-4c"/>
      </object_component>
      <object_component id="oc-5a3">
         <name>.debug_info</name>
         <load_address>0x62d3</load_address>
         <run_address>0x62d3</run_address>
         <size>0x87</size>
         <input_file_ref idref="fl-4c"/>
      </object_component>
      <object_component id="oc-601">
         <name>.debug_info</name>
         <load_address>0x635a</load_address>
         <run_address>0x635a</run_address>
         <size>0x2c</size>
         <input_file_ref idref="fl-4c"/>
      </object_component>
      <object_component id="oc-59e">
         <name>.debug_info</name>
         <load_address>0x6386</load_address>
         <run_address>0x6386</run_address>
         <size>0x2c</size>
         <input_file_ref idref="fl-4c"/>
      </object_component>
      <object_component id="oc-608">
         <name>.debug_info</name>
         <load_address>0x63b2</load_address>
         <run_address>0x63b2</run_address>
         <size>0x39</size>
         <input_file_ref idref="fl-4c"/>
      </object_component>
      <object_component id="oc-654">
         <name>.debug_info</name>
         <load_address>0x63eb</load_address>
         <run_address>0x63eb</run_address>
         <size>0x1d8</size>
         <input_file_ref idref="fl-4f"/>
      </object_component>
      <object_component id="oc-5fe">
         <name>.debug_info</name>
         <load_address>0x65c3</load_address>
         <run_address>0x65c3</run_address>
         <size>0x199</size>
         <input_file_ref idref="fl-4f"/>
      </object_component>
      <object_component id="oc-655">
         <name>.debug_info</name>
         <load_address>0x675c</load_address>
         <run_address>0x675c</run_address>
         <size>0x2c</size>
         <input_file_ref idref="fl-4f"/>
      </object_component>
      <object_component id="oc-651">
         <name>.debug_info</name>
         <load_address>0x6788</load_address>
         <run_address>0x6788</run_address>
         <size>0x160</size>
         <input_file_ref idref="fl-50"/>
      </object_component>
      <object_component id="oc-5e1">
         <name>.debug_info</name>
         <load_address>0x68e8</load_address>
         <run_address>0x68e8</run_address>
         <size>0x207</size>
         <input_file_ref idref="fl-51"/>
      </object_component>
      <object_component id="oc-568">
         <name>.debug_info</name>
         <load_address>0x6aef</load_address>
         <run_address>0x6aef</run_address>
         <size>0x248</size>
         <input_file_ref idref="fl-51"/>
      </object_component>
      <object_component id="oc-5d5">
         <name>.debug_info</name>
         <load_address>0x6d37</load_address>
         <run_address>0x6d37</run_address>
         <size>0x94</size>
         <input_file_ref idref="fl-51"/>
      </object_component>
      <object_component id="oc-63a">
         <name>.debug_info</name>
         <load_address>0x6dcb</load_address>
         <run_address>0x6dcb</run_address>
         <size>0x1dc</size>
         <input_file_ref idref="fl-52"/>
      </object_component>
      <object_component id="oc-5de">
         <name>.debug_info</name>
         <load_address>0x6fa7</load_address>
         <run_address>0x6fa7</run_address>
         <size>0x5f9</size>
         <input_file_ref idref="fl-52"/>
      </object_component>
      <object_component id="oc-56e">
         <name>.debug_info</name>
         <load_address>0x75a0</load_address>
         <run_address>0x75a0</run_address>
         <size>0x16c</size>
         <input_file_ref idref="fl-53"/>
      </object_component>
      <object_component id="oc-5e6">
         <name>.debug_info</name>
         <load_address>0x770c</load_address>
         <run_address>0x770c</run_address>
         <size>0x1a6</size>
         <input_file_ref idref="fl-54"/>
      </object_component>
      <object_component id="oc-5d4">
         <name>.debug_info</name>
         <load_address>0x78b2</load_address>
         <run_address>0x78b2</run_address>
         <size>0x207</size>
         <input_file_ref idref="fl-55"/>
      </object_component>
      <object_component id="oc-561">
         <name>.debug_info</name>
         <load_address>0x7ab9</load_address>
         <run_address>0x7ab9</run_address>
         <size>0x259</size>
         <input_file_ref idref="fl-55"/>
      </object_component>
      <object_component id="oc-636">
         <name>.debug_info</name>
         <load_address>0x7d12</load_address>
         <run_address>0x7d12</run_address>
         <size>0x1f8</size>
         <input_file_ref idref="fl-56"/>
      </object_component>
      <object_component id="oc-5cf">
         <name>.debug_info</name>
         <load_address>0x7f0a</load_address>
         <run_address>0x7f0a</run_address>
         <size>0x35f</size>
         <input_file_ref idref="fl-56"/>
      </object_component>
      <object_component id="oc-530">
         <name>.debug_info</name>
         <load_address>0x8269</load_address>
         <run_address>0x8269</run_address>
         <size>0x129</size>
         <input_file_ref idref="fl-58"/>
      </object_component>
      <object_component id="oc-629">
         <name>.debug_info</name>
         <load_address>0x8392</load_address>
         <run_address>0x8392</run_address>
         <size>0x129</size>
         <input_file_ref idref="fl-5a"/>
      </object_component>
      <object_component id="oc-5b5">
         <name>.debug_info</name>
         <load_address>0x84bb</load_address>
         <run_address>0x84bb</run_address>
         <size>0x119</size>
         <input_file_ref idref="fl-5e"/>
      </object_component>
      <object_component id="oc-633">
         <name>.debug_info</name>
         <load_address>0x85d4</load_address>
         <run_address>0x85d4</run_address>
         <size>0x11f</size>
         <input_file_ref idref="fl-5f"/>
      </object_component>
      <object_component id="oc-62e">
         <name>.debug_info</name>
         <load_address>0x86f3</load_address>
         <run_address>0x86f3</run_address>
         <size>0x11f</size>
         <input_file_ref idref="fl-60"/>
      </object_component>
      <object_component id="oc-640">
         <name>.debug_info</name>
         <load_address>0x8812</load_address>
         <run_address>0x8812</run_address>
         <size>0x119</size>
         <input_file_ref idref="fl-61"/>
      </object_component>
      <object_component id="oc-624">
         <name>.debug_info</name>
         <load_address>0x892b</load_address>
         <run_address>0x892b</run_address>
         <size>0x11f</size>
         <input_file_ref idref="fl-61"/>
      </object_component>
      <object_component id="oc-61d">
         <name>.debug_info</name>
         <load_address>0x8a4a</load_address>
         <run_address>0x8a4a</run_address>
         <size>0x1f4</size>
         <input_file_ref idref="fl-63"/>
      </object_component>
      <object_component id="oc-5aa">
         <name>.debug_info</name>
         <load_address>0x8c3e</load_address>
         <run_address>0x8c3e</run_address>
         <size>0x16d</size>
         <input_file_ref idref="fl-63"/>
      </object_component>
      <object_component id="oc-685">
         <name>.debug_info</name>
         <load_address>0x8dab</load_address>
         <run_address>0x8dab</run_address>
         <size>0xae</size>
         <input_file_ref idref="fl-63"/>
      </object_component>
      <object_component id="oc-406">
         <name>.debug_info</name>
         <load_address>0x8e59</load_address>
         <run_address>0x8e59</run_address>
         <size>0xf6</size>
         <input_file_ref idref="fl-64"/>
      </object_component>
      <object_component id="oc-4bd">
         <name>.debug_info</name>
         <load_address>0x8f4f</load_address>
         <run_address>0x8f4f</run_address>
         <size>0x3f6</size>
         <input_file_ref idref="fl-66"/>
      </object_component>
      <object_component id="oc-43f">
         <name>.debug_info</name>
         <load_address>0x9345</load_address>
         <run_address>0x9345</run_address>
         <size>0x21f</size>
         <input_file_ref idref="fl-66"/>
      </object_component>
      <object_component id="oc-539">
         <name>.debug_info</name>
         <load_address>0x9564</load_address>
         <run_address>0x9564</run_address>
         <size>0x39</size>
         <input_file_ref idref="fl-66"/>
      </object_component>
      <object_component id="oc-4be">
         <name>.debug_info</name>
         <load_address>0x959d</load_address>
         <run_address>0x959d</run_address>
         <size>0x2c</size>
         <input_file_ref idref="fl-66"/>
      </object_component>
      <object_component id="oc-53e">
[...]
         <name>__TI_int43</name>
         <value>0xffe6</value>
         <object_component_ref idref="oc-8f"/>
      </symbol>
      <symbol id="sm-503">
         <name>__TI_int46</name>
         <value>0xffec</value>
         <object_component_ref idref="oc-92"/>
      </symbol>
      <symbol id="sm-506">
         <name>__TI_int47</name>
         <value>0xffee</value>
         <object_component_ref idref="oc-93"/>
      </symbol>
      <symbol id="sm-509">
         <name>__TI_int48</name>
         <value>0xfff0</value>
         <object_component_ref idref="oc-94"/>
      </symbol>
      <symbol id="sm-50c">
         <name>__TI_int49</name>
         <value>0xfff2</value>
         <object_component_ref idref="oc-95"/>
      </symbol>
      <symbol id="sm-50f">
         <name>__TI_int50</name>
         <value>0xfff4</value>
         <object_component_ref idref="oc-96"/>
      </symbol>
      <symbol id="sm-512">
         <name>__TI_int51</name>
         <value>0xfff6</value>
         <object_component_ref idref="oc-97"/>
      </symbol>
      <symbol id="sm-515">
         <name>__TI_int52</name>
         <value>0xfff8</value>
         <object_component_ref idref="oc-98"/>
      </symbol>
      <symbol id="sm-518">
         <name>__TI_int53</name>
         <value>0xfffa</value>
         <object_component_ref idref="oc-99"/>
      </symbol>
      <symbol id="sm-51b">
         <name>__TI_int54</name>
         <value>0xfffc</value>
         <object_component_ref idref="oc-9a"/>
      </symbol>
      <symbol id="sm-552">
         <name>__cxa_vec_ctor</name>
         <value>0x11eac</value>
         <object_component_ref idref="oc-4f9"/>
      </symbol>
      <symbol id="sm-569">
         <name>_Znwj</name>
         <value>0x11f90</value>
         <object_component_ref idref="oc-5fa"/>
      </symbol>
      <symbol id="sm-572">
         <name>_Z21__default_new_handlerv</name>
         <value>0x1223e</value>
         <object_component_ref idref="oc-64d"/>
      </symbol>
      <symbol id="sm-598">
         <name>__mspabi_divd</name>
         <value>0x10c34</value>
         <object_component_ref idref="oc-564"/>
      </symbol>
      <symbol id="sm-5b3">
         <name>__TI_frcdivd</name>
         <value>0x10000</value>
         <object_component_ref idref="oc-5da"/>
      </symbol>
      <symbol id="sm-5be">
         <name>__mspabi_fixdu</name>
         <value>0x121c4</value>
         <object_component_ref idref="oc-56a"/>
      </symbol>
      <symbol id="sm-5ce">
         <name>__mspabi_fixdul</name>
         <value>0x11a06</value>
         <object_component_ref idref="oc-5e2"/>
      </symbol>
      <symbol id="sm-5ee">
         <name>__mspabi_mpyd</name>
         <value>0x1076a</value>
         <object_component_ref idref="oc-55e"/>
      </symbol>
      <symbol id="sm-5ff">
         <name>__TI_frcmpyd</name>
         <value>0x10486</value>
         <object_component_ref idref="oc-5cd"/>
      </symbol>
      <symbol id="sm-608">
         <name>__mspabi_mpyi_f5hw</name>
         <value>0x1216c</value>
         <object_component_ref idref="oc-52f"/>
      </symbol>
      <symbol id="sm-611">
         <name>__mspabi_mpyl_f5hw</name>
         <value>0x120d6</value>
         <object_component_ref idref="oc-626"/>
      </symbol>
      <symbol id="sm-61d">
         <name>__mspabi_slli</name>
         <value>0x12224</value>
         <object_component_ref idref="oc-5b2"/>
      </symbol>
      <symbol id="sm-625">
         <name>__mspabi_slll_9</name>
         <value>0x11e0a</value>
         <object_component_ref idref="oc-630"/>
      </symbol>
      <symbol id="sm-626">
         <name>__mspabi_slll_8</name>
         <value>0x11e0e</value>
         <object_component_ref idref="oc-630"/>
      </symbol>
      <symbol id="sm-627">
         <name>__mspabi_slll_7</name>
         <value>0x11e12</value>
         <object_component_ref idref="oc-630"/>
      </symbol>
      <symbol id="sm-628">
         <name>__mspabi_slll_6</name>
         <value>0x11e16</value>
         <object_component_ref idref="oc-630"/>
      </symbol>
      <symbol id="sm-629">
         <name>__mspabi_slll_5</name>
         <value>0x11e1a</value>
         <object_component_ref idref="oc-630"/>
      </symbol>
      <symbol id="sm-62a">
         <name>__mspabi_slll_4</name>
         <value>0x11e1e</value>
         <object_component_ref idref="oc-630"/>
      </symbol>
      <symbol id="sm-62b">
         <name>__mspabi_slll_3</name>
         <value>0x11e22</value>
         <object_component_ref idref="oc-630"/>
      </symbol>
      <symbol id="sm-62c">
         <name>__mspabi_slll_2</name>
         <value>0x11e26</value>
         <object_component_ref idref="oc-630"/>
      </symbol>
      <symbol id="sm-62d">
         <name>__mspabi_slll_1</name>
         <value>0x11e2a</value>
         <object_component_ref idref="oc-630"/>
      </symbol>
      <symbol id="sm-62e">
         <name>__mspabi_slll_15</name>
         <value>0x11df2</value>
         <object_component_ref idref="oc-630"/>
      </symbol>
      <symbol id="sm-62f">
         <name>__mspabi_slll_14</name>
         <value>0x11df6</value>
         <object_component_ref idref="oc-630"/>
      </symbol>
      <symbol id="sm-630">
         <name>__mspabi_slll_13</name>
         <value>0x11dfa</value>
         <object_component_ref idref="oc-630"/>
      </symbol>
      <symbol id="sm-631">
         <name>__mspabi_slll_12</name>
         <value>0x11dfe</value>
         <object_component_ref idref="oc-630"/>
      </symbol>
      <symbol id="sm-632">
         <name>__mspabi_slll_11</name>
         <value>0x11e02</value>
         <object_component_ref idref="oc-630"/>
      </symbol>
      <symbol id="sm-633">
         <name>__mspabi_slll_10</name>
         <value>0x11e06</value>
         <object_component_ref idref="oc-630"/>
      </symbol>
      <symbol id="sm-63b">
         <name>__mspabi_sral_15</name>
         <value>0x11db4</value>
         <object_component_ref idref="oc-62b"/>
      </symbol>
      <symbol id="sm-63c">
         <name>__mspabi_sral_14</name>
         <value>0x11db8</value>
         <object_component_ref idref="oc-62b"/>
      </symbol>
      <symbol id="sm-63d">
         <name>__mspabi_sral_13</name>
         <value>0x11dbc</value>
         <object_component_ref idref="oc-62b"/>
      </symbol>
      <symbol id="sm-63e">
         <name>__mspabi_sral_12</name>
         <value>0x11dc0</value>
         <object_component_ref idref="oc-62b"/>
      </symbol>
      <symbol id="sm-63f">
         <name>__mspabi_sral_11</name>
         <value>0x11dc4</value>
         <object_component_ref idref="oc-62b"/>
      </symbol>
      <symbol id="sm-640">
         <name>__mspabi_sral_10</name>
         <value>0x11dc8</value>
         <object_component_ref idref="oc-62b"/>
      </symbol>
      <symbol id="sm-641">
         <name>__mspabi_sral_8</name>
         <value>0x11dd0</value>
         <object_component_ref idref="oc-62b"/>
      </symbol>
      <symbol id="sm-642">
         <name>__mspabi_sral_9</name>
         <value>0x11dcc</value>
         <object_component_ref idref="oc-62b"/>
      </symbol>
      <symbol id="sm-643">
         <name>__mspabi_sral_6</name>
         <value>0x11dd8</value>
         <object_component_ref idref="oc-62b"/>
      </symbol>
      <symbol id="sm-644">
         <name>__mspabi_sral_7</name>
         <value>0x11dd4</value>
         <object_component_ref idref="oc-62b"/>
      </symbol>
      <symbol id="sm-645">
         <name>__mspabi_sral_4</name>
         <value>0x11de0</value>
         <object_component_ref idref="oc-62b"/>
      </symbol>
      <symbol id="sm-646">
         <name>__mspabi_sral_5</name>
         <value>0x11ddc</value>
         <object_component_ref idref="oc-62b"/>
      </symbol>
      <symbol id="sm-647">
         <name>__mspabi_sral_2</name>
         <value>0x11de8</value>
         <object_component_ref idref="oc-62b"/>
      </symbol>
      <symbol id="sm-648">
         <name>__mspabi_sral_3</name>
         <value>0x11de4</value>
         <object_component_ref idref="oc-62b"/>
      </symbol>
      <symbol id="sm-649">
         <name>__mspabi_sral_1</name>
         <value>0x11dec</value>
         <object_component_ref idref="oc-62b"/>
      </symbol>
      <symbol id="sm-659">
         <name>__mspabi_srll_8</name>
         <value>0x11e4c</value>
         <object_component_ref idref="oc-621"/>
      </symbol>
      <symbol id="sm-65a">
         <name>__mspabi_srll_9</name>
         <value>0x11e48</value>
         <object_component_ref idref="oc-621"/>
      </symbol>
      <symbol id="sm-65b">
         <name>__mspabi_srll_6</name>
         <value>0x11e54</value>
         <object_component_ref idref="oc-621"/>
      </symbol>
      <symbol id="sm-65c">
         <name>__mspabi_srll_7</name>
         <value>0x11e50</value>
         <object_component_ref idref="oc-621"/>
      </symbol>
      <symbol id="sm-65d">
         <name>__mspabi_srll_4</name>
         <value>0x11e5c</value>
         <object_component_ref idref="oc-621"/>
      </symbol>
      <symbol id="sm-65e">
         <name>__mspabi_srll_5</name>
         <value>0x11e58</value>
         <object_component_ref idref="oc-621"/>
      </symbol>
      <symbol id="sm-65f">
         <name>__mspabi_srll_2</name>
         <value>0x11e64</value>
         <object_component_ref idref="oc-621"/>
      </symbol>
      <symbol id="sm-660">
         <name>__mspabi_srll_3</name>
         <value>0x11e60</value>
         <object_component_ref idref="oc-621"/>
      </symbol>
      <symbol id="sm-661">
         <name>__mspabi_srll_1</name>
         <value>0x11e68</value>
         <object_component_ref idref="oc-621"/>
      </symbol>
      <symbol id="sm-662">
         <name>__mspabi_srll_15</name>
         <value>0x11e30</value>
         <object_component_ref idref="oc-621"/>
      </symbol>
      <symbol id="sm-663">
         <name>__mspabi_srll_14</name>
         <value>0x11e34</value>
         <object_component_ref idref="oc-621"/>
      </symbol>
      <symbol id="sm-664">
         <name>__mspabi_srll_13</name>
         <value>0x11e38</value>
         <object_component_ref idref="oc-621"/>
      </symbol>
      <symbol id="sm-665">
         <name>__mspabi_srll_12</name>
         <value>0x11e3c</value>
         <object_component_ref idref="oc-621"/>
      </symbol>
      <symbol id="sm-666">
         <name>__mspabi_srll_11</name>
         <value>0x11e40</value>
         <object_component_ref idref="oc-621"/>
      </symbol>
      <symbol id="sm-667">
         <name>__mspabi_srll_10</name>
         <value>0x11e44</value>
         <object_component_ref idref="oc-621"/>
      </symbol>
      <symbol id="sm-668">
         <name>__mspabi_srll</name>
         <value>0x121fa</value>
         <object_component_ref idref="oc-63d"/>
      </symbol>
      <symbol id="sm-67a">
         <name>_abort_msg</name>
         <value>0x12152</value>
         <object_component_ref idref="oc-5a9"/>
      </symbol>
      <symbol id="sm-682">
         <name>_stack</name>
         <value>0x2360</value>
         <object_component_ref idref="oc-405"/>
      </symbol>
      <symbol id="sm-683">
         <name>_reset_vector</name>
         <value>0xfffe</value>
         <object_component_ref idref="oc-408"/>
      </symbol>
      <symbol id="sm-6a6">
         <name>_auto_init_hold_wdt</name>
         <value>0x11440</value>
         <object_component_ref idref="oc-43e"/>
      </symbol>
      <symbol id="sm-6b0">
         <name>_c_int00_noargs_mpu</name>
         <value>0x484c</value>
         <object_component_ref idref="oc-b3"/>
      </symbol>
      <symbol id="sm-6b9">
         <name>__mpu_init</name>
         <value>0x120ae</value>
         <object_component_ref idref="oc-451"/>
      </symbol>
      <symbol id="sm-6c9">
         <name>__TI_tmpnams</name>
         <value>0x1df0</value>
      </symbol>
      <symbol id="sm-6ca">
         <name>_ftable</name>
         <value>0x1c00</value>
         <object_component_ref idref="oc-60d"/>
      </symbol>
      <symbol id="sm-6cb">
         <name>__TI_ft_end</name>
         <value>0x1de8</value>
         <object_component_ref idref="oc-67e"/>
      </symbol>
      <symbol id="sm-6d2">
         <name>_new_handler</name>
         <value>0x1de4</value>
         <object_component_ref idref="oc-64a"/>
      </symbol>
      <symbol id="sm-6db">
         <name>_system_post_cinit</name>
         <value>0x12242</value>
         <object_component_ref idref="oc-4b6"/>
      </symbol>
      <symbol id="sm-6e4">
         <name>_system_pre_init</name>
         <value>0x1223a</value>
         <object_component_ref idref="oc-438"/>
      </symbol>
      <symbol id="sm-701">
         <name>C$$EXIT</name>
         <value>0x1222e</value>
         <object_component_ref idref="oc-460"/>
      </symbol>
      <symbol id="sm-702">
         <name>abort</name>
         <value>0x1222e</value>
         <object_component_ref idref="oc-460"/>
      </symbol>
      <symbol id="sm-703">
         <name>exit</name>
         <value>0x11ce2</value>
         <object_component_ref idref="oc-44a"/>
      </symbol>
      <symbol id="sm-704">
         <name>__TI_enable_exit_profile_output</name>
         <value>0x1dea</value>
         <object_component_ref idref="oc-4c5"/>
      </symbol>
      <symbol id="sm-713">
         <name>__TI_dtors_ptr</name>
         <value>0x1dd8</value>
         <object_component_ref idref="oc-4cb"/>
      </symbol>
      <symbol id="sm-714">
         <name>__TI_cleanup_ptr</name>
         <value>0x1dd4</value>
         <object_component_ref idref="oc-4ce"/>
      </symbol>
      <symbol id="sm-72a">
         <name>_nop</name>
         <value>0x12240</value>
         <object_component_ref idref="oc-54c"/>
      </symbol>
      <symbol id="sm-72b">
         <name>_lock</name>
         <value>0x1ddc</value>
         <object_component_ref idref="oc-4c8"/>
      </symbol>
      <symbol id="sm-72c">
         <name>_unlock</name>
         <value>0x1de0</value>
         <object_component_ref idref="oc-4d1"/>
      </symbol>
      <symbol id="sm-747">
         <name>copy_in</name>
         <value>0x11a6e</value>
         <object_component_ref idref="oc-4b0"/>
      </symbol>
      <symbol id="sm-763">
         <name>__TI_doflush</name>
         <value>0x11ad4</value>
         <object_component_ref idref="oc-670"/>
      </symbol>
      <symbol id="sm-764">
         <name>fflush</name>
         <value>0x11bec</value>
         <object_component_ref idref="oc-616"/>
      </symbol>
      <symbol id="sm-77c">
         <name>fputs</name>
         <value>0x10f48</value>
         <object_component_ref idref="oc-610"/>
      </symbol>
      <symbol id="sm-794">
         <name>__TI_wrt_ok</name>
         <value>0x114c2</value>
         <object_component_ref idref="oc-65e"/>
      </symbol>
      <symbol id="sm-7e3">
         <name>_sys_memory</name>
         <value>0x4520</value>
         <object_component_ref idref="oc-409"/>
      </symbol>
      <symbol id="sm-7e4">
         <name>free</name>
         <value>0x1132e</value>
         <object_component_ref idref="oc-6d2"/>
      </symbol>
      <symbol id="sm-7e5">
         <name>malloc</name>
         <value>0x11118</value>
         <object_component_ref idref="oc-644"/>
      </symbol>
      <symbol id="sm-7e6">
         <name>minit</name>
         <value>0x11d72</value>
         <object_component_ref idref="oc-696"/>
      </symbol>
      <symbol id="sm-7fb">
         <name>fseek</name>
         <value>0x11934</value>
         <object_component_ref idref="oc-6a7"/>
      </symbol>
      <symbol id="sm-853">
         <name>lseek</name>
         <value>0x11e6e</value>
         <object_component_ref idref="oc-6ca"/>
      </symbol>
      <symbol id="sm-854">
         <name>write</name>
         <value>0x11ee8</value>
         <object_component_ref idref="oc-676"/>
      </symbol>
      <symbol id="sm-855">
         <name>close</name>
         <value>0x11b38</value>
         <object_component_ref idref="oc-73a"/>
      </symbol>
      <symbol id="sm-856">
         <name>unlink</name>
         <value>0x12028</value>
         <object_component_ref idref="oc-741"/>
      </symbol>
      <symbol id="sm-895">
         <name>HOSTrename</name>
         <value>0x115b8</value>
         <object_component_ref idref="oc-732"/>
      </symbol>
      <symbol id="sm-896">
         <name>HOSTclose</name>
         <value>0x11c94</value>
         <object_component_ref idref="oc-714"/>
      </symbol>
      <symbol id="sm-897">
         <name>HOSTunlink</name>
         <value>0x11d2c</value>
         <object_component_ref idref="oc-72c"/>
      </symbol>
      <symbol id="sm-898">
         <name>HOSTlseek</name>
         <value>0x111d2</value>
         <object_component_ref idref="oc-726"/>
      </symbol>
      <symbol id="sm-899">
         <name>HOSTopen</name>
         <value>0x11712</value>
         <object_component_ref idref="oc-70e"/>
      </symbol>
      <symbol id="sm-89a">
         <name>HOSTwrite</name>
         <value>0x117f2</value>
         <object_component_ref idref="oc-720"/>
      </symbol>
      <symbol id="sm-89b">
         <name>HOSTread</name>
         <value>0x118ca</value>
         <object_component_ref idref="oc-71a"/>
      </symbol>
      <symbol id="sm-8b9">
         <name>__TI_readmsg</name>
         <value>0x11fc4</value>
         <object_component_ref idref="oc-752"/>
      </symbol>
      <symbol id="sm-8ba">
         <name>C$$IO$$</name>
         <value>0x11f8c</value>
         <object_component_ref idref="oc-74c"/>
      </symbol>
      <symbol id="sm-8bb">
         <name>_CIOBUF_</name>
         <value>0x4400</value>
         <object_component_ref idref="oc-772"/>
      </symbol>
      <symbol id="sm-8bc">
         <name>__TI_writemsg</name>
         <value>0x11f5a</value>
         <object_component_ref idref="oc-74c"/>
      </symbol>
      <symbol id="sm-8cd">
         <name>memchr</name>
         <value>0x1219a</value>
         <object_component_ref idref="oc-66a"/>
      </symbol>
      <symbol id="sm-8db">
         <name>memcpy</name>
         <value>0x121b0</value>
         <object_component_ref idref="oc-40c"/>
      </symbol>
      <symbol id="sm-8f3">
         <name>setvbuf</name>
         <value>0x11038</value>
         <object_component_ref idref="oc-6ad"/>
      </symbol>
      <symbol id="sm-8ff">
         <name>__TI_cleanup</name>
         <value>0x11f24</value>
         <object_component_ref idref="oc-6d8"/>
      </symbol>
      <symbol id="sm-910">
         <name>__TI_closefile</name>
         <value>0x11782</value>
         <object_component_ref idref="oc-705"/>
      </symbol>
      <symbol id="sm-921">
         <name>strchr</name>
         <value>0x1211a</value>
         <object_component_ref idref="oc-77c"/>
      </symbol>
      <symbol id="sm-92f">
         <name>strcmp</name>
         <value>0x12136</value>
         <object_component_ref idref="oc-799"/>
      </symbol>
      <symbol id="sm-93c">
         <name>strcpy</name>
         <value>0x121e8</value>
         <object_component_ref idref="oc-75f"/>
      </symbol>
      <symbol id="sm-949">
         <name>strlen</name>
         <value>0x1220a</value>
         <object_component_ref idref="oc-664"/>
      </symbol>
      <symbol id="sm-959">
         <name>strncpy</name>
         <value>0x11ff6</value>
         <object_component_ref idref="oc-782"/>
      </symbol>
      <symbol id="sm-95e">
         <name>__TI_BINIT_Base</name>
         <value>0x0</value>
      </symbol>
      <symbol id="sm-95f">
         <name>__TI_BINIT_Limit</name>
         <value>0x0</value>
      </symbol>
      <symbol id="sm-960">
         <name>_Znaj</name>
         <value>0x11f90</value>
      </symbol>
      <symbol id="sm-961">
         <name>remove</name>
         <value>0x12028</value>
      </symbol>
   </symbol_table>
   <title>Link successful</title>
</link_info>
