******************************************************************************
                  MSP430 Linker Unix v16.9.0                   
******************************************************************************
>> Linked Fri Feb 17 00:00:35 2017

OUTPUT FILE NAME:   <cribbage_LED.out>
ENTRY POINT SYMBOL: "_c_int00_noargs_mpu"  address: 00004dc4


MEMORY CONFIGURATION

         name            origin    length      used     unused   attr    fill
----------------------  --------  ---------  --------  --------  ----  --------
  SFR                   00000000   00000010  00000000  00000010  RWIX
  PERIPHERALS_8BIT      00000010   000000f0  00000000  000000f0  RWIX
  PERIPHERALS_16BIT     00000100   00000100  00000000  00000100  RWIX
  INFOD                 00001800   00000080  00000000  00000080  RWIX
  INFOC                 00001880   00000080  00000000  00000080  RWIX
  INFOB                 00001900   00000080  00000000  00000080  RWIX
  INFOA                 00001980   00000080  00000000  00000080  RWIX
  RAM                   00001c00   00000800  00000737  000000c9  RWIX
  FRAM                  00004400   0000bb80  00002654  0000952c  RWIX
  JTAGSIGNATURE         0000ff80   00000004  00000004  00000000  RWIX  ffff 
  BSLSIGNATURE          0000ff84   00000004  00000004  00000000  RWIX  ffff 
  IPESIGNATURE          0000ff88   00000008  00000008  00000000  RWIX  ffff 
  INT00                 0000ff90   00000002  00000000  00000002  RWIX
  INT01                 0000ff92   00000002  00000000  00000002  RWIX
  INT02                 0000ff94   00000002  00000000  00000002  RWIX
  INT03                 0000ff96   00000002  00000000  00000002  RWIX
  INT04                 0000ff98   00000002  00000000  00000002  RWIX
  INT05                 0000ff9a   00000002  00000000  00000002  RWIX
  INT06                 0000ff9c   00000002  00000000  00000002  RWIX
  INT07                 0000ff9e   00000002  00000000  00000002  RWIX
  INT08                 0000ffa0   00000002  00000000  00000002  RWIX
  INT09                 0000ffa2   00000002  00000000  00000002  RWIX
  INT10                 0000ffa4   00000002  00000000  00000002  RWIX
  INT11                 0000ffa6   00000002  00000000  00000002  RWIX
  INT12                 0000ffa8   00000002  00000000  00000002  RWIX
  INT13                 0000ffaa   00000002  00000000  00000002  RWIX
  INT14                 0000ffac   00000002  00000000  00000002  RWIX
  INT15                 0000ffae   00000002  00000000  00000002  RWIX
  INT16                 0000ffb0   00000002  00000000  00000002  RWIX
  INT17                 0000ffb2   00000002  00000000  00000002  RWIX
  INT18                 0000ffb4   00000002  00000000  00000002  RWIX
  INT19                 0000ffb6   00000002  00000000  00000002  RWIX
  INT20                 0000ffb8   00000002  00000000  00000002  RWIX
  INT21                 0000ffba   00000002  00000000  00000002  RWIX
  INT22                 0000ffbc   00000002  00000000  00000002  RWIX
  INT23                 0000ffbe   00000002  00000000  00000002  RWIX
  INT24                 0000ffc0   00000002  00000000  00000002  RWIX
  INT25                 0000ffc2   00000002  00000000  00000002  RWIX
  INT26                 0000ffc4   00000002  00000000  00000002  RWIX
  INT27                 0000ffc6   00000002  00000000  00000002  RWIX
  INT28                 0000ffc8   00000002  00000000  00000002  RWIX
  INT29                 0000ffca   00000002  00000000  00000002  RWIX
  INT30                 0000ffcc   00000002  00000002  00000000  RWIX
  INT31                 0000ffce   00000002  00000002  00000000  RWIX
  INT32                 0000ffd0   00000002  00000002  00000000  RWIX
  INT33                 0000ffd2   00000002  00000002  00000000  RWIX
  INT34                 0000ffd4   00000002  00000002  00000000  RWIX
  INT35                 0000ffd6   00000002  00000002  00000000  RWIX
  INT36                 0000ffd8   00000002  00000002  00000000  RWIX
  INT37                 0000ffda   00000002  00000002  00000000  RWIX
  INT38                 0000ffdc   00000002  00000002  00000000  RWIX
  INT39                 0000ffde   00000002  00000002  00000000  RWIX
  INT40                 0000ffe0   00000002  00000002  00000000  RWIX
  INT41                 0000ffe2   00000002  00000002  00000000  RWIX
  INT42                 0000ffe4   00000002  00000002  00000000  RWIX
  INT43                 0000ffe6   00000002  00000002  00000000  RWIX
  INT44                 0000ffe8   00000002  00000002  00000000  RWIX
  INT45                 0000ffea   00000002  00000002  00000000  RWIX
  INT46                 0000ffec   00000002  00000002  00000000  RWIX
  INT47                 0000ffee   00000002  00000002  00000000  RWIX
  INT48                 0000fff0   00000002  00000002  00000000  RWIX
  INT49                 0000fff2   00000002  00000002  00000000  RWIX
  INT50                 0000fff4   00000002  00000002  00000000  RWIX
  INT51                 0000fff6   00000002  00000002  00000000  RWIX
  INT52                 0000fff8   00000002  00000002  00000000  RWIX
  INT53                 0000fffa   00000002  00000002  00000000  RWIX
  INT54                 0000fffc   00000002  00000002  00000000  RWIX
  RESET                 0000fffe   00000002  00000002  00000000  RWIX
  FRAM2                 00010000   00004000  00004000  00000000  RWIX


SECTION ALLOCATION MAP

 output                                  attributes/
section   page    origin      length       input sections
--------  ----  ----------  ----------   ----------------
.TI.persistent 
*          0    00004400    00000000     UNINITIALIZED

.cio       0    00004400    00000120     UNINITIALIZED
                  00004400    00000120     rts430x_lc_rd_eabi.lib : trgmsg.obj (.cio)

.sysmem    0    00004520    00000404     UNINITIALIZED
                  00004520    00000006     rts430x_lc_rd_eabi.lib : memory.obj (.sysmem)
                  00004526    000003fe     --HOLE--

.ipestruct 
*          0    00004c00    00000000     UNINITIALIZED

.ipe       0    00004c00    00000000     UNINITIALIZED

.ipe_const 
*          0    00004c00    00000000     UNINITIALIZED

.ipe:_isr 
*          0    00004c00    00000000     UNINITIALIZED

.ipe_vars 
*          0    00004c00    00000000     UNINITIALIZED

.cinit     0    0000699c    000000b8     
                  0000699c    00000095     (.cinit..data.load) [load image, compression = lzss]
                  00006a31    00000001     --HOLE-- [fill = 0]
                  00006a32    0000000c     (__TI_handler_table)
                  00006a3e    00000006     (.cinit..bss.load) [load image, compression = zero_init]
                  00006a44    00000010     (__TI_cinit_table)

.binit     0    00004400    00000000     

.init_array 
*          0    00004e20    00000008     
                  00004e20    00000004     cribbage_driver.obj (.init_array)
                  00004e24    00000004     main.obj (.init_array)

.text:_isr 
*          0    00004c00    00000220     
                  00004c00    00000122     USCII2C.obj (.text:_isr:_Z8EUSCI_B0v)
                  00004d22    000000a2     timer.obj (.text:_isr:_Z10timer1_isrv)
                  00004dc4    00000020     rts430x_lc_rd_eabi.lib : boot_special.obj (.text:_isr:_c_int00_noargs_mpu)
                  00004de4    0000001c     main.obj (.text:_isr:_Z7Timer_Av)
                  00004e00    00000018     timer.obj (.text:_isr:_Z15timer1_taiv_isrv)
                  00004e18    00000008     rts430x_lc_rd_eabi.lib : isr_trap.obj (.text:_isr:__TI_ISR_TRAP)

.bss       0    00001c00    00000416     UNINITIALIZED
                  00001c00    00000244     main.obj (.bss:game)
                  00001e44    000000a0     (.common:__TI_tmpnams)
                  00001ee4    00000024     timer.obj (.bss:_timer)
                  00001f08    00000020     main.obj (.bss:BACK)
                  00001f28    00000020     main.obj (.bss:DOWN)
                  00001f48    00000020     main.obj (.bss:ENTER)
                  00001f68    00000020     main.obj (.bss:LEFT)
                  00001f88    00000020     main.obj (.bss:RIGHT)
                  00001fa8    00000020     main.obj (.bss:UP)
                  00001fc8    00000014     cribbage_driver.obj (.bss:_ZN2IO3i2cE)
                  00001fdc    00000010     cribbage_driver.obj (.bss:players_g)
                  00001fec    0000000a     rts430x_lc_rd_eabi.lib : memory.obj (.bss)
                  00001ff6    00000008                            : trgdrv.obj (.bss:parmbuf)
                  00001ffe    00000004     (.common:_ZN8Cribbage2UPE)
                  00002002    00000004     (.common:_ZN8Cribbage4BACKE)
                  00002006    00000004     (.common:_ZN8Cribbage4DOWNE)
                  0000200a    00000004     (.common:_ZN8Cribbage4LEFTE)
                  0000200e    00000004     (.common:_ZN8Cribbage5ENTERE)
                  00002012    00000004     (.common:_ZN8Cribbage5RIGHTE)

.data      0    00002016    00000221     UNINITIALIZED
                  00002016    000000c8     rts430x_lc_rd_eabi.lib : defs.obj (.data:_ftable)
                  000020de    00000078                            : lowlev.obj (.data:_device)
                  00002156    00000060     IOHandler.obj (.data:_ZN2IO5PORTSE)
                  000021b6    0000003c     rts430x_lc_rd_eabi.lib : lowlev.obj (.data:_stream)
                  000021f2    0000001c     InputHandler.obj (.data:_ZN2IO8InputPin4pinsE)
                  0000220e    00000008     timer.obj (.data)
                  00002216    00000004     rts430x_lc_rd_eabi.lib : exit_gvars.obj (.data:__TI_cleanup_ptr)
                  0000221a    00000004                            : exit_gvars.obj (.data:__TI_dtors_ptr)
                  0000221e    00000004                            : _lock.obj (.data:_lock)
                  00002222    00000004                            : _lock.obj (.data:_unlock)
                  00002226    00000004                            : vars.obj (.data)
                  0000222a    00000002     InputHandler.obj (.data)
                  0000222c    00000002     main.obj (.data)
                  0000222e    00000002     rts430x_lc_rd_eabi.lib : defs.obj (.data)
                  00002230    00000002                            : errno.obj (.data)
                  00002232    00000002                            : exit.obj (.data)
                  00002234    00000002                            : memory.obj (.data)
                  00002236    00000001     cribbage_driver.obj (.data)

.stack     0    00002300    00000100     UNINITIALIZED
                  00002300    00000004     rts430x_lc_rd_eabi.lib : boot.obj (.stack)
                  00002304    000000fc     --HOLE--

.text.1    0    00004e28    00001530     
                  00004e28    0000007c     cribbage_driver.obj (.text:_ZN8Cribbage13DisplayDriver7setupHWERKj)
                  00004ea4    00000078     rts430x_lc_rd_eabi.lib : _printfi.obj (.text:_pconv_f)
                  00004f1c    00000078                            : copy_decompress_lzss.obj (.text:decompress:lzss:__TI_decompress_lzss)
                  00004f94    00000074                            : trgdrv.obj (.text:HOSTrename)
                  00005008    00000072     InputHandler.obj (.text:_ZN2IO8InputPin4initEv)
                  0000507a    00000070     rts430x_lc_rd_eabi.lib : trgdrv.obj (.text:HOSTopen)
                  000050ea    00000070                            : fclose.obj (.text:__TI_closefile)
                  0000515a    0000006c                            : trgdrv.obj (.text:HOSTwrite)
                  000051c6    0000006a                            : trgdrv.obj (.text:HOSTread)
                  00005230    0000006a                            : fseek.obj (.text:fseek)
                  0000529a    00000068     cribbage_driver.obj (.text:_ZN8Cribbage13DisplayDriver7checkHWEv)
                  00005302    00000068     rts430x_lc_rd_eabi.lib : fixdul.obj (.text:__mspabi_fixdul)
                  0000536a    00000066                            : fixdli.obj (.text:__mspabi_fixdli)
                  000053d0    00000066                            : cpy_tbl.obj (.text:copy_in)
                  00005436    00000064                            : fflush.obj (.text:__TI_doflush)
                  0000549a    00000062                            : atoi.obj (.text:atoi)
                  000054fc    00000062     main.obj (.text:main)
                  0000555e    00000060     USCII2C.obj (.text:_ZN2IO8USCI_I2C4initERKjS2_RKhS2_PVhh)
                  000055be    0000005a     rts430x_lc_rd_eabi.lib : lowlev.obj (.text:close)
                  00005618    0000005a                            : lowlev.obj (.text:getdevice)
                  00005672    00000058                            : fflush.obj (.text:fflush)
                  000056ca    00000058                            : div32u.obj (.text)
                  00005722    00000056     USCII2C.obj (.text:_ZN2IO8USCI_I2C9checkAddrEh)
                  00005778    00000054     cribbage_driver.obj (.text:_ZN8Cribbage10Controller3runEv)
                  000057cc    0000004e     rts430x_lc_rd_eabi.lib : trgdrv.obj (.text:HOSTclose)
                  0000581a    0000004e                            : _printfi.obj (.text:_fcpy)
                  00005868    0000004c     cribbage_driver.obj (.text:_ZN8Cribbage5Turns11handleInputERNS_10ControllerE)
                  000058b4    0000004c     8117.memsafety.obj (.text:_system_pre_init)
                  00005900    0000004a     rts430x_lc_rd_eabi.lib : exit.obj (.text:exit)
                  0000594a    0000004a                            : printf.obj (.text:printf)
                  00005994    00000046                            : trgdrv.obj (.text:HOSTunlink)
                  000059da    00000042                            : memory.obj (.text:minit)
                  00005a1c    00000040                            : div32s.obj (.text)
                  00005a5c    0000003e                            : asr32.obj (.text:l_asr_const)
                  00005a9a    0000003e                            : lsl32.obj (.text:l_lsl_const)
                  00005ad8    0000003e                            : lsr32.obj (.text:l_lsr_const)
                  00005b16    0000003e                            : lowlev.obj (.text:lseek)
                  00005b54    0000003c                            : vec_newdel.obj (.text:__cxa_vec_ctor)
                  00005b90    0000003c                            : lowlev.obj (.text:write)
                  00005bcc    0000003a                            : lsl64.obj (.text:__mspabi_sllll)
                  00005c06    0000003a                            : lsr64.obj (.text:__mspabi_srlll)
                  00005c40    00000038     main.obj (.text:_Z11setUpTimersmm)
                  00005c78    00000036     timer.obj (.text:_Z10timer_initj)
                  00005cae    00000036     rts430x_lc_rd_eabi.lib : fopen.obj (.text:__TI_cleanup)
                  00005ce4    00000036                            : trgmsg.obj (.text:__TI_writemsg)
                  00005d1a    00000034     cribbage_driver.obj (.text:_ZN8Cribbage13DisplayDriver12updateDrvCmdEv)
                  00005d4e    00000034     rts430x_lc_rd_eabi.lib : new_.obj (.text:_Znwj)
                  00005d82    00000032                            : trgmsg.obj (.text:__TI_readmsg)
                  00005db4    00000032                            : subd.obj (.text:__mspabi_subd)
                  00005de6    00000032                            : strncpy.obj (.text:strncpy)
                  00005e18    00000030     cribbage_driver.obj (.text:_ZN8Cribbage13DisplayDriver11wrCmdToDrvsEv)
                  00005e48    00000030     rts430x_lc_rd_eabi.lib : lowlev.obj (.text:unlink)
                  00005e78    0000002e                            : negd.obj (.text:__mspabi_negd)
                  00005ea6    0000002e                            : s_copysign.obj (.text:copysign)
                  00005ed4    0000002e                            : lowlev.obj (.text:finddevice)
                  00005f02    0000002c     cribbage_driver.obj (.text:_ZN8Cribbage13DisplayDriverC1Ev)
                  00005f2e    0000002a     cribbage_driver.obj (.text:_ZN8Cribbage4Init6updateERNS_10ControllerE)
                  00005f58    00000028     MSPMPU_INIT_LIB_CCS_msp430_large_code_restricted_data.lib : mpu_init.o (.text:__mpu_init)
                  00005f80    00000028     rts430x_lc_rd_eabi.lib : fixdi.obj (.text:__mspabi_fixdi)
                  00005fa8    00000028     cribbage_driver.obj (.text:__sti___19_cribbage_driver_cpp_1ff44c53)
                  00005fd0    00000024     cribbage_driver.obj (.text:_ZN8Cribbage10Controller5enterEv)
                  00005ff4    00000024     cribbage_driver.obj (.text:_ZN8Cribbage13DisplayDriver4ctrlEjb)
                  00006018    00000024     rts430x_lc_rd_eabi.lib : copy_zero_init.obj (.text:decompress:ZI:__TI_zero_init)
                  0000603c    00000024                            : mult32_f5hw.obj (.text)
                  00006060    00000022     cribbage_driver.obj (.text:_ZN8Cribbage4Init5enterERNS_10ControllerE)
                  00006082    00000022     cribbage_driver.obj (.text:_ZN8Cribbage5Turns5enterERNS_10ControllerE)
                  000060a4    0000001e     cribbage_driver.obj (.text:_ZN8Cribbage10Controller11handleInputEv)
                  000060c2    0000001e     cribbage_driver.obj (.text:_ZN8Cribbage13DisplayDriver5clearEv)
                  000060e0    0000001e     rts430x_lc_rd_eabi.lib : memccpy.obj (.text:memccpy)
                  000060fe    0000001c                            : strchr.obj (.text:strchr)
                  0000611a    0000001c                            : strcmp.obj (.text:strcmp)
                  00006136    0000001a     cribbage_driver.obj (.text:_ZN8Cribbage2UIC1Ev)
                  00006150    0000001a     rts430x_lc_rd_eabi.lib : assert.obj (.text:_abort_msg)
                  0000616a    00000018     cribbage_driver.obj (.text:_ZN8Cribbage4Init11showEnabledEjbRNS_10ControllerE)
                  00006182    00000018     rts430x_lc_rd_eabi.lib : mult16_f5hw.obj (.text)
                  0000619a    00000016     cribbage_driver.obj (.text:_ZN8Cribbage6PlayerC1Ev)
                  000061b0    00000016     rts430x_lc_rd_eabi.lib : memchr.obj (.text:memchr)
                  000061c6    00000016                            : memset.obj (.text:memset)
                  000061dc    00000016                            : div16u.obj (.text)
                  000061f2    00000014     cribbage_driver.obj (.text:_ZN8Cribbage10Controller6updateEv)
                  00006206    00000014     rts430x_lc_rd_eabi.lib : memcpy.obj (.text:memcpy)
                  0000621a    00000012     cribbage_driver.obj (.text:_ZN8Cribbage13DisplayDriver15updateLEDMatrixEv)
                  0000622c    00000012     cribbage_driver.obj (.text:_ZN8Cribbage2UI12setCurrScoreEj)
                  0000623e    00000012     rts430x_lc_rd_eabi.lib : fixdu.obj (.text:__mspabi_fixdu)
                  00006250    00000012                            : copy_decompress_none.obj (.text:decompress:none:__TI_decompress_none)
                  00006262    00000012                            : strcpy.obj (.text:strcpy)
                  00006274    00000012                            : toupper.obj (.text:toupper)
                  00006286    00000010                            : asr32.obj (.text:l_asr)
                  00006296    00000010                            : lsl32.obj (.text:l_lsl)
                  000062a6    00000010                            : lsr32.obj (.text:l_lsr)
                  000062b6    0000000e                            : strlen.obj (.text:strlen)
                  000062c4    0000000c     InputHandler.obj (.text:_ZN2IO8InputPin4readEv)
                  000062d0    0000000c     rts430x_lc_rd_eabi.lib : fltid.obj (.text:__mspabi_fltid)
                  000062dc    0000000a                            : typeinfo_.obj (.text:_ZN10__cxxabiv117__class_type_infoD0Ev)
                  000062e6    0000000a                            : typeinfo_.obj (.text:_ZN10__cxxabiv120__si_class_type_infoD0Ev)
                  000062f0    0000000a     cribbage_driver.obj (.text:_ZN8Cribbage10Controller7sysInitERKj)
                  000062fa    0000000a     rts430x_lc_rd_eabi.lib : delete.obj (.text:_ZdlPv)
                  00006304    0000000a                            : abs.obj (.text:abs)
                  0000630e    0000000a                            : lsl16.obj (.text)
                  00006318    00000008                            : pure_virt.obj (.text:__cxa_pure_virtual)
                  00006320    00000006     USCII2C.obj (.text:_ZN2IO8USCI_I2CC1Ev)
                  00006326    00000006     cribbage_driver.obj (.text:_ZN8Cribbage13DisplayDriver7disableEv)
                  0000632c    00000006     cribbage_driver.obj (.text:_ZN8Cribbage15updateLEDPOV_CBEPv)
                  00006332    00000006     cribbage_driver.obj (.text:_ZN8Cribbage2UI9setPlayerEj)
                  00006338    00000006     rts430x_lc_rd_eabi.lib : printf.obj (.text:_outc)
                  0000633e    00000006                            : exit.obj (.text:abort)
                  00006344    00000004                            : error.obj (.text:__abort_execution)
                  00006348    00000004                            : printf.obj (.text:_outs)
                  0000634c    00000002                            : newhandler.obj (.text:_Z21__default_new_handlerv)
                  0000634e    00000002                            : typeinfo_.obj (.text:_ZN10__cxxabiv117__class_type_infoD1Ev)
                  00006350    00000002                            : typeinfo_.obj (.text:_ZN10__cxxabiv120__si_class_type_infoD1Ev)
                  00006352    00000002     cribbage_driver.obj (.text:_ZN8Cribbage5Turns6updateERNS_10ControllerE)
                  00006354    00000002     rts430x_lc_rd_eabi.lib : _lock.obj (.text:_nop)
                  00006356    00000002                            : startup.obj (.text:_system_post_cinit)

$fill000   0    0000ff80    00000004     
                  0000ff80    00000004     --HOLE-- [fill = ffff]

$fill001   0    0000ff84    00000004     
                  0000ff84    00000004     --HOLE-- [fill = ffff]

$fill002   0    0000ff88    00000008     
                  0000ff88    00000008     --HOLE-- [fill = ffff]

AES256     0    0000ffcc    00000002     
                  0000ffcc    00000002     rts430x_lc_rd_eabi.lib : int30.obj (.int30)

RTC        0    0000ffce    00000002     
                  0000ffce    00000002     rts430x_lc_rd_eabi.lib : int31.obj (.int31)

PORT4      0    0000ffd0    00000002     
                  0000ffd0    00000002     rts430x_lc_rd_eabi.lib : int32.obj (.int32)

PORT3      0    0000ffd2    00000002     
                  0000ffd2    00000002     rts430x_lc_rd_eabi.lib : int33.obj (.int33)

TIMER3_A1 
*          0    0000ffd4    00000002     
                  0000ffd4    00000002     rts430x_lc_rd_eabi.lib : int34.obj (.int34)

TIMER3_A0 
*          0    0000ffd6    00000002     
                  0000ffd6    00000002     rts430x_lc_rd_eabi.lib : int35.obj (.int35)

PORT2      0    0000ffd8    00000002     
                  0000ffd8    00000002     rts430x_lc_rd_eabi.lib : int36.obj (.int36)

TIMER2_A1 
*          0    0000ffda    00000002     
                  0000ffda    00000002     rts430x_lc_rd_eabi.lib : int37.obj (.int37)

TIMER2_A0 
*          0    0000ffdc    00000002     
                  0000ffdc    00000002     rts430x_lc_rd_eabi.lib : int38.obj (.int38)

PORT1      0    0000ffde    00000002     
                  0000ffde    00000002     rts430x_lc_rd_eabi.lib : int39.obj (.int39)

TIMER1_A1 
*          0    0000ffe0    00000002     
                  0000ffe0    00000002     timer.obj (.int40)

TIMER1_A0 
*          0    0000ffe2    00000002     
                  0000ffe2    00000002     timer.obj (.int41)

DMA        0    0000ffe4    00000002     
                  0000ffe4    00000002     rts430x_lc_rd_eabi.lib : int42.obj (.int42)

USCI_A1    0    0000ffe6    00000002     
                  0000ffe6    00000002     rts430x_lc_rd_eabi.lib : int43.obj (.int43)

TIMER0_A1 
*          0    0000ffe8    00000002     
                  0000ffe8    00000002     main.obj (.int44)

TIMER0_A0 
*          0    0000ffea    00000002     
                  0000ffea    00000002     main.obj (.int45)

ADC12      0    0000ffec    00000002     
                  0000ffec    00000002     rts430x_lc_rd_eabi.lib : int46.obj (.int46)

USCI_B0    0    0000ffee    00000002     
                  0000ffee    00000002     USCII2C.obj (.int47)

USCI_A0    0    0000fff0    00000002     
                  0000fff0    00000002     rts430x_lc_rd_eabi.lib : int48.obj (.int48)

WDT        0    0000fff2    00000002     
                  0000fff2    00000002     rts430x_lc_rd_eabi.lib : int49.obj (.int49)

TIMER0_B1 
*          0    0000fff4    00000002     
                  0000fff4    00000002     rts430x_lc_rd_eabi.lib : int50.obj (.int50)

TIMER0_B0 
*          0    0000fff6    00000002     
                  0000fff6    00000002     rts430x_lc_rd_eabi.lib : int51.obj (.int51)

COMP_E     0    0000fff8    00000002     
                  0000fff8    00000002     rts430x_lc_rd_eabi.lib : int52.obj (.int52)

UNMI       0    0000fffa    00000002     
                  0000fffa    00000002     rts430x_lc_rd_eabi.lib : int53.obj (.int53)

SYSNMI     0    0000fffc    00000002     
                  0000fffc    00000002     rts430x_lc_rd_eabi.lib : int54.obj (.int54)

.reset     0    0000fffe    00000002     
                  0000fffe    00000002     rts430x_lc_rd_eabi.lib : boot.obj (.reset)

.const     0    00006358    00000644     
                  00006358    00000162     InputHandler.obj (.const:.string)
                  000064ba    00000101     rts430x_lc_rd_eabi.lib : ctype.obj (.const:.string:_ctypes_)
                  000065bb    00000001     --HOLE-- [fill = 0]
                  000065bc    000000ae     USCII2C.obj (.const:.string)
                  0000666a    0000008e     cribbage_driver.obj (.const:.string)
                  000066f8    0000003b     InputHandler.obj (.const:.string:_ZZN2IO8InputPin8evaluateEvEs)
                  00006733    00000001     --HOLE-- [fill = 0]
                  00006734    00000038     timer.obj (.const:.string)
                  0000676c    00000035     USCII2C.obj (.const:.string:_ZZN2IO8USCI_I2C14waitForBusFreeEvEs_0)
                  000067a1    00000001     --HOLE-- [fill = 0]
                  000067a2    00000030     CribbageConsts.obj (.const:_ZN8Cribbage13DisplayDriver6anodesE)
                  000067d2    00000028     CribbageConsts.obj (.const:_ZN8Cribbage13DisplayDriver8cathodesE)
                  000067fa    00000026     rts430x_lc_rd_eabi.lib : _printfi.obj (.const:.string)
                  00006820    00000025                            : typeinfo_.obj (.const:.typeinfo:_ZTSN10__cxxabiv120__si_class_type_infoE)
                  00006845    00000001     --HOLE-- [fill = 0]
                  00006846    00000022                            : typeinfo_.obj (.const:.typeinfo:_ZTSN10__cxxabiv117__class_type_infoE)
                  00006868    00000018     cribbage_driver.obj (.const:.typeinfo:_ZTSN8Cribbage10ControllerE)
                  00006880    00000016     USCII2C.obj (.const:.string:_ZZN2IO8USCI_I2C14waitForBusFreeEvEs)
                  00006896    00000014     cribbage_driver.obj (.const:_ZTVN8Cribbage10ControllerE)
                  000068aa    00000014     cribbage_driver.obj (.const:_ZTVN8Cribbage4InitE)
                  000068be    00000014     cribbage_driver.obj (.const:_ZTVN8Cribbage5StateE)
                  000068d2    00000014     cribbage_driver.obj (.const:_ZTVN8Cribbage5TurnsE)
                  000068e6    00000012     cribbage_driver.obj (.const:.typeinfo:_ZTSN8Cribbage5StateE)
                  000068f8    00000012     cribbage_driver.obj (.const:.typeinfo:_ZTSN8Cribbage5TurnsE)
                  0000690a    00000011     cribbage_driver.obj (.const:.typeinfo:_ZTSN8Cribbage4InitE)
                  0000691b    00000001     --HOLE-- [fill = 0]
                  0000691c    00000010     rts430x_lc_rd_eabi.lib : typeinfo_.obj (.const:_ZTVN10__cxxabiv117__class_type_infoE)
                  0000692c    00000010                            : typeinfo_.obj (.const:_ZTVN10__cxxabiv120__si_class_type_infoE)
                  0000693c    0000000d                            : typeinfo_.obj (.const:.typeinfo:_ZTSSt9type_info)
                  00006949    00000001     --HOLE-- [fill = 0]
                  0000694a    0000000c                            : typeinfo_.obj (.const:.typeinfo:_ZTIN10__cxxabiv117__class_type_infoE)
                  00006956    0000000c                            : typeinfo_.obj (.const:.typeinfo:_ZTIN10__cxxabiv120__si_class_type_infoE)
                  00006962    0000000c     cribbage_driver.obj (.const:.typeinfo:_ZTIN8Cribbage4InitE)
                  0000696e    0000000c     cribbage_driver.obj (.const:.typeinfo:_ZTIN8Cribbage5TurnsE)
                  0000697a    00000008     cribbage_driver.obj (.const:.typeinfo:_ZTIN8Cribbage10ControllerE)
                  00006982    00000008     cribbage_driver.obj (.const:.typeinfo:_ZTIN8Cribbage5StateE)
                  0000698a    00000008     rts430x_lc_rd_eabi.lib : typeinfo_.obj (.const:.typeinfo:_ZTISt9type_info)
                  00006992    00000008     CribbageConsts.obj (.const:_ZN8Cribbage2UI12playerOffsetE)
                  0000699a    00000002     IOHandler.obj (.const)

.text.2    0    00010000    00004000     
                  00010000    00000478     rts430x_lc_rd_eabi.lib : frcdivd.obj (.text:__TI_frcdivd)
                  00010478    0000034e                            : div64u.obj (.text:__mspabi_divull)
                  000107c6    000002d8                            : addd.obj (.text:__mspabi_addd)
                  00010a9e    00000286                            : frcmpyd.obj (.text:__TI_frcmpyd)
                  00010d24    00000282                            : mpyd.obj (.text:__mspabi_mpyd)
                  00010fa6    00000260                            : _printfi.obj (.text:_pproc_fgea)
                  00011206    0000025e                            : _printfi.obj (.text:_setfield)
                  00011464    00000252                            : frcaddd.obj (.text:__TI_frcaddd)
                  000116b6    00000244     main.obj (.text:_Z9setUpPinsm)
                  000118fa    0000023c     rts430x_lc_rd_eabi.lib : _printfi.obj (.text:__TI_printfi)
                  00011b36    00000224                            : _printfi.obj (.text:acvt)
                  00011d5a    00000222                            : divd.obj (.text:__mspabi_divd)
                  00011f7c    00000210                            : _printfi.obj (.text:ecvt)
                  0001218c    000001fe                            : _printfi.obj (.text:fcvt)
                  0001238a    000001a4                            : _printfi.obj (.text:_pconv_e)
                  0001252e    000001a0                            : s_scalbn.obj (.text:scalbn)
                  000126ce    00000188                            : _printfi.obj (.text:_getarg_diouxp)
                  00012856    00000170                            : _printfi.obj (.text:_pconv_a)
                  000129c6    00000148                            : _printfi.obj (.text:_pproc_diouxp)
                  00012b0e    0000012a                            : _printfi.obj (.text:_ltostr)
                  00012c38    000000fc                            : _printfi.obj (.text:_pconv_g)
                  00012d34    000000fa                            : _printfi.obj (.text:_pproc_fwp)
                  00012e2e    000000f2     InputHandler.obj (.text:_ZN2IO8InputPin4initEdddd)
                  00012f20    000000f0     rts430x_lc_rd_eabi.lib : fputs.obj (.text:fputs)
                  00013010    000000e8     InputHandler.obj (.text:_ZN2IO8InputPin13fromInterruptEv)
                  000130f8    000000e0     rts430x_lc_rd_eabi.lib : setvbuf.obj (.text:setvbuf)
                  000131d8    000000d8                            : cmpd.obj (.text:__mspabi_cmpd)
                  000132b0    000000ca     USCII2C.obj (.text:_ZN2IO8USCI_I2C11transactionEPjjPhj)
                  0001337a    000000ca     cribbage_driver.obj (.text:_ZN8Cribbage13DisplayDriver12updateI2CCmdEv)
                  00013444    000000bc     rts430x_lc_rd_eabi.lib : memory.obj (.text:malloc)
                  00013500    000000b8     timer.obj (.text:_Z12timer_createjiPFvPvES_)
                  000135b8    000000b4     rts430x_lc_rd_eabi.lib : trgdrv.obj (.text:HOSTlseek)
                  0001366c    000000b2                            : renormd.obj (.text:__TI_renormd)
                  0001371e    000000b2                            : s_frexp.obj (.text:frexp)
                  000137d0    000000a6                            : _printfi.obj (.text:_pproc_str)
                  00013876    0000009e                            : fltlid.obj (.text:__mspabi_fltlid)
                  00013914    00000092     cribbage_driver.obj (.text:_ZN8Cribbage4Init11handleInputERNS_10ControllerE)
                  000139a6    00000090     rts430x_lc_rd_eabi.lib : _printfi.obj (.text:_ecpy)
                  00013a36    00000090                            : _printfi.obj (.text:_mcpy)
                  00013ac6    00000090                            : fputc.obj (.text:fputc)
                  00013b56    0000008e                            : memory.obj (.text:free)
                  00013be4    0000008a     InputHandler.obj (.text:_ZN2IO8InputPinC1EjjbNS_6PULLUP6PULLUPE)
                  00013c6e    00000084     rts430x_lc_rd_eabi.lib : vec_newdel.obj (.text:_Z17array_new_generalPvijjS_PFYS_S_ES1_PFYS_jEPFYvS_Eii)
                  00013cf2    00000084     cribbage_driver.obj (.text:_ZN8Cribbage10ControllerC1Ev)
                  00013d76    00000082     main.obj (.text:__sti___8_main_cpp_UP)
                  00013df8    00000082     rts430x_lc_rd_eabi.lib : autoinit_wdt.obj (.text:_auto_init_hold_wdt)
                  00013e7a    00000080                            : fltuld.obj (.text:__mspabi_fltuld)
                  00013efa    00000080                            : ltoa.obj (.text:ltoa)
                  00013f7a    0000007e                            : _io_perm.obj (.text:__TI_wrt_ok)
                  00013ff8    00000008     cribbage_driver.obj (.text:_ZN8Cribbage13DisplayDriver3setEj)

MODULE SUMMARY

       Module                     code    ro data   rw data
       ------                     ----    -------   -------
    ./
       cribbage_driver.obj        1460    343       37     
       main.obj                   892     8         774    
       InputHandler.obj           738     413       30     
       USCII2C.obj                680     251       0      
       timer.obj                  424     60        44     
       CribbageConsts.obj         0       96        24     
       IOHandler.obj              0       2         96     
       8117.memsafety.obj         76      0         0      
    +--+--------------------------+-------+---------+---------+
       Total:                     4270    1173      1005   
                                                           
    /Applications/ti/ccsv7/ccs_base/msp430/lib/FR59xx/MSPMPU_INIT_LIB_CCS_msp430_large_code_restricted_data.lib
       mpu_init.o                 40      0         0      
    +--+--------------------------+-------+---------+---------+
       Total:                     40      0         0      
                                                           
    /Applications/ti/ccsv7/tools/compiler/ti-cgt-msp430_16.9.0.LTS/lib/rts430x_lc_rd_eabi.lib
       _printfi.obj               6332    38        0      
       frcdivd.obj                1144    0         0      
       div64u.obj                 846     0         0      
       trgdrv.obj                 770     0         8      
       addd.obj                   728     0         0      
       frcmpyd.obj                646     0         0      
       mpyd.obj                   642     0         0      
       frcaddd.obj                594     0         0      
       lowlev.obj                 396     0         180    
       divd.obj                   546     0         0      
       s_scalbn.obj               416     0         0      
       memory.obj                 396     0         12     
       trgmsg.obj                 104     0         288    
       defs.obj                   0       0         362    
       ctype.obj                  0       257       0      
       fputs.obj                  240     0         0      
       setvbuf.obj                224     0         0      
       cmpd.obj                   216     0         0      
       vec_newdel.obj             192     0         0      
       fflush.obj                 188     0         0      
       renormd.obj                178     0         0      
       s_frexp.obj                178     0         0      
       typeinfo_.obj              24      148       0      
       fltlid.obj                 158     0         0      
       fputc.obj                  144     0         0      
       autoinit_wdt.obj           130     0         0      
       fltuld.obj                 128     0         0      
       ltoa.obj                   128     0         0      
       _io_perm.obj               126     0         0      
       copy_decompress_lzss.obj   120     0         0      
       fclose.obj                 112     0         0      
       fseek.obj                  106     0         0      
       fixdul.obj                 104     0         0      
       cpy_tbl.obj                102     0         0      
       fixdli.obj                 102     0         0      
       atoi.obj                   98      0         0      
       div32u.obj                 88      0         0      
       printf.obj                 84      0         0      
       exit.obj                   80      0         2      
       asr32.obj                  78      0         0      
       lsl32.obj                  78      0         0      
       lsr32.obj                  78      0         0      
       div32s.obj                 64      0         0      
       lsl64.obj                  58      0         0      
       lsr64.obj                  58      0         0      
       fopen.obj                  54      0         0      
       new_.obj                   52      0         0      
       strncpy.obj                50      0         0      
       subd.obj                   50      0         0      
       negd.obj                   46      0         0      
       s_copysign.obj             46      0         0      
       fixdi.obj                  40      0         0      
       copy_zero_init.obj         36      0         0      
       mult32_f5hw.obj            36      0         0      
       boot_special.obj           32      0         0      
       memccpy.obj                30      0         0      
       strchr.obj                 28      0         0      
       strcmp.obj                 28      0         0      
       assert.obj                 26      0         0      
       mult16_f5hw.obj            24      0         0      
       div16u.obj                 22      0         0      
       memchr.obj                 22      0         0      
       memset.obj                 22      0         0      
       memcpy.obj                 20      0         0      
       copy_decompress_none.obj   18      0         0      
       fixdu.obj                  18      0         0      
       strcpy.obj                 18      0         0      
       toupper.obj                18      0         0      
       strlen.obj                 14      0         0      
       fltid.obj                  12      0         0      
       _lock.obj                  2       0         8      
       abs.obj                    10      0         0      
       delete.obj                 10      0         0      
       lsl16.obj                  10      0         0      
       exit_gvars.obj             0       0         8      
       isr_trap.obj               8       0         0      
       pure_virt.obj              8       0         0      
       error.obj                  4       0         0      
       vars.obj                   0       0         4      
       boot.obj                   0       2         0      
       errno.obj                  0       0         2      
       int30.obj                  0       2         0      
       int31.obj                  0       2         0      
       int32.obj                  0       2         0      
       int33.obj                  0       2         0      
       int34.obj                  0       2         0      
       int35.obj                  0       2         0      
       int36.obj                  0       2         0      
       int37.obj                  0       2         0      
       int38.obj                  0       2         0      
       int39.obj                  0       2         0      
       int42.obj                  0       2         0      
       int43.obj                  0       2         0      
       int46.obj                  0       2         0      
       int48.obj                  0       2         0      
       int49.obj                  0       2         0      
       int50.obj                  0       2         0      
       int51.obj                  0       2         0      
       int52.obj                  0       2         0      
       int53.obj                  0       2         0      
       int54.obj                  0       2         0      
       newhandler.obj             2       0         0      
       startup.obj                2       0         0      
    +--+--------------------------+-------+---------+---------+
       Total:                     18042   485       874    
                                                           
       Heap:                      0       0         1028   
       Stack:                     0       0         256    
       Linker Generated:          0       183       0      
    +--+--------------------------+-------+---------+---------+
       Grand Total:               22352   1841      3163   


LINKER GENERATED COPY TABLES

__TI_cinit_table @ 00006a44 records: 2, size/record: 8, table size: 16
	.data: load addr=0000699c, load size=00000095 bytes, run addr=00002016, run size=00000221 bytes, compression=lzss
	.bss: load addr=00006a3e, load size=00000006 bytes, run addr=00001c00, run size=00000416 bytes, compression=zero_init


LINKER GENERATED HANDLER TABLE

__TI_handler_table @ 00006a32 records: 3, size/record: 4, table size: 12
	index: 0, handler: __TI_zero_init
	index: 1, handler: __TI_decompress_lzss
	index: 2, handler: __TI_decompress_none


GLOBAL SYMBOLS: SORTED ALPHABETICALLY BY Name 

address   name                                              
-------   ----                                              
00000800  ADC12CTL0                                         
00000801  ADC12CTL0_H                                       
00000800  ADC12CTL0_L                                       
00000802  ADC12CTL1                                         
00000803  ADC12CTL1_H                                       
00000802  ADC12CTL1_L                                       
00000804  ADC12CTL2                                         
00000805  ADC12CTL2_H                                       
00000804  ADC12CTL2_L                                       
00000806  ADC12CTL3                                         
00000807  ADC12CTL3_H                                       
00000806  ADC12CTL3_L                                       
0000080a  ADC12HI                                           
0000080b  ADC12HI_H                                         
0000080a  ADC12HI_L                                         
00000812  ADC12IER0                                         
00000813  ADC12IER0_H                                       
00000812  ADC12IER0_L                                       
00000814  ADC12IER1                                         
00000815  ADC12IER1_H                                       
00000814  ADC12IER1_L                                       
00000816  ADC12IER2                                         
00000817  ADC12IER2_H                                       
00000816  ADC12IER2_L                                       
0000080c  ADC12IFGR0                                        
0000080d  ADC12IFGR0_H                                      
0000080c  ADC12IFGR0_L                                      
0000080e  ADC12IFGR1                                        
0000080f  ADC12IFGR1_H                                      
0000080e  ADC12IFGR1_L                                      
00000810  ADC12IFGR2                                        
00000811  ADC12IFGR2_H                                      
00000810  ADC12IFGR2_L                                      
00000818  ADC12IV                                           
00000819  ADC12IV_H                                         
00000818  ADC12IV_L                                         
00000808  ADC12LO                                           
00000809  ADC12LO_H                                         
00000808  ADC12LO_L                                         
00000820  ADC12MCTL0                                        
00000821  ADC12MCTL0_H                                      
00000820  ADC12MCTL0_L                                      
00000822  ADC12MCTL1                                        
00000834  ADC12MCTL10                                       
00000835  ADC12MCTL10_H                                     
00000834  ADC12MCTL10_L                                     
00000836  ADC12MCTL11                                       
00000837  ADC12MCTL11_H                                     
00000836  ADC12MCTL11_L                                     
00000838  ADC12MCTL12                                       
00000839  ADC12MCTL12_H                                     
00000838  ADC12MCTL12_L                                     
0000083a  ADC12MCTL13                                       
0000083b  ADC12MCTL13_H                                     
0000083a  ADC12MCTL13_L                                     
0000083c  ADC12MCTL14                                       
0000083d  ADC12MCTL14_H                                     
0000083c  ADC12MCTL14_L                                     
0000083e  ADC12MCTL15                                       
0000083f  ADC12MCTL15_H                                     
0000083e  ADC12MCTL15_L                                     
00000840  ADC12MCTL16                                       
00000841  ADC12MCTL16_H                                     
00000840  ADC12MCTL16_L                                     
00000842  ADC12MCTL17                                       
00000843  ADC12MCTL17_H                                     
00000842  ADC12MCTL17_L                                     
00000844  ADC12MCTL18                                       
00000845  ADC12MCTL18_H                                     
00000844  ADC12MCTL18_L                                     
00000846  ADC12MCTL19                                       
00000847  ADC12MCTL19_H                                     
00000846  ADC12MCTL19_L                                     
00000823  ADC12MCTL1_H                                      
00000822  ADC12MCTL1_L                                      
00000824  ADC12MCTL2                                        
00000848  ADC12MCTL20                                       
00000849  ADC12MCTL20_H                                     
00000848  ADC12MCTL20_L                                     
0000084a  ADC12MCTL21                                       
0000084b  ADC12MCTL21_H                                     
0000084a  ADC12MCTL21_L                                     
0000084c  ADC12MCTL22                                       
0000084d  ADC12MCTL22_H                                     
0000084c  ADC12MCTL22_L                                     
0000084e  ADC12MCTL23                                       
0000084f  ADC12MCTL23_H                                     
0000084e  ADC12MCTL23_L                                     
00000850  ADC12MCTL24                                       
00000851  ADC12MCTL24_H                                     
00000850  ADC12MCTL24_L                                     
00000852  ADC12MCTL25                                       
00000853  ADC12MCTL25_H                                     
00000852  ADC12MCTL25_L                                     
00000854  ADC12MCTL26                                       
00000855  ADC12MCTL26_H                                     
00000854  ADC12MCTL26_L                                     
00000856  ADC12MCTL27                                       
00000857  ADC12MCTL27_H                                     
00000856  ADC12MCTL27_L                                     
00000858  ADC12MCTL28                                       
00000859  ADC12MCTL28_H                                     
00000858  ADC12MCTL28_L                                     
0000085a  ADC12MCTL29                                       
0000085b  ADC12MCTL29_H                                     
0000085a  ADC12MCTL29_L                                     
00000825  ADC12MCTL2_H                                      
00000824  ADC12MCTL2_L                                      
00000826  ADC12MCTL3                                        
0000085c  ADC12MCTL30                                       
0000085d  ADC12MCTL30_H                                     
0000085c  ADC12MCTL30_L                                     
0000085e  ADC12MCTL31                                       
0000085f  ADC12MCTL31_H                                     
0000085e  ADC12MCTL31_L                                     
00000827  ADC12MCTL3_H                                      
00000826  ADC12MCTL3_L                                      
00000828  ADC12MCTL4                                        
00000829  ADC12MCTL4_H                                      
00000828  ADC12MCTL4_L                                      
0000082a  ADC12MCTL5                                        
0000082b  ADC12MCTL5_H                                      
0000082a  ADC12MCTL5_L                                      
0000082c  ADC12MCTL6                                        
0000082d  ADC12MCTL6_H                                      
0000082c  ADC12MCTL6_L                                      
0000082e  ADC12MCTL7                                        
0000082f  ADC12MCTL7_H                                      
0000082e  ADC12MCTL7_L                                      
00000830  ADC12MCTL8                                        
00000831  ADC12MCTL8_H                                      
00000830  ADC12MCTL8_L                                      
00000832  ADC12MCTL9                                        
00000833  ADC12MCTL9_H                                      
00000832  ADC12MCTL9_L                                      
00000860  ADC12MEM0                                         
00000861  ADC12MEM0_H                                       
00000860  ADC12MEM0_L                                       
00000862  ADC12MEM1                                         
00000874  ADC12MEM10                                        
00000875  ADC12MEM10_H                                      
00000874  ADC12MEM10_L                                      
00000876  ADC12MEM11                                        
00000877  ADC12MEM11_H                                      
00000876  ADC12MEM11_L                                      
00000878  ADC12MEM12                                        
00000879  ADC12MEM12_H                                      
00000878  ADC12MEM12_L                                      
0000087a  ADC12MEM13                                        
0000087b  ADC12MEM13_H                                      
0000087a  ADC12MEM13_L                                      
0000087c  ADC12MEM14                                        
0000087d  ADC12MEM14_H                                      
0000087c  ADC12MEM14_L                                      
0000087e  ADC12MEM15                                        
0000087f  ADC12MEM15_H                                      
0000087e  ADC12MEM15_L                                      
00000880  ADC12MEM16                                        
00000881  ADC12MEM16_H                                      
00000880  ADC12MEM16_L                                      
00000882  ADC12MEM17                                        
00000883  ADC12MEM17_H                                      
00000882  ADC12MEM17_L                                      
00000884  ADC12MEM18                                        
00000885  ADC12MEM18_H                                      
00000884  ADC12MEM18_L                                      
00000886  ADC12MEM19                                        
00000887  ADC12MEM19_H                                      
00000886  ADC12MEM19_L                                      
00000863  ADC12MEM1_H                                       
00000862  ADC12MEM1_L                                       
00000864  ADC12MEM2                                         
00000888  ADC12MEM20                                        
00000889  ADC12MEM20_H                                      
00000888  ADC12MEM20_L                                      
0000088a  ADC12MEM21                                        
0000088b  ADC12MEM21_H                                      
0000088a  ADC12MEM21_L                                      
0000088c  ADC12MEM22                                        
0000088d  ADC12MEM22_H                                      
0000088c  ADC12MEM22_L                                      
0000088e  ADC12MEM23                                        
0000088f  ADC12MEM23_H                                      
0000088e  ADC12MEM23_L                                      
00000890  ADC12MEM24                                        
00000891  ADC12MEM24_H                                      
00000890  ADC12MEM24_L                                      
00000892  ADC12MEM25                                        
00000893  ADC12MEM25_H                                      
00000892  ADC12MEM25_L                                      
00000894  ADC12MEM26                                        
00000895  ADC12MEM26_H                                      
00000894  ADC12MEM26_L                                      
00000896  ADC12MEM27                                        
00000897  ADC12MEM27_H                                      
00000896  ADC12MEM27_L                                      
00000898  ADC12MEM28                                        
00000899  ADC12MEM28_H                                      
00000898  ADC12MEM28_L                                      
0000089a  ADC12MEM29                                        
0000089b  ADC12MEM29_H                                      
0000089a  ADC12MEM29_L                                      
00000865  ADC12MEM2_H                                       
00000864  ADC12MEM2_L                                       
00000866  ADC12MEM3                                         
0000089c  ADC12MEM30                                        
0000089d  ADC12MEM30_H                                      
0000089c  ADC12MEM30_L                                      
0000089e  ADC12MEM31                                        
0000089f  ADC12MEM31_H                                      
0000089e  ADC12MEM31_L                                      
00000867  ADC12MEM3_H                                       
00000866  ADC12MEM3_L                                       
00000868  ADC12MEM4                                         
00000869  ADC12MEM4_H                                       
00000868  ADC12MEM4_L                                       
0000086a  ADC12MEM5                                         
0000086b  ADC12MEM5_H                                       
0000086a  ADC12MEM5_L                                       
0000086c  ADC12MEM6                                         
0000086d  ADC12MEM6_H                                       
0000086c  ADC12MEM6_L                                       
0000086e  ADC12MEM7                                         
0000086f  ADC12MEM7_H                                       
0000086e  ADC12MEM7_L                                       
00000870  ADC12MEM8                                         
00000871  ADC12MEM8_H                                       
00000870  ADC12MEM8_L                                       
00000872  ADC12MEM9                                         
00000873  ADC12MEM9_H                                       
00000872  ADC12MEM9_L                                       
000009c0  AESACTL0                                          
000009c1  AESACTL0_H                                        
000009c0  AESACTL0_L                                        
000009c2  AESACTL1                                          
000009c3  AESACTL1_H                                        
000009c2  AESACTL1_L                                        
000009c8  AESADIN                                           
000009c9  AESADIN_H                                         
000009c8  AESADIN_L                                         
000009ca  AESADOUT                                          
000009cb  AESADOUT_H                                        
000009ca  AESADOUT_L                                        
000009c6  AESAKEY                                           
000009c7  AESAKEY_H                                         
000009c6  AESAKEY_L                                         
000009c4  AESASTAT                                          
000009c5  AESASTAT_H                                        
000009c4  AESASTAT_L                                        
000009cc  AESAXDIN                                          
000009cd  AESAXDIN_H                                        
000009cc  AESAXDIN_L                                        
000009ce  AESAXIN                                           
000009cf  AESAXIN_H                                         
000009ce  AESAXIN_L                                         
00001f08  BACK                                              
000004be  BCD2BIN                                           
000004bc  BIN2BCD                                           
0000633e  C$$EXIT                                           
00005d16  C$$IO$$                                           
0000043e  CAPTIO0CTL                                        
0000043f  CAPTIO0CTL_H                                      
0000043e  CAPTIO0CTL_L                                      
0000047e  CAPTIO1CTL                                        
0000047f  CAPTIO1CTL_H                                      
0000047e  CAPTIO1CTL_L                                      
000008c0  CECTL0                                            
000008c1  CECTL0_H                                          
000008c0  CECTL0_L                                          
000008c2  CECTL1                                            
000008c3  CECTL1_H                                          
000008c2  CECTL1_L                                          
000008c4  CECTL2                                            
000008c5  CECTL2_H                                          
000008c4  CECTL2_L                                          
000008c6  CECTL3                                            
000008c7  CECTL3_H                                          
000008c6  CECTL3_L                                          
000008cc  CEINT                                             
000008cd  CEINT_H                                           
000008cc  CEINT_L                                           
000008ce  CEIV                                              
000008cf  CEIV_H                                            
000008ce  CEIV_L                                            
00000150  CRCDI                                             
00000152  CRCDIRB                                           
00000153  CRCDIRB_H                                         
00000152  CRCDIRB_L                                         
00000151  CRCDI_H                                           
00000150  CRCDI_L                                           
00000154  CRCINIRES                                         
00000155  CRCINIRES_H                                       
00000154  CRCINIRES_L                                       
00000156  CRCRESR                                           
00000157  CRCRESR_H                                         
00000156  CRCRESR_L                                         
00000160  CSCTL0                                            
00000161  CSCTL0_H                                          
00000160  CSCTL0_L                                          
00000162  CSCTL1                                            
00000163  CSCTL1_H                                          
00000162  CSCTL1_L                                          
00000164  CSCTL2                                            
00000165  CSCTL2_H                                          
00000164  CSCTL2_L                                          
00000166  CSCTL3                                            
00000167  CSCTL3_H                                          
00000166  CSCTL3_L                                          
00000168  CSCTL4                                            
00000169  CSCTL4_H                                          
00000168  CSCTL4_L                                          
0000016a  CSCTL5                                            
0000016b  CSCTL5_H                                          
0000016a  CSCTL5_L                                          
0000016c  CSCTL6                                            
0000016d  CSCTL6_H                                          
0000016c  CSCTL6_L                                          
00000510  DMA0CTL                                           
00000511  DMA0CTL_H                                         
00000510  DMA0CTL_L                                         
00000516  DMA0DA                                            
00000518  DMA0DAH                                           
00000516  DMA0DAL                                           
00000512  DMA0SA                                            
00000514  DMA0SAH                                           
00000512  DMA0SAL                                           
0000051a  DMA0SZ                                            
00000520  DMA1CTL                                           
00000521  DMA1CTL_H                                         
00000520  DMA1CTL_L                                         
00000526  DMA1DA                                            
00000528  DMA1DAH                                           
00000526  DMA1DAL                                           
00000522  DMA1SA                                            
00000524  DMA1SAH                                           
00000522  DMA1SAL                                           
0000052a  DMA1SZ                                            
00000530  DMA2CTL                                           
00000531  DMA2CTL_H                                         
00000530  DMA2CTL_L                                         
00000536  DMA2DA                                            
00000538  DMA2DAH                                           
00000536  DMA2DAL                                           
00000532  DMA2SA                                            
00000534  DMA2SAH                                           
00000532  DMA2SAL                                           
0000053a  DMA2SZ                                            
00000500  DMACTL0                                           
00000501  DMACTL0_H                                         
00000500  DMACTL0_L                                         
00000502  DMACTL1                                           
00000503  DMACTL1_H                                         
00000502  DMACTL1_L                                         
00000504  DMACTL2                                           
00000505  DMACTL2_H                                         
00000504  DMACTL2_L                                         
00000506  DMACTL3                                           
00000507  DMACTL3_H                                         
00000506  DMACTL3_L                                         
00000508  DMACTL4                                           
00000509  DMACTL4_H                                         
00000508  DMACTL4_L                                         
0000050e  DMAIV                                             
0000050f  DMAIV_H                                           
0000050e  DMAIV_L                                           
00001f28  DOWN                                              
00001f48  ENTER                                             
00000140  FRCTL0                                            
00000141  FRCTL0_H                                          
00000140  FRCTL0_L                                          
00000144  GCCTL0                                            
00000145  GCCTL0_H                                          
00000144  GCCTL0_L                                          
00000146  GCCTL1                                            
00000147  GCCTL1_H                                          
00000146  GCCTL1_L                                          
000057cc  HOSTclose                                         
000135b8  HOSTlseek                                         
0000507a  HOSTopen                                          
000051c6  HOSTread                                          
00004f94  HOSTrename                                        
00005994  HOSTunlink                                        
0000515a  HOSTwrite                                         
00001f68  LEFT                                              
000004c4  MAC                                               
000004da  MAC32H                                            
000004db  MAC32H_H                                          
000004da  MAC32H_L                                          
000004d8  MAC32L                                            
000004d9  MAC32L_H                                          
000004d8  MAC32L_L                                          
000004c6  MACS                                              
000004de  MACS32H                                           
000004df  MACS32H_H                                         
000004de  MACS32H_L                                         
000004dc  MACS32L                                           
000004dd  MACS32L_H                                         
000004dc  MACS32L_L                                         
000004c7  MACS_H                                            
000004c6  MACS_L                                            
000004c5  MAC_H                                             
000004c4  MAC_L                                             
000005a0  MPUCTL0                                           
000005a1  MPUCTL0_H                                         
000005a0  MPUCTL0_L                                         
000005a2  MPUCTL1                                           
000005a3  MPUCTL1_H                                         
000005a2  MPUCTL1_L                                         
000005aa  MPUIPC0                                           
000005ab  MPUIPC0_H                                         
000005aa  MPUIPC0_L                                         
000005ae  MPUIPSEGB1                                        
000005af  MPUIPSEGB1_H                                      
000005ae  MPUIPSEGB1_L                                      
000005ac  MPUIPSEGB2                                        
000005ad  MPUIPSEGB2_H                                      
000005ac  MPUIPSEGB2_L                                      
000005a8  MPUSAM                                            
000005a9  MPUSAM_H                                          
000005a8  MPUSAM_L                                          
000005a6  MPUSEGB1                                          
000005a7  MPUSEGB1_H                                        
000005a6  MPUSEGB1_L                                        
000005a4  MPUSEGB2                                          
000005a5  MPUSEGB2_H                                        
000005a4  MPUSEGB2_L                                        
000004c0  MPY                                               
000004ec  MPY32CTL0                                         
000004ed  MPY32CTL0_H                                       
000004ec  MPY32CTL0_L                                       
000004d2  MPY32H                                            
000004d3  MPY32H_H                                          
000004d2  MPY32H_L                                          
000004d0  MPY32L                                            
000004d1  MPY32L_H                                          
000004d0  MPY32L_L                                          
000004c2  MPYS                                              
000004d6  MPYS32H                                           
000004d7  MPYS32H_H                                         
000004d6  MPYS32H_L                                         
000004d4  MPYS32L                                           
000004d5  MPYS32L_H                                         
000004d4  MPYS32L_L                                         
000004c3  MPYS_H                                            
000004c2  MPYS_L                                            
000004c1  MPY_H                                             
000004c0  MPY_L                                             
000004c8  OP2                                               
000004e2  OP2H                                              
000004e3  OP2H_H                                            
000004e2  OP2H_L                                            
000004e0  OP2L                                              
000004e1  OP2L_H                                            
000004e0  OP2L_L                                            
000004c9  OP2_H                                             
000004c8  OP2_L                                             
0000020e  P1IV                                              
0000021e  P2IV                                              
0000022e  P3IV                                              
0000023e  P4IV                                              
00000204  PADIR                                             
00000205  PADIR_H                                           
00000204  PADIR_L                                           
0000021a  PAIE                                              
00000218  PAIES                                             
00000219  PAIES_H                                           
00000218  PAIES_L                                           
0000021b  PAIE_H                                            
0000021a  PAIE_L                                            
0000021c  PAIFG                                             
0000021d  PAIFG_H                                           
0000021c  PAIFG_L                                           
00000200  PAIN                                              
00000201  PAIN_H                                            
00000200  PAIN_L                                            
00000202  PAOUT                                             
00000203  PAOUT_H                                           
00000202  PAOUT_L                                           
00000206  PAREN                                             
00000207  PAREN_H                                           
00000206  PAREN_L                                           
0000020a  PASEL0                                            
0000020b  PASEL0_H                                          
0000020a  PASEL0_L                                          
0000020c  PASEL1                                            
0000020d  PASEL1_H                                          
0000020c  PASEL1_L                                          
00000216  PASELC                                            
00000217  PASELC_H                                          
00000216  PASELC_L                                          
00000224  PBDIR                                             
00000225  PBDIR_H                                           
00000224  PBDIR_L                                           
0000023a  PBIE                                              
00000238  PBIES                                             
00000239  PBIES_H                                           
00000238  PBIES_L                                           
0000023b  PBIE_H                                            
0000023a  PBIE_L                                            
0000023c  PBIFG                                             
0000023d  PBIFG_H                                           
0000023c  PBIFG_L                                           
00000220  PBIN                                              
00000221  PBIN_H                                            
00000220  PBIN_L                                            
00000222  PBOUT                                             
00000223  PBOUT_H                                           
00000222  PBOUT_L                                           
00000226  PBREN                                             
00000227  PBREN_H                                           
00000226  PBREN_L                                           
0000022a  PBSEL0                                            
0000022b  PBSEL0_H                                          
0000022a  PBSEL0_L                                          
0000022c  PBSEL1                                            
0000022d  PBSEL1_H                                          
0000022c  PBSEL1_L                                          
00000236  PBSELC                                            
00000237  PBSELC_H                                          
00000236  PBSELC_L                                          
00000324  PJDIR                                             
00000325  PJDIR_H                                           
00000324  PJDIR_L                                           
00000320  PJIN                                              
00000321  PJIN_H                                            
00000320  PJIN_L                                            
00000322  PJOUT                                             
00000323  PJOUT_H                                           
00000322  PJOUT_L                                           
00000326  PJREN                                             
00000327  PJREN_H                                           
00000326  PJREN_L                                           
0000032a  PJSEL0                                            
0000032b  PJSEL0_H                                          
0000032a  PJSEL0_L                                          
0000032c  PJSEL1                                            
0000032d  PJSEL1_H                                          
0000032c  PJSEL1_L                                          
00000336  PJSELC                                            
00000337  PJSELC_H                                          
00000336  PJSELC_L                                          
00000130  PM5CTL0                                           
00000131  PM5CTL0_H                                         
00000130  PM5CTL0_L                                         
00000120  PMMCTL0                                           
00000121  PMMCTL0_H                                         
00000120  PMMCTL0_L                                         
0000012a  PMMIFG                                            
0000012b  PMMIFG_H                                          
0000012a  PMMIFG_L                                          
000001b0  REFCTL0                                           
000001b1  REFCTL0_H                                         
000001b0  REFCTL0_L                                         
000004e4  RES0                                              
000004e5  RES0_H                                            
000004e4  RES0_L                                            
000004e6  RES1                                              
000004e7  RES1_H                                            
000004e6  RES1_L                                            
000004e8  RES2                                              
000004e9  RES2_H                                            
000004e8  RES2_L                                            
000004ea  RES3                                              
000004eb  RES3_H                                            
000004ea  RES3_L                                            
000004cc  RESHI                                             
000004cd  RESHI_H                                           
000004cc  RESHI_L                                           
000004ca  RESLO                                             
000004cb  RESLO_H                                           
000004ca  RESLO_L                                           
00001f88  RIGHT                                             
000004ba  RTCADOWDAY                                        
000004bb  RTCADOWDAY_H                                      
000004ba  RTCADOWDAY_L                                      
000004b8  RTCAMINHR                                         
000004b9  RTCAMINHR_H                                       
000004b8  RTCAMINHR_L                                       
000004a0  RTCCTL01                                          
000004a1  RTCCTL01_H                                        
000004a0  RTCCTL01_L                                        
000004a2  RTCCTL23                                          
000004a3  RTCCTL23_H                                        
000004a2  RTCCTL23_L                                        
000004b4  RTCDATE                                           
000004b5  RTCDATE_H                                         
000004b4  RTCDATE_L                                         
000004ae  RTCIV                                             
000004ac  RTCPS                                             
000004a8  RTCPS0CTL                                         
000004a9  RTCPS0CTL_H                                       
000004a8  RTCPS0CTL_L                                       
000004aa  RTCPS1CTL                                         
000004ab  RTCPS1CTL_H                                       
000004aa  RTCPS1CTL_L                                       
000004ad  RTCPS_H                                           
[...]
000009c9  AESADIN_H                                         
000009ca  AESADOUT                                          
000009ca  AESADOUT_L                                        
000009cb  AESADOUT_H                                        
000009cc  AESAXDIN                                          
000009cc  AESAXDIN_L                                        
000009cd  AESAXDIN_H                                        
000009ce  AESAXIN                                           
000009ce  AESAXIN_L                                         
000009cf  AESAXIN_H                                         
00001513  mpu_sam_value                                     
00001c00  game                                              
00001e44  __TI_tmpnams                                      
00001f08  BACK                                              
00001f28  DOWN                                              
00001f48  ENTER                                             
00001f68  LEFT                                              
00001f88  RIGHT                                             
00001fa8  UP                                                
00001fc8  _ZN2IO3i2cE                                       
00001fdc  players_g                                         
00001ffe  _ZN8Cribbage2UPE                                  
00002002  _ZN8Cribbage4BACKE                                
00002006  _ZN8Cribbage4DOWNE                                
0000200a  _ZN8Cribbage4LEFTE                                
0000200e  _ZN8Cribbage5ENTERE                               
00002012  _ZN8Cribbage5RIGHTE                               
00002016  _ftable                                           
00002156  _ZN2IO5PORTSE                                     
000021f2  _ZN2IO8InputPin4pinsE                             
00002216  __TI_cleanup_ptr                                  
0000221a  __TI_dtors_ptr                                    
0000221e  _lock                                             
00002222  _unlock                                           
00002226  _new_handler                                      
0000222a  _ZN2IO8InputPin12numInputPinsE                    
0000222e  __TI_ft_end                                       
00002230  errno                                             
00002232  __TI_enable_exit_profile_output                   
00002236  _ZN8Cribbage6Player10numPlayersE                  
00002300  _stack                                            
00002400  __STACK_END                                       
00004400  _CIOBUF_                                          
00004400  fram_rw_start                                     
00004520  _sys_memory                                       
00004c00  _Z8EUSCI_B0v                                      
00004c00  fram_ipe_end                                      
00004c00  fram_ipe_start                                    
00004c00  fram_rx_start                                     
00004d22  _Z10timer1_isrv                                   
00004dc4  _c_int00_noargs_mpu                               
00004de4  _Z7Timer_Av                                       
00004e00  _Z15timer1_taiv_isrv                              
00004e18  __TI_ISR_TRAP                                     
00004e20  __TI_INITARRAY_Base                               
00004e28  _ZN8Cribbage13DisplayDriver7setupHWERKj           
00004e28  __TI_INITARRAY_Limit                              
00004f1c  __TI_decompress_lzss                              
00004f94  HOSTrename                                        
00005008  _ZN2IO8InputPin4initEv                            
0000507a  HOSTopen                                          
000050ea  __TI_closefile                                    
0000515a  HOSTwrite                                         
000051c6  HOSTread                                          
00005230  fseek                                             
0000529a  _ZN8Cribbage13DisplayDriver7checkHWEv             
00005302  __mspabi_fixdul                                   
0000536a  __mspabi_fixdli                                   
000053d0  copy_in                                           
00005436  __TI_doflush                                      
0000549a  atoi                                              
000054fc  main                                              
0000555e  _ZN2IO8USCI_I2C4initERKjS2_RKhS2_PVhh             
000055be  close                                             
00005672  fflush                                            
000056ca  __mspabi_divul                                    
000056ca  __mspabi_remul                                    
00005722  _ZN2IO8USCI_I2C9checkAddrEh                       
00005778  _ZN8Cribbage10Controller3runEv                    
000057cc  HOSTclose                                         
00005868  _ZN8Cribbage5Turns11handleInputERNS_10ControllerE 
000058b4  _system_pre_init                                  
00005900  exit                                              
0000594a  printf                                            
00005994  HOSTunlink                                        
000059da  minit                                             
00005a1c  __mspabi_divli                                    
00005a1c  __mspabi_remli                                    
00005a5c  __mspabi_sral_15                                  
00005a60  __mspabi_sral_14                                  
00005a64  __mspabi_sral_13                                  
00005a68  __mspabi_sral_12                                  
00005a6c  __mspabi_sral_11                                  
00005a70  __mspabi_sral_10                                  
00005a74  __mspabi_sral_9                                   
00005a78  __mspabi_sral_8                                   
00005a7c  __mspabi_sral_7                                   
00005a80  __mspabi_sral_6                                   
00005a84  __mspabi_sral_5                                   
00005a88  __mspabi_sral_4                                   
00005a8c  __mspabi_sral_3                                   
00005a90  __mspabi_sral_2                                   
00005a94  __mspabi_sral_1                                   
00005a9a  __mspabi_slll_15                                  
00005a9e  __mspabi_slll_14                                  
00005aa2  __mspabi_slll_13                                  
00005aa6  __mspabi_slll_12                                  
00005aaa  __mspabi_slll_11                                  
00005aae  __mspabi_slll_10                                  
00005ab2  __mspabi_slll_9                                   
00005ab6  __mspabi_slll_8                                   
00005aba  __mspabi_slll_7                                   
00005abe  __mspabi_slll_6                                   
00005ac2  __mspabi_slll_5                                   
00005ac6  __mspabi_slll_4                                   
00005aca  __mspabi_slll_3                                   
00005ace  __mspabi_slll_2                                   
00005ad2  __mspabi_slll_1                                   
00005ad8  __mspabi_srll_15                                  
00005adc  __mspabi_srll_14                                  
00005ae0  __mspabi_srll_13                                  
00005ae4  __mspabi_srll_12                                  
00005ae8  __mspabi_srll_11                                  
00005aec  __mspabi_srll_10                                  
00005af0  __mspabi_srll_9                                   
00005af4  __mspabi_srll_8                                   
00005af8  __mspabi_srll_7                                   
00005afc  __mspabi_srll_6                                   
00005b00  __mspabi_srll_5                                   
00005b04  __mspabi_srll_4                                   
00005b08  __mspabi_srll_3                                   
00005b0c  __mspabi_srll_2                                   
00005b10  __mspabi_srll_1                                   
00005b16  lseek                                             
00005b54  __cxa_vec_ctor                                    
00005b90  write                                             
00005bcc  __mspabi_sllll                                    
00005c06  __mspabi_srlll                                    
00005c40  _Z11setUpTimersmm                                 
00005c78  _Z10timer_initj                                   
00005cae  __TI_cleanup                                      
00005ce4  __TI_writemsg                                     
00005d16  C$$IO$$                                           
00005d1a  _ZN8Cribbage13DisplayDriver12updateDrvCmdEv       
00005d4e  _Znaj                                             
00005d4e  _Znwj                                             
00005d82  __TI_readmsg                                      
00005db4  __mspabi_subd                                     
00005de6  strncpy                                           
00005e18  _ZN8Cribbage13DisplayDriver11wrCmdToDrvsEv        
00005e48  remove                                            
00005e48  unlink                                            
00005e78  __mspabi_negd                                     
00005ea6  copysign                                          
00005ea6  copysignl                                         
00005f02  _ZN8Cribbage13DisplayDriverC1Ev                   
00005f02  _ZN8Cribbage13DisplayDriverC2Ev                   
00005f2e  _ZN8Cribbage4Init6updateERNS_10ControllerE        
00005f58  __mpu_init                                        
00005f80  __mspabi_fixdi                                    
00005fa8  __sti___19_cribbage_driver_cpp_1ff44c53           
00005fd0  _ZN8Cribbage10Controller5enterEv                  
00005ff4  _ZN8Cribbage13DisplayDriver4ctrlEjb               
00006018  __TI_zero_init                                    
0000603c  __mspabi_mpyl_f5hw                                
00006060  _ZN8Cribbage4Init5enterERNS_10ControllerE         
00006082  _ZN8Cribbage5Turns5enterERNS_10ControllerE        
000060a4  _ZN8Cribbage10Controller11handleInputEv           
000060c2  _ZN8Cribbage13DisplayDriver5clearEv               
000060e0  memccpy                                           
000060fe  strchr                                            
0000611a  strcmp                                            
00006136  _ZN8Cribbage2UIC1Ev                               
00006136  _ZN8Cribbage2UIC2Ev                               
00006150  _abort_msg                                        
0000616a  _ZN8Cribbage4Init11showEnabledEjbRNS_10ControllerE
00006182  __mspabi_mpyi_f5hw                                
0000619a  _ZN8Cribbage6PlayerC1Ev                           
0000619a  _ZN8Cribbage6PlayerC2Ev                           
000061b0  memchr                                            
000061c6  memset                                            
000061dc  __mspabi_divu                                     
000061dc  __mspabi_remu                                     
000061f2  _ZN8Cribbage10Controller6updateEv                 
00006206  memcpy                                            
0000621a  _ZN8Cribbage13DisplayDriver15updateLEDMatrixEv    
0000622c  _ZN8Cribbage2UI12setCurrScoreEj                   
0000623e  __mspabi_fixdu                                    
00006250  __TI_decompress_none                              
00006262  strcpy                                            
00006274  toupper                                           
00006286  __mspabi_sral                                     
00006296  __mspabi_slll                                     
000062a6  __mspabi_srll                                     
000062b6  strlen                                            
000062c4  _ZN2IO8InputPin4readEv                            
000062d0  __mspabi_fltid                                    
000062dc  _ZN10__cxxabiv117__class_type_infoD0Ev            
000062e6  _ZN10__cxxabiv120__si_class_type_infoD0Ev         
000062f0  _ZN8Cribbage10Controller7sysInitERKj              
000062fa  _ZdaPv                                            
000062fa  _ZdlPv                                            
00006304  abs                                               
0000630e  __mspabi_slli                                     
00006318  __cxa_pure_virtual                                
00006320  _ZN2IO8USCI_I2CC1Ev                               
00006320  _ZN2IO8USCI_I2CC2Ev                               
00006326  _ZN8Cribbage13DisplayDriver7disableEv             
0000632c  _ZN8Cribbage15updateLEDPOV_CBEPv                  
00006332  _ZN8Cribbage2UI9setPlayerEj                       
0000633e  C$$EXIT                                           
0000633e  abort                                             
00006344  __abort_execution                                 
0000634c  _Z21__default_new_handlerv                        
0000634e  _ZN10__cxxabiv117__class_type_infoD1Ev            
0000634e  _ZN10__cxxabiv117__class_type_infoD2Ev            
00006350  _ZN10__cxxabiv120__si_class_type_infoD1Ev         
00006350  _ZN10__cxxabiv120__si_class_type_infoD2Ev         
00006352  _ZN8Cribbage5Turns6updateERNS_10ControllerE       
00006354  _nop                                              
00006356  _system_post_cinit                                
000064ba  _ctypes_                                          
000066f8  _ZZN2IO8InputPin8evaluateEvEs                     
0000676c  _ZZN2IO8USCI_I2C14waitForBusFreeEvEs_0            
000067a2  _ZN8Cribbage13DisplayDriver6anodesE               
000067d2  _ZN8Cribbage13DisplayDriver8cathodesE             
00006820  _ZTSN10__cxxabiv120__si_class_type_infoE          
00006846  _ZTSN10__cxxabiv117__class_type_infoE             
00006868  _ZTSN8Cribbage10ControllerE                       
00006880  _ZZN2IO8USCI_I2C14waitForBusFreeEvEs              
00006896  _ZTVN8Cribbage10ControllerE                       
000068aa  _ZTVN8Cribbage4InitE                              
000068be  _ZTVN8Cribbage5StateE                             
000068d2  _ZTVN8Cribbage5TurnsE                             
000068e6  _ZTSN8Cribbage5StateE                             
000068f8  _ZTSN8Cribbage5TurnsE                             
0000690a  _ZTSN8Cribbage4InitE                              
0000691c  _ZTVN10__cxxabiv117__class_type_infoE             
0000692c  _ZTVN10__cxxabiv120__si_class_type_infoE          
0000693c  _ZTSSt9type_info                                  
0000694a  _ZTIN10__cxxabiv117__class_type_infoE             
00006956  _ZTIN10__cxxabiv120__si_class_type_infoE          
00006962  _ZTIN8Cribbage4InitE                              
0000696e  _ZTIN8Cribbage5TurnsE                             
0000697a  _ZTIN8Cribbage10ControllerE                       
00006982  _ZTIN8Cribbage5StateE                             
0000698a  _ZTISt9type_info                                  
00006992  _ZN8Cribbage2UI12playerOffsetE                    
0000699a  _ZN2IO9NUM_PORTSE                                 
00006a32  __TI_Handler_Table_Base                           
00006a3e  __TI_Handler_Table_Limit                          
00006a44  __TI_CINIT_Base                                   
00006a54  __TI_CINIT_Limit                                  
0000a501  mpu_ctl0_value                                    
0000ffcc  __TI_int30                                        
0000ffce  __TI_int31                                        
0000ffd0  __TI_int32                                        
0000ffd2  __TI_int33                                        
0000ffd4  __TI_int34                                        
0000ffd6  __TI_int35                                        
0000ffd8  __TI_int36                                        
0000ffda  __TI_int37                                        
0000ffdc  __TI_int38                                        
0000ffde  __TI_int39                                        
0000ffe0  __TI_int40                                        
0000ffe2  __TI_int41                                        
0000ffe4  __TI_int42                                        
0000ffe6  __TI_int43                                        
0000ffe8  __TI_int44                                        
0000ffea  __TI_int45                                        
0000ffec  __TI_int46                                        
0000ffee  __TI_int47                                        
0000fff0  __TI_int48                                        
0000fff2  __TI_int49                                        
0000fff4  __TI_int50                                        
0000fff6  __TI_int51                                        
0000fff8  __TI_int52                                        
0000fffa  __TI_int53                                        
0000fffc  __TI_int54                                        
0000fffe  _reset_vector                                     
00010000  __TI_frcdivd                                      
00010478  __mspabi_divull                                   
000107c6  __mspabi_addd                                     
00010a9e  __TI_frcmpyd                                      
00010d24  __mspabi_mpyd                                     
00011464  __TI_frcaddd                                      
000116b6  _Z9setUpPinsm                                     
000118fa  __TI_printfi                                      
00011d5a  __mspabi_divd                                     
0001252e  ldexp                                             
0001252e  ldexpl                                            
0001252e  scalbn                                            
0001252e  scalbnl                                           
00012e2e  _ZN2IO8InputPin4initEdddd                         
00012f20  fputs                                             
00013010  _ZN2IO8InputPin13fromInterruptEv                  
000130f8  setvbuf                                           
000131d8  __mspabi_cmpd                                     
000132b0  _ZN2IO8USCI_I2C11transactionEPjjPhj               
0001337a  _ZN8Cribbage13DisplayDriver12updateI2CCmdEv       
00013444  malloc                                            
00013500  _Z12timer_createjiPFvPvES_                        
000135b8  HOSTlseek                                         
0001366c  __TI_renormd                                      
0001371e  frexp                                             
0001371e  frexpl                                            
00013876  __mspabi_fltlid                                   
00013914  _ZN8Cribbage4Init11handleInputERNS_10ControllerE  
00013ac6  fputc                                             
00013ac6  putc                                              
00013b56  free                                              
00013be4  _ZN2IO8InputPinC1EjjbNS_6PULLUP6PULLUPE           
00013be4  _ZN2IO8InputPinC2EjjbNS_6PULLUP6PULLUPE           
00013cf2  _ZN8Cribbage10ControllerC1Ev                      
00013cf2  _ZN8Cribbage10ControllerC2Ev                      
00013d76  __sti___8_main_cpp_UP                             
00013df8  _auto_init_hold_wdt                               
00013e7a  __mspabi_fltuld                                   
00013efa  ltoa                                              
00013f7a  __TI_wrt_ok                                       
00013ff8  _ZN8Cribbage13DisplayDriver3setEj                 
ffffffff  __TI_pprof_out_hndl                               
ffffffff  __TI_prof_data_size                               
ffffffff  __TI_prof_data_start                              
ffffffff  __c_args__                                        
UNDEFED   __TI_BINIT_Base                                   
UNDEFED   __TI_BINIT_Limit                                  

[1119 symbols]
