<?xml version="1.0"?>
<link_info>
   <banner>MSP430 Linker Unix v17.3.0.STS</banner>
   <copyright>Copyright (c) 2003-2017 Texas Instruments Incorporated</copyright>
   <link_time>0x5967031c</link_time>
   <link_errors>0x0</link_errors>
   <output_file>cribbage_LED.out</output_file>
   <entry_point>
      <name>_c_int00_noargs_mpu</name>
      <address>0x4d2c</address>
   </entry_point>
   <input_file_list>
      <input_file id="fl-2">
         <path>./</path>
         <kind>object</kind>
         <file>8117.memsafety.obj</file>
         <name>8117.memsafety.obj</name>
      </input_file>
      <input_file id="fl-3">
         <path>./</path>
         <kind>object</kind>
         <file>CribbageConsts.obj</file>
         <name>CribbageConsts.obj</name>
      </input_file>
      <input_file id="fl-4">
         <path>./</path>
         <kind>object</kind>
         <file>IOHandler.obj</file>
         <name>IOHandler.obj</name>
      </input_file>
      <input_file id="fl-5">
         <path>./</path>
         <kind>object</kind>
         <file>InputHandler.obj</file>
         <name>InputHandler.obj</name>
      </input_file>
      <input_file id="fl-6">
         <path>./</path>
         <kind>object</kind>
         <file>USCII2C.obj</file>
         <name>USCII2C.obj</name>
      </input_file>
      <input_file id="fl-7">
         <path>./</path>
         <kind>object</kind>
         <file>USCII2C_test.obj</file>
         <name>USCII2C_test.obj</name>
      </input_file>
      <input_file id="fl-8">
         <path>./</path>
         <kind>object</kind>
         <file>cribbage_driver.obj</file>
         <name>cribbage_driver.obj</name>
      </input_file>
      <input_file id="fl-9">
         <path>./</path>
         <kind>object</kind>
         <file>gameframe.obj</file>
         <name>gameframe.obj</name>
      </input_file>
      <input_file id="fl-a">
         <path>./</path>
         <kind>object</kind>
         <file>main.obj</file>
         <name>main.obj</name>
      </input_file>
      <input_file id="fl-b">
         <path>./</path>
         <kind>object</kind>
         <file>timer.obj</file>
         <name>timer.obj</name>
      </input_file>
      <input_file id="fl-c">
         <path>./</path>
         <kind>object</kind>
         <file>watchdog.obj</file>
         <name>watchdog.obj</name>
      </input_file>
      <input_file id="fl-d">
         <path>./fram-utilities/ctpl/</path>
         <kind>object</kind>
         <file>ctpl.obj</file>
         <name>ctpl.obj</name>
      </input_file>
      <input_file id="fl-e">
         <path>./fram-utilities/ctpl/</path>
         <kind>object</kind>
         <file>ctpl_low_level.obj</file>
         <name>ctpl_low_level.obj</name>
      </input_file>
      <input_file id="fl-f">
         <path>./fram-utilities/ctpl/</path>
         <kind>object</kind>
         <file>ctpl_low_level_macros.obj</file>
         <name>ctpl_low_level_macros.obj</name>
      </input_file>
      <input_file id="fl-10">
         <path>./fram-utilities/ctpl/peripherals/</path>
         <kind>object</kind>
         <file>ctpl_adc.obj</file>
         <name>ctpl_adc.obj</name>
      </input_file>
      <input_file id="fl-11">
         <path>./fram-utilities/ctpl/peripherals/</path>
         <kind>object</kind>
         <file>ctpl_adc10_b.obj</file>
         <name>ctpl_adc10_b.obj</name>
      </input_file>
      <input_file id="fl-12">
         <path>./fram-utilities/ctpl/peripherals/</path>
         <kind>object</kind>
         <file>ctpl_adc12_b.obj</file>
         <name>ctpl_adc12_b.obj</name>
      </input_file>
      <input_file id="fl-13">
         <path>./fram-utilities/ctpl/peripherals/</path>
         <kind>object</kind>
         <file>ctpl_captio.obj</file>
         <name>ctpl_captio.obj</name>
      </input_file>
      <input_file id="fl-14">
         <path>./fram-utilities/ctpl/peripherals/</path>
         <kind>object</kind>
         <file>ctpl_comp_d.obj</file>
         <name>ctpl_comp_d.obj</name>
      </input_file>
      <input_file id="fl-15">
         <path>./fram-utilities/ctpl/peripherals/</path>
         <kind>object</kind>
         <file>ctpl_comp_e.obj</file>
         <name>ctpl_comp_e.obj</name>
      </input_file>
      <input_file id="fl-16">
         <path>./fram-utilities/ctpl/peripherals/</path>
         <kind>object</kind>
         <file>ctpl_crc16.obj</file>
         <name>ctpl_crc16.obj</name>
      </input_file>
      <input_file id="fl-17">
         <path>./fram-utilities/ctpl/peripherals/</path>
         <kind>object</kind>
         <file>ctpl_crc32.obj</file>
         <name>ctpl_crc32.obj</name>
      </input_file>
      <input_file id="fl-18">
         <path>./fram-utilities/ctpl/peripherals/</path>
         <kind>object</kind>
         <file>ctpl_cs.obj</file>
         <name>ctpl_cs.obj</name>
      </input_file>
      <input_file id="fl-19">
         <path>./fram-utilities/ctpl/peripherals/</path>
         <kind>object</kind>
         <file>ctpl_dmax_3.obj</file>
         <name>ctpl_dmax_3.obj</name>
      </input_file>
      <input_file id="fl-1a">
         <path>./fram-utilities/ctpl/peripherals/</path>
         <kind>object</kind>
         <file>ctpl_dmax_6.obj</file>
         <name>ctpl_dmax_6.obj</name>
      </input_file>
      <input_file id="fl-1b">
         <path>./fram-utilities/ctpl/peripherals/</path>
         <kind>object</kind>
         <file>ctpl_ecomp.obj</file>
         <name>ctpl_ecomp.obj</name>
      </input_file>
      <input_file id="fl-1c">
         <path>./fram-utilities/ctpl/peripherals/</path>
         <kind>object</kind>
         <file>ctpl_eusci_a.obj</file>
         <name>ctpl_eusci_a.obj</name>
      </input_file>
      <input_file id="fl-1d">
         <path>./fram-utilities/ctpl/peripherals/</path>
         <kind>object</kind>
         <file>ctpl_eusci_b.obj</file>
         <name>ctpl_eusci_b.obj</name>
      </input_file>
      <input_file id="fl-1e">
         <path>./fram-utilities/ctpl/peripherals/</path>
         <kind>object</kind>
         <file>ctpl_fram.obj</file>
         <name>ctpl_fram.obj</name>
      </input_file>
      <input_file id="fl-1f">
         <path>./fram-utilities/ctpl/peripherals/</path>
         <kind>object</kind>
         <file>ctpl_lcd_c.obj</file>
         <name>ctpl_lcd_c.obj</name>
      </input_file>
      <input_file id="fl-20">
         <path>./fram-utilities/ctpl/peripherals/</path>
         <kind>object</kind>
         <file>ctpl_lcd_e.obj</file>
         <name>ctpl_lcd_e.obj</name>
      </input_file>
      <input_file id="fl-21">
         <path>./fram-utilities/ctpl/peripherals/</path>
         <kind>object</kind>
         <file>ctpl_mpu.obj</file>
         <name>ctpl_mpu.obj</name>
      </input_file>
      <input_file id="fl-22">
         <path>./fram-utilities/ctpl/peripherals/</path>
         <kind>object</kind>
         <file>ctpl_mpy32.obj</file>
         <name>ctpl_mpy32.obj</name>
      </input_file>
      <input_file id="fl-23">
         <path>./fram-utilities/ctpl/peripherals/</path>
         <kind>object</kind>
         <file>ctpl_pmm.obj</file>
         <name>ctpl_pmm.obj</name>
      </input_file>
      <input_file id="fl-24">
         <path>./fram-utilities/ctpl/peripherals/</path>
         <kind>object</kind>
         <file>ctpl_port.obj</file>
         <name>ctpl_port.obj</name>
      </input_file>
      <input_file id="fl-25">
         <path>./fram-utilities/ctpl/peripherals/</path>
         <kind>object</kind>
         <file>ctpl_port_int.obj</file>
         <name>ctpl_port_int.obj</name>
      </input_file>
      <input_file id="fl-26">
         <path>./fram-utilities/ctpl/peripherals/</path>
         <kind>object</kind>
         <file>ctpl_rc.obj</file>
         <name>ctpl_rc.obj</name>
      </input_file>
      <input_file id="fl-27">
         <path>./fram-utilities/ctpl/peripherals/</path>
         <kind>object</kind>
         <file>ctpl_ref_a.obj</file>
         <name>ctpl_ref_a.obj</name>
      </input_file>
      <input_file id="fl-28">
         <path>./fram-utilities/ctpl/peripherals/</path>
         <kind>object</kind>
         <file>ctpl_rtc.obj</file>
         <name>ctpl_rtc.obj</name>
      </input_file>
      <input_file id="fl-29">
         <path>./fram-utilities/ctpl/peripherals/</path>
         <kind>object</kind>
         <file>ctpl_rtc_b.obj</file>
         <name>ctpl_rtc_b.obj</name>
      </input_file>
      <input_file id="fl-2a">
         <path>./fram-utilities/ctpl/peripherals/</path>
         <kind>object</kind>
         <file>ctpl_rtc_c.obj</file>
         <name>ctpl_rtc_c.obj</name>
      </input_file>
      <input_file id="fl-2b">
         <path>./fram-utilities/ctpl/peripherals/</path>
         <kind>object</kind>
         <file>ctpl_sac.obj</file>
         <name>ctpl_sac.obj</name>
      </input_file>
      <input_file id="fl-2c">
         <path>./fram-utilities/ctpl/peripherals/</path>
         <kind>object</kind>
         <file>ctpl_sys.obj</file>
         <name>ctpl_sys.obj</name>
      </input_file>
      <input_file id="fl-2d">
         <path>./fram-utilities/ctpl/peripherals/</path>
         <kind>object</kind>
         <file>ctpl_timer_2.obj</file>
         <name>ctpl_timer_2.obj</name>
      </input_file>
      <input_file id="fl-2e">
         <path>./fram-utilities/ctpl/peripherals/</path>
         <kind>object</kind>
         <file>ctpl_timer_3.obj</file>
         <name>ctpl_timer_3.obj</name>
      </input_file>
      <input_file id="fl-2f">
         <path>./fram-utilities/ctpl/peripherals/</path>
         <kind>object</kind>
         <file>ctpl_timer_5.obj</file>
         <name>ctpl_timer_5.obj</name>
      </input_file>
      <input_file id="fl-30">
         <path>./fram-utilities/ctpl/peripherals/</path>
         <kind>object</kind>
         <file>ctpl_timer_7.obj</file>
         <name>ctpl_timer_7.obj</name>
      </input_file>
      <input_file id="fl-31">
         <path>./fram-utilities/ctpl/peripherals/</path>
         <kind>object</kind>
         <file>ctpl_tri.obj</file>
         <name>ctpl_tri.obj</name>
      </input_file>
      <input_file id="fl-32">
         <path>./fram-utilities/ctpl/peripherals/</path>
         <kind>object</kind>
         <file>ctpl_wdt_a.obj</file>
         <name>ctpl_wdt_a.obj</name>
      </input_file>
      <input_file id="fl-3a">
         <kind>object</kind>
         <file>&lt;internal&gt;</file>
         <name>&lt;internal&gt;</name>
      </input_file>
      <input_file id="fl-5a">
         <path>/Applications/ti/ccsv7/tools/compiler/ti-cgt-msp430_17.3.0.STS/lib/</path>
         <kind>archive</kind>
         <file>rts430x_lc_rd_eabi.lib</file>
         <name>typeinfo_.obj</name>
      </input_file>
      <input_file id="fl-5b">
         <path>/Applications/ti/ccsv7/tools/compiler/ti-cgt-msp430_17.3.0.STS/lib/</path>
         <kind>archive</kind>
         <file>rts430x_lc_rd_eabi.lib</file>
         <name>delete.obj</name>
      </input_file>
      <input_file id="fl-5c">
         <path>/Applications/ti/ccsv7/tools/compiler/ti-cgt-msp430_17.3.0.STS/lib/</path>
         <kind>archive</kind>
         <file>rts430x_lc_rd_eabi.lib</file>
         <name>copy_decompress_lzss.obj</name>
      </input_file>
      <input_file id="fl-5d">
         <path>/Applications/ti/ccsv7/tools/compiler/ti-cgt-msp430_17.3.0.STS/lib/</path>
         <kind>archive</kind>
         <file>rts430x_lc_rd_eabi.lib</file>
         <name>copy_decompress_none.obj</name>
      </input_file>
      <input_file id="fl-5e">
         <path>/Applications/ti/ccsv7/tools/compiler/ti-cgt-msp430_17.3.0.STS/lib/</path>
         <kind>archive</kind>
         <file>rts430x_lc_rd_eabi.lib</file>
         <name>int30.obj</name>
      </input_file>
      <input_file id="fl-5f">
         <path>/Applications/ti/ccsv7/tools/compiler/ti-cgt-msp430_17.3.0.STS/lib/</path>
         <kind>archive</kind>
         <file>rts430x_lc_rd_eabi.lib</file>
         <name>isr_trap.obj</name>
      </input_file>
      <input_file id="fl-60">
         <path>/Applications/ti/ccsv7/tools/compiler/ti-cgt-msp430_17.3.0.STS/lib/</path>
         <kind>archive</kind>
         <file>rts430x_lc_rd_eabi.lib</file>
         <name>int31.obj</name>
      </input_file>
      <input_file id="fl-61">
         <path>/Applications/ti/ccsv7/tools/compiler/ti-cgt-msp430_17.3.0.STS/lib/</path>
         <kind>archive</kind>
         <file>rts430x_lc_rd_eabi.lib</file>
         <name>int32.obj</name>
      </input_file>
      <input_file id="fl-62">
         <path>/Applications/ti/ccsv7/tools/compiler/ti-cgt-msp430_17.3.0.STS/lib/</path>
         <kind>archive</kind>
         <file>rts430x_lc_rd_eabi.lib</file>
         <name>int33.obj</name>
      </input_file>
      <input_file id="fl-63">
         <path>/Applications/ti/ccsv7/tools/compiler/ti-cgt-msp430_17.3.0.STS/lib/</path>
         <kind>archive</kind>
         <file>rts430x_lc_rd_eabi.lib</file>
         <name>int34.obj</name>
      </input_file>
      <input_file id="fl-64">
         <path>/Applications/ti/ccsv7/tools/compiler/ti-cgt-msp430_17.3.0.STS/lib/</path>
         <kind>archive</kind>
         <file>rts430x_lc_rd_eabi.lib</file>
         <name>int35.obj</name>
      </input_file>
      <input_file id="fl-65">
         <path>/Applications/ti/ccsv7/tools/compiler/ti-cgt-msp430_17.3.0.STS/lib/</path>
         <kind>archive</kind>
         <file>rts430x_lc_rd_eabi.lib</file>
         <name>int36.obj</name>
      </input_file>
      <input_file id="fl-66">
         <path>/Applications/ti/ccsv7/tools/compiler/ti-cgt-msp430_17.3.0.STS/lib/</path>
         <kind>archive</kind>
         <file>rts430x_lc_rd_eabi.lib</file>
         <name>int37.obj</name>
      </input_file>
      <input_file id="fl-67">
         <path>/Applications/ti/ccsv7/tools/compiler/ti-cgt-msp430_17.3.0.STS/lib/</path>
         <kind>archive</kind>
         <file>rts430x_lc_rd_eabi.lib</file>
         <name>int38.obj</name>
      </input_file>
      <input_file id="fl-68">
         <path>/Applications/ti/ccsv7/tools/compiler/ti-cgt-msp430_17.3.0.STS/lib/</path>
         <kind>archive</kind>
         <file>rts430x_lc_rd_eabi.lib</file>
         <name>int39.obj</name>
      </input_file>
      <input_file id="fl-69">
         <path>/Applications/ti/ccsv7/tools/compiler/ti-cgt-msp430_17.3.0.STS/lib/</path>
         <kind>archive</kind>
         <file>rts430x_lc_rd_eabi.lib</file>
         <name>int42.obj</name>
      </input_file>
      <input_file id="fl-6a">
         <path>/Applications/ti/ccsv7/tools/compiler/ti-cgt-msp430_17.3.0.STS/lib/</path>
         <kind>archive</kind>
         <file>rts430x_lc_rd_eabi.lib</file>
         <name>int43.obj</name>
      </input_file>
      <input_file id="fl-6b">
         <path>/Applications/ti/ccsv7/tools/compiler/ti-cgt-msp430_17.3.0.STS/lib/</path>
         <kind>archive</kind>
         <file>rts430x_lc_rd_eabi.lib</file>
         <name>int46.obj</name>
      </input_file>
      <input_file id="fl-6c">
         <path>/Applications/ti/ccsv7/tools/compiler/ti-cgt-msp430_17.3.0.STS/lib/</path>
         <kind>archive</kind>
         <file>rts430x_lc_rd_eabi.lib</file>
         <name>int48.obj</name>
      </input_file>
      <input_file id="fl-6d">
         <path>/Applications/ti/ccsv7/tools/compiler/ti-cgt-msp430_17.3.0.STS/lib/</path>
         <kind>archive</kind>
         <file>rts430x_lc_rd_eabi.lib</file>
         <name>int49.obj</name>
      </input_file>
      <input_file id="fl-6e">
         <path>/Applications/ti/ccsv7/tools/compiler/ti-cgt-msp430_17.3.0.STS/lib/</path>
         <kind>archive</kind>
         <file>rts430x_lc_rd_eabi.lib</file>
         <name>int50.obj</name>
      </input_file>
      <input_file id="fl-6f">
         <path>/Applications/ti/ccsv7/tools/compiler/ti-cgt-msp430_17.3.0.STS/lib/</path>
         <kind>archive</kind>
         <file>rts430x_lc_rd_eabi.lib</file>
         <name>int51.obj</name>
      </input_file>
      <input_file id="fl-70">
         <path>/Applications/ti/ccsv7/tools/compiler/ti-cgt-msp430_17.3.0.STS/lib/</path>
         <kind>archive</kind>
         <file>rts430x_lc_rd_eabi.lib</file>
         <name>int52.obj</name>
      </input_file>
      <input_file id="fl-71">
         <path>/Applications/ti/ccsv7/tools/compiler/ti-cgt-msp430_17.3.0.STS/lib/</path>
         <kind>archive</kind>
         <file>rts430x_lc_rd_eabi.lib</file>
         <name>int53.obj</name>
      </input_file>
      <input_file id="fl-72">
         <path>/Applications/ti/ccsv7/tools/compiler/ti-cgt-msp430_17.3.0.STS/lib/</path>
         <kind>archive</kind>
         <file>rts430x_lc_rd_eabi.lib</file>
         <name>int54.obj</name>
      </input_file>
      <input_file id="fl-73">
         <path>/Applications/ti/ccsv7/tools/compiler/ti-cgt-msp430_17.3.0.STS/lib/</path>
         <kind>archive</kind>
         <file>rts430x_lc_rd_eabi.lib</file>
         <name>copy_zero_init.obj</name>
      </input_file>
      <input_file id="fl-74">
         <path>/Applications/ti/ccsv7/tools/compiler/ti-cgt-msp430_17.3.0.STS/lib/</path>
         <kind>archive</kind>
         <file>rts430x_lc_rd_eabi.lib</file>
         <name>pure_virt.obj</name>
      </input_file>
      <input_file id="fl-75">
         <path>/Applications/ti/ccsv7/tools/compiler/ti-cgt-msp430_17.3.0.STS/lib/</path>
         <kind>archive</kind>
         <file>rts430x_lc_rd_eabi.lib</file>
         <name>error.obj</name>
      </input_file>
      <input_file id="fl-76">
         <path>/Applications/ti/ccsv7/tools/compiler/ti-cgt-msp430_17.3.0.STS/lib/</path>
         <kind>archive</kind>
         <file>rts430x_lc_rd_eabi.lib</file>
         <name>vec_newdel.obj</name>
      </input_file>
      <input_file id="fl-77">
         <path>/Applications/ti/ccsv7/tools/compiler/ti-cgt-msp430_17.3.0.STS/lib/</path>
         <kind>archive</kind>
         <file>rts430x_lc_rd_eabi.lib</file>
         <name>array_del.obj</name>
      </input_file>
      <input_file id="fl-78">
         <path>/Applications/ti/ccsv7/tools/compiler/ti-cgt-msp430_17.3.0.STS/lib/</path>
         <kind>archive</kind>
         <file>rts430x_lc_rd_eabi.lib</file>
         <name>array_new.obj</name>
      </input_file>
      <input_file id="fl-79">
         <path>/Applications/ti/ccsv7/tools/compiler/ti-cgt-msp430_17.3.0.STS/lib/</path>
         <kind>archive</kind>
         <file>rts430x_lc_rd_eabi.lib</file>
         <name>new_.obj</name>
      </input_file>
      <input_file id="fl-7a">
         <path>/Applications/ti/ccsv7/tools/compiler/ti-cgt-msp430_17.3.0.STS/lib/</path>
         <kind>archive</kind>
         <file>rts430x_lc_rd_eabi.lib</file>
         <name>newhandler.obj</name>
      </input_file>
      <input_file id="fl-7b">
         <path>/Applications/ti/ccsv7/tools/compiler/ti-cgt-msp430_17.3.0.STS/lib/</path>
         <kind>archive</kind>
         <file>rts430x_lc_rd_eabi.lib</file>
         <name>divd.obj</name>
      </input_file>
      <input_file id="fl-7c">
         <path>/Applications/ti/ccsv7/tools/compiler/ti-cgt-msp430_17.3.0.STS/lib/</path>
         <kind>archive</kind>
         <file>rts430x_lc_rd_eabi.lib</file>
         <name>frcdivd.obj</name>
      </input_file>
      <input_file id="fl-7d">
         <path>/Applications/ti/ccsv7/tools/compiler/ti-cgt-msp430_17.3.0.STS/lib/</path>
         <kind>archive</kind>
         <file>rts430x_lc_rd_eabi.lib</file>
         <name>div16u.obj</name>
      </input_file>
      <input_file id="fl-7e">
         <path>/Applications/ti/ccsv7/tools/compiler/ti-cgt-msp430_17.3.0.STS/lib/</path>
         <kind>archive</kind>
         <file>rts430x_lc_rd_eabi.lib</file>
         <name>div32u.obj</name>
      </input_file>
      <input_file id="fl-7f">
         <path>/Applications/ti/ccsv7/tools/compiler/ti-cgt-msp430_17.3.0.STS/lib/</path>
         <kind>archive</kind>
         <file>rts430x_lc_rd_eabi.lib</file>
         <name>fixdu.obj</name>
      </input_file>
      <input_file id="fl-80">
         <path>/Applications/ti/ccsv7/tools/compiler/ti-cgt-msp430_17.3.0.STS/lib/</path>
         <kind>archive</kind>
         <file>rts430x_lc_rd_eabi.lib</file>
         <name>fixdul.obj</name>
      </input_file>
      <input_file id="fl-81">
         <path>/Applications/ti/ccsv7/tools/compiler/ti-cgt-msp430_17.3.0.STS/lib/</path>
         <kind>archive</kind>
         <file>rts430x_lc_rd_eabi.lib</file>
         <name>fltuld.obj</name>
      </input_file>
      <input_file id="fl-82">
         <path>/Applications/ti/ccsv7/tools/compiler/ti-cgt-msp430_17.3.0.STS/lib/</path>
         <kind>archive</kind>
         <file>rts430x_lc_rd_eabi.lib</file>
         <name>mpyd.obj</name>
      </input_file>
      <input_file id="fl-83">
         <path>/Applications/ti/ccsv7/tools/compiler/ti-cgt-msp430_17.3.0.STS/lib/</path>
         <kind>archive</kind>
         <file>rts430x_lc_rd_eabi.lib</file>
         <name>frcmpyd.obj</name>
      </input_file>
      <input_file id="fl-84">
         <path>/Applications/ti/ccsv7/tools/compiler/ti-cgt-msp430_17.3.0.STS/lib/</path>
         <kind>archive</kind>
         <file>rts430x_lc_rd_eabi.lib</file>
         <name>mult16.obj</name>
      </input_file>
      <input_file id="fl-85">
         <path>/Applications/ti/ccsv7/tools/compiler/ti-cgt-msp430_17.3.0.STS/lib/</path>
         <kind>archive</kind>
         <file>rts430x_lc_rd_eabi.lib</file>
         <name>mult16_f5hw.obj</name>
      </input_file>
      <input_file id="fl-86">
         <path>/Applications/ti/ccsv7/tools/compiler/ti-cgt-msp430_17.3.0.STS/lib/</path>
         <kind>archive</kind>
         <file>rts430x_lc_rd_eabi.lib</file>
         <name>mult32.obj</name>
      </input_file>
      <input_file id="fl-87">
         <path>/Applications/ti/ccsv7/tools/compiler/ti-cgt-msp430_17.3.0.STS/lib/</path>
         <kind>archive</kind>
         <file>rts430x_lc_rd_eabi.lib</file>
         <name>mult32_f5hw.obj</name>
      </input_file>
      <input_file id="fl-88">
         <path>/Applications/ti/ccsv7/tools/compiler/ti-cgt-msp430_17.3.0.STS/lib/</path>
         <kind>archive</kind>
         <file>rts430x_lc_rd_eabi.lib</file>
         <name>mult64_f5hw.obj</name>
      </input_file>
      <input_file id="fl-89">
         <path>/Applications/ti/ccsv7/tools/compiler/ti-cgt-msp430_17.3.0.STS/lib/</path>
         <kind>archive</kind>
         <file>rts430x_lc_rd_eabi.lib</file>
         <name>mult1632_f5hw.obj</name>
      </input_file>
      <input_file id="fl-8a">
         <path>/Applications/ti/ccsv7/tools/compiler/ti-cgt-msp430_17.3.0.STS/lib/</path>
         <kind>archive</kind>
         <file>rts430x_lc_rd_eabi.lib</file>
         <name>mult3264_f5hw.obj</name>
      </input_file>
      <input_file id="fl-8b">
         <path>/Applications/ti/ccsv7/tools/compiler/ti-cgt-msp430_17.3.0.STS/lib/</path>
         <kind>archive</kind>
         <file>rts430x_lc_rd_eabi.lib</file>
         <name>lsl16.obj</name>
      </input_file>
      <input_file id="fl-8c">
         <path>/Applications/ti/ccsv7/tools/compiler/ti-cgt-msp430_17.3.0.STS/lib/</path>
         <kind>archive</kind>
         <file>rts430x_lc_rd_eabi.lib</file>
         <name>lsl32.obj</name>
      </input_file>
      <input_file id="fl-8d">
         <path>/Applications/ti/ccsv7/tools/compiler/ti-cgt-msp430_17.3.0.STS/lib/</path>
         <kind>archive</kind>
         <file>rts430x_lc_rd_eabi.lib</file>
         <name>asr32.obj</name>
      </input_file>
      <input_file id="fl-8e">
         <path>/Applications/ti/ccsv7/tools/compiler/ti-cgt-msp430_17.3.0.STS/lib/</path>
         <kind>archive</kind>
         <file>rts430x_lc_rd_eabi.lib</file>
         <name>lsr32.obj</name>
      </input_file>
      <input_file id="fl-8f">
         <path>/Applications/ti/ccsv7/tools/compiler/ti-cgt-msp430_17.3.0.STS/lib/</path>
         <kind>archive</kind>
         <file>rts430x_lc_rd_eabi.lib</file>
         <name>lsr64.obj</name>
      </input_file>
      <input_file id="fl-90">
         <path>/Applications/ti/ccsv7/tools/compiler/ti-cgt-msp430_17.3.0.STS/lib/</path>
         <kind>archive</kind>
         <file>rts430x_lc_rd_eabi.lib</file>
         <name>assert.obj</name>
      </input_file>
      <input_file id="fl-91">
         <path>/Applications/ti/ccsv7/tools/compiler/ti-cgt-msp430_17.3.0.STS/lib/</path>
         <kind>archive</kind>
         <file>rts430x_lc_rd_eabi.lib</file>
         <name>boot.obj</name>
      </input_file>
      <input_file id="fl-92">
         <path>/Applications/ti/ccsv7/tools/compiler/ti-cgt-msp430_17.3.0.STS/lib/</path>
         <kind>archive</kind>
         <file>rts430x_lc_rd_eabi.lib</file>
         <name>args_main.obj</name>
      </input_file>
      <input_file id="fl-93">
         <path>/Applications/ti/ccsv7/tools/compiler/ti-cgt-msp430_17.3.0.STS/lib/</path>
         <kind>archive</kind>
         <file>rts430x_lc_rd_eabi.lib</file>
         <name>autoinit_wdt.obj</name>
      </input_file>
      <input_file id="fl-94">
         <path>/Applications/ti/ccsv7/tools/compiler/ti-cgt-msp430_17.3.0.STS/lib/</path>
         <kind>archive</kind>
         <file>rts430x_lc_rd_eabi.lib</file>
         <name>boot_special.obj</name>
      </input_file>
      <input_file id="fl-95">
         <path>/Applications/ti/ccsv7/ccs_base/msp430/lib/FR59xx/</path>
         <kind>archive</kind>
         <file>MSPMPU_INIT_LIB_CCS_msp430_large_code_restricted_data.lib</file>
         <name>mpu_init.o</name>
      </input_file>
      <input_file id="fl-96">
         <path>/Applications/ti/ccsv7/tools/compiler/ti-cgt-msp430_17.3.0.STS/lib/</path>
         <kind>archive</kind>
         <file>rts430x_lc_rd_eabi.lib</file>
         <name>defs.obj</name>
      </input_file>
      <input_file id="fl-97">
         <path>/Applications/ti/ccsv7/tools/compiler/ti-cgt-msp430_17.3.0.STS/lib/</path>
         <kind>archive</kind>
         <file>rts430x_lc_rd_eabi.lib</file>
         <name>vars.obj</name>
      </input_file>
      <input_file id="fl-98">
         <path>/Applications/ti/ccsv7/tools/compiler/ti-cgt-msp430_17.3.0.STS/lib/</path>
         <kind>archive</kind>
         <file>rts430x_lc_rd_eabi.lib</file>
         <name>memory.obj</name>
      </input_file>
      <input_file id="fl-99">
         <path>/Applications/ti/ccsv7/tools/compiler/ti-cgt-msp430_17.3.0.STS/lib/</path>
         <kind>archive</kind>
         <file>rts430x_lc_rd_eabi.lib</file>
         <name>_lock.obj</name>
      </input_file>
      <input_file id="fl-9a">
         <path>/Applications/ti/ccsv7/tools/compiler/ti-cgt-msp430_17.3.0.STS/lib/</path>
         <kind>archive</kind>
         <file>rts430x_lc_rd_eabi.lib</file>
         <name>startup.obj</name>
      </input_file>
      <input_file id="fl-9b">
         <path>/Applications/ti/ccsv7/tools/compiler/ti-cgt-msp430_17.3.0.STS/lib/</path>
         <kind>archive</kind>
         <file>rts430x_lc_rd_eabi.lib</file>
         <name>exit.obj</name>
      </input_file>
      <input_file id="fl-9c">
         <path>/Applications/ti/ccsv7/tools/compiler/ti-cgt-msp430_17.3.0.STS/lib/</path>
         <kind>archive</kind>
         <file>rts430x_lc_rd_eabi.lib</file>
         <name>exit_gvars.obj</name>
      </input_file>
      <input_file id="fl-9d">
         <path>/Applications/ti/ccsv7/tools/compiler/ti-cgt-msp430_17.3.0.STS/lib/</path>
         <kind>archive</kind>
         <file>rts430x_lc_rd_eabi.lib</file>
         <name>cpy_tbl.obj</name>
      </input_file>
      <input_file id="fl-9e">
         <path>/Applications/ti/ccsv7/tools/compiler/ti-cgt-msp430_17.3.0.STS/lib/</path>
         <kind>archive</kind>
         <file>rts430x_lc_rd_eabi.lib</file>
         <name>fflush.obj</name>
      </input_file>
      <input_file id="fl-9f">
         <path>/Applications/ti/ccsv7/tools/compiler/ti-cgt-msp430_17.3.0.STS/lib/</path>
         <kind>archive</kind>
         <file>rts430x_lc_rd_eabi.lib</file>
         <name>fputs.obj</name>
      </input_file>
      <input_file id="fl-a0">
         <path>/Applications/ti/ccsv7/tools/compiler/ti-cgt-msp430_17.3.0.STS/lib/</path>
         <kind>archive</kind>
         <file>rts430x_lc_rd_eabi.lib</file>
         <name>_io_perm.obj</name>
      </input_file>
      <input_file id="fl-a1">
         <path>/Applications/ti/ccsv7/tools/compiler/ti-cgt-msp430_17.3.0.STS/lib/</path>
         <kind>archive</kind>
         <file>rts430x_lc_rd_eabi.lib</file>
         <name>fseek.obj</name>
      </input_file>
      <input_file id="fl-a2">
         <path>/Applications/ti/ccsv7/tools/compiler/ti-cgt-msp430_17.3.0.STS/lib/</path>
         <kind>archive</kind>
         <file>rts430x_lc_rd_eabi.lib</file>
         <name>lowlev.obj</name>
      </input_file>
      <input_file id="fl-a3">
         <path>/Applications/ti/ccsv7/tools/compiler/ti-cgt-msp430_17.3.0.STS/lib/</path>
         <kind>archive</kind>
         <file>rts430x_lc_rd_eabi.lib</file>
         <name>trgdrv.obj</name>
      </input_file>
      <input_file id="fl-a4">
         <path>/Applications/ti/ccsv7/tools/compiler/ti-cgt-msp430_17.3.0.STS/lib/</path>
         <kind>archive</kind>
         <file>rts430x_lc_rd_eabi.lib</file>
         <name>trgmsg.obj</name>
      </input_file>
      <input_file id="fl-a5">
         <path>/Applications/ti/ccsv7/tools/compiler/ti-cgt-msp430_17.3.0.STS/lib/</path>
         <kind>archive</kind>
         <file>rts430x_lc_rd_eabi.lib</file>
         <name>div16s.obj</name>
      </input_file>
      <input_file id="fl-a6">
         <path>/Applications/ti/ccsv7/tools/compiler/ti-cgt-msp430_17.3.0.STS/lib/</path>
         <kind>archive</kind>
         <file>rts430x_lc_rd_eabi.lib</file>
         <name>memchr.obj</name>
      </input_file>
      <input_file id="fl-a7">
         <path>/Applications/ti/ccsv7/tools/compiler/ti-cgt-msp430_17.3.0.STS/lib/</path>
         <kind>archive</kind>
         <file>rts430x_lc_rd_eabi.lib</file>
         <name>memcpy.obj</name>
      </input_file>
      <input_file id="fl-a8">
         <path>/Applications/ti/ccsv7/tools/compiler/ti-cgt-msp430_17.3.0.STS/lib/</path>
         <kind>archive</kind>
         <file>rts430x_lc_rd_eabi.lib</file>
         <name>memset.obj</name>
      </input_file>
      <input_file id="fl-a9">
         <path>/Applications/ti/ccsv7/tools/compiler/ti-cgt-msp430_17.3.0.STS/lib/</path>
         <kind>archive</kind>
         <file>rts430x_lc_rd_eabi.lib</file>
         <name>printf.obj</name>
      </input_file>
      <input_file id="fl-aa">
         <path>/Applications/ti/ccsv7/tools/compiler/ti-cgt-msp430_17.3.0.STS/lib/</path>
         <kind>archive</kind>
         <file>rts430x_lc_rd_eabi.lib</file>
         <name>_printfi.obj</name>
      </input_file>
      <input_file id="fl-ab">
         <path>/Applications/ti/ccsv7/tools/compiler/ti-cgt-msp430_17.3.0.STS/lib/</path>
         <kind>archive</kind>
         <file>rts430x_lc_rd_eabi.lib</file>
         <name>cmpd.obj</name>
      </input_file>
      <input_file id="fl-ac">
         <path>/Applications/ti/ccsv7/tools/compiler/ti-cgt-msp430_17.3.0.STS/lib/</path>
         <kind>archive</kind>
         <file>rts430x_lc_rd_eabi.lib</file>
         <name>div64u.obj</name>
      </input_file>
      <input_file id="fl-ad">
         <path>/Applications/ti/ccsv7/tools/compiler/ti-cgt-msp430_17.3.0.STS/lib/</path>
         <kind>archive</kind>
         <file>rts430x_lc_rd_eabi.lib</file>
         <name>fixdi.obj</name>
      </input_file>
      <input_file id="fl-ae">
         <path>/Applications/ti/ccsv7/tools/compiler/ti-cgt-msp430_17.3.0.STS/lib/</path>
         <kind>archive</kind>
         <file>rts430x_lc_rd_eabi.lib</file>
         <name>fixdli.obj</name>
      </input_file>
      <input_file id="fl-af">
         <path>/Applications/ti/ccsv7/tools/compiler/ti-cgt-msp430_17.3.0.STS/lib/</path>
         <kind>archive</kind>
         <file>rts430x_lc_rd_eabi.lib</file>
         <name>fltid.obj</name>
      </input_file>
      <input_file id="fl-b0">
         <path>/Applications/ti/ccsv7/tools/compiler/ti-cgt-msp430_17.3.0.STS/lib/</path>
         <kind>archive</kind>
         <file>rts430x_lc_rd_eabi.lib</file>
         <name>fltlid.obj</name>
      </input_file>
      <input_file id="fl-b1">
         <path>/Applications/ti/ccsv7/tools/compiler/ti-cgt-msp430_17.3.0.STS/lib/</path>
         <kind>archive</kind>
         <file>rts430x_lc_rd_eabi.lib</file>
         <name>negd.obj</name>
      </input_file>
      <input_file id="fl-b2">
         <path>/Applications/ti/ccsv7/tools/compiler/ti-cgt-msp430_17.3.0.STS/lib/</path>
         <kind>archive</kind>
         <file>rts430x_lc_rd_eabi.lib</file>
         <name>lsl64.obj</name>
      </input_file>
      <input_file id="fl-b3">
         <path>/Applications/ti/ccsv7/tools/compiler/ti-cgt-msp430_17.3.0.STS/lib/</path>
         <kind>archive</kind>
         <file>rts430x_lc_rd_eabi.lib</file>
         <name>subd.obj</name>
      </input_file>
      <input_file id="fl-b4">
         <path>/Applications/ti/ccsv7/tools/compiler/ti-cgt-msp430_17.3.0.STS/lib/</path>
         <kind>archive</kind>
         <file>rts430x_lc_rd_eabi.lib</file>
         <name>addd.obj</name>
      </input_file>
      <input_file id="fl-b5">
         <path>/Applications/ti/ccsv7/tools/compiler/ti-cgt-msp430_17.3.0.STS/lib/</path>
         <kind>archive</kind>
         <file>rts430x_lc_rd_eabi.lib</file>
         <name>frcaddd.obj</name>
      </input_file>
      <input_file id="fl-b6">
         <path>/Applications/ti/ccsv7/tools/compiler/ti-cgt-msp430_17.3.0.STS/lib/</path>
         <kind>archive</kind>
         <file>rts430x_lc_rd_eabi.lib</file>
         <name>renormd.obj</name>
      </input_file>
      <input_file id="fl-b7">
         <path>/Applications/ti/ccsv7/tools/compiler/ti-cgt-msp430_17.3.0.STS/lib/</path>
         <kind>archive</kind>
         <file>rts430x_lc_rd_eabi.lib</file>
         <name>abs.obj</name>
      </input_file>
      <input_file id="fl-b8">
         <path>/Applications/ti/ccsv7/tools/compiler/ti-cgt-msp430_17.3.0.STS/lib/</path>
         <kind>archive</kind>
         <file>rts430x_lc_rd_eabi.lib</file>
         <name>atoi.obj</name>
      </input_file>
      <input_file id="fl-b9">
         <path>/Applications/ti/ccsv7/tools/compiler/ti-cgt-msp430_17.3.0.STS/lib/</path>
         <kind>archive</kind>
         <file>rts430x_lc_rd_eabi.lib</file>
         <name>ctype.obj</name>
      </input_file>
      <input_file id="fl-ba">
         <path>/Applications/ti/ccsv7/tools/compiler/ti-cgt-msp430_17.3.0.STS/lib/</path>
         <kind>archive</kind>
         <file>rts430x_lc_rd_eabi.lib</file>
         <name>fputc.obj</name>
      </input_file>
      <input_file id="fl-bb">
         <path>/Applications/ti/ccsv7/tools/compiler/ti-cgt-msp430_17.3.0.STS/lib/</path>
         <kind>archive</kind>
         <file>rts430x_lc_rd_eabi.lib</file>
         <name>s_frexp.obj</name>
      </input_file>
      <input_file id="fl-bc">
         <path>/Applications/ti/ccsv7/tools/compiler/ti-cgt-msp430_17.3.0.STS/lib/</path>
         <kind>archive</kind>
         <file>rts430x_lc_rd_eabi.lib</file>
         <name>s_scalbn.obj</name>
      </input_file>
      <input_file id="fl-bd">
         <path>/Applications/ti/ccsv7/tools/compiler/ti-cgt-msp430_17.3.0.STS/lib/</path>
         <kind>archive</kind>
         <file>rts430x_lc_rd_eabi.lib</file>
         <name>s_copysign.obj</name>
      </input_file>
      <input_file id="fl-be">
         <path>/Applications/ti/ccsv7/tools/compiler/ti-cgt-msp430_17.3.0.STS/lib/</path>
         <kind>archive</kind>
         <file>rts430x_lc_rd_eabi.lib</file>
         <name>errno.obj</name>
      </input_file>
      <input_file id="fl-bf">
         <path>/Applications/ti/ccsv7/tools/compiler/ti-cgt-msp430_17.3.0.STS/lib/</path>
         <kind>archive</kind>
         <file>rts430x_lc_rd_eabi.lib</file>
         <name>ltoa.obj</name>
      </input_file>
      <input_file id="fl-c0">
         <path>/Applications/ti/ccsv7/tools/compiler/ti-cgt-msp430_17.3.0.STS/lib/</path>
         <kind>archive</kind>
         <file>rts430x_lc_rd_eabi.lib</file>
         <name>div32s.obj</name>
      </input_file>
      <input_file id="fl-c1">
         <path>/Applications/ti/ccsv7/tools/compiler/ti-cgt-msp430_17.3.0.STS/lib/</path>
         <kind>archive</kind>
         <file>rts430x_lc_rd_eabi.lib</file>
         <name>memccpy.obj</name>
      </input_file>
      <input_file id="fl-c2">
         <path>/Applications/ti/ccsv7/tools/compiler/ti-cgt-msp430_17.3.0.STS/lib/</path>
         <kind>archive</kind>
         <file>rts430x_lc_rd_eabi.lib</file>
         <name>setvbuf.obj</name>
      </input_file>
      <input_file id="fl-c3">
         <path>/Applications/ti/ccsv7/tools/compiler/ti-cgt-msp430_17.3.0.STS/lib/</path>
         <kind>archive</kind>
         <file>rts430x_lc_rd_eabi.lib</file>
         <name>fopen.obj</name>
      </input_file>
      <input_file id="fl-c4">
         <path>/Applications/ti/ccsv7/tools/compiler/ti-cgt-msp430_17.3.0.STS/lib/</path>
         <kind>archive</kind>
         <file>rts430x_lc_rd_eabi.lib</file>
         <name>fclose.obj</name>
      </input_file>
      <input_file id="fl-c5">
         <path>/Applications/ti/ccsv7/tools/compiler/ti-cgt-msp430_17.3.0.STS/lib/</path>
         <kind>archive</kind>
         <file>rts430x_lc_rd_eabi.lib</file>
         <name>remove.obj</name>
      </input_file>
      <input_file id="fl-c6">
         <path>/Applications/ti/ccsv7/tools/compiler/ti-cgt-msp430_17.3.0.STS/lib/</path>
         <kind>archive</kind>
         <file>rts430x_lc_rd_eabi.lib</file>
         <name>strchr.obj</name>
      </input_file>
      <input_file id="fl-c7">
         <path>/Applications/ti/ccsv7/tools/compiler/ti-cgt-msp430_17.3.0.STS/lib/</path>
         <kind>archive</kind>
         <file>rts430x_lc_rd_eabi.lib</file>
         <name>strcmp.obj</name>
      </input_file>
      <input_file id="fl-c8">
         <path>/Applications/ti/ccsv7/tools/compiler/ti-cgt-msp430_17.3.0.STS/lib/</path>
         <kind>archive</kind>
         <file>rts430x_lc_rd_eabi.lib</file>
         <name>strcpy.obj</name>
      </input_file>
      <input_file id="fl-c9">
         <path>/Applications/ti/ccsv7/tools/compiler/ti-cgt-msp430_17.3.0.STS/lib/</path>
         <kind>archive</kind>
         <file>rts430x_lc_rd_eabi.lib</file>
         <name>strlen.obj</name>
      </input_file>
      <input_file id="fl-ca">
         <path>/Applications/ti/ccsv7/tools/compiler/ti-cgt-msp430_17.3.0.STS/lib/</path>
         <kind>archive</kind>
         <file>rts430x_lc_rd_eabi.lib</file>
         <name>strncpy.obj</name>
      </input_file>
      <input_file id="fl-cb">
         <path>/Applications/ti/ccsv7/tools/compiler/ti-cgt-msp430_17.3.0.STS/lib/</path>
         <kind>archive</kind>
         <file>rts430x_lc_rd_eabi.lib</file>
         <name>toupper.obj</name>
      </input_file>
   </input_file_list>
   <object_component_list>
      <object_component id="oc-b0e">
         <name>.cio</name>
         <uninitialized>true</uninitialized>
         <run_address>0x4400</run_address>
         <size>0x120</size>
         <input_file_ref idref="fl-a4"/>
      </object_component>
      <object_component id="oc-409">
         <name>.sysmem</name>
         <uninitialized>true</uninitialized>
         <run_address>0x4520</run_address>
         <size>0x6</size>
         <input_file_ref idref="fl-98"/>
      </object_component>
      <object_component id="oc-c4e">
         <name>.sysmem</name>
         <uninitialized>true</uninitialized>
         <run_address>0x4520</run_address>
         <size>0x0</size>
      </object_component>
      <object_component id="oc-c4c">
         <name>.cinit..data.load</name>
         <load_address>0x6f62</load_address>
         <run_address>0x6f62</run_address>
         <size>0x95</size>
      </object_component>
      <object_component id="oc-c49">
         <name>__TI_handler_table</name>
         <load_address>0x6ff8</load_address>
         <run_address>0x6ff8</run_address>
         <size>0xc</size>
      </object_component>
      <object_component id="oc-c4b">
         <name>.cinit..bss.load</name>
         <load_address>0x7004</load_address>
         <run_address>0x7004</run_address>
         <size>0x6</size>
      </object_component>
      <object_component id="oc-c4a">
         <name>__TI_cinit_table</name>
         <load_address>0x700a</load_address>
         <run_address>0x700a</run_address>
         <size>0x10</size>
      </object_component>
      <object_component id="oc-be2">
         <name>.binit</name>
         <load_address>0x4400</load_address>
         <run_address>0x4400</run_address>
         <size>0x0</size>
      </object_component>
      <object_component id="oc-403">
         <name>.init_array</name>
         <load_address>0x4d88</load_address>
         <run_address>0x4d88</run_address>
         <size>0x4</size>
         <input_file_ref idref="fl-8"/>
      </object_component>
      <object_component id="oc-404">
         <name>.init_array</name>
         <load_address>0x4d8c</load_address>
         <run_address>0x4d8c</run_address>
         <size>0x4</size>
         <input_file_ref idref="fl-a"/>
      </object_component>
      <object_component id="oc-674">
         <name>.const:.string</name>
         <load_address>0x6908</load_address>
         <run_address>0x6908</run_address>
         <size>0x162</size>
         <input_file_ref idref="fl-5"/>
      </object_component>
      <object_component id="oc-a14">
         <name>.const:.string:_ctypes_</name>
         <load_address>0x6a6a</load_address>
         <run_address>0x6a6a</run_address>
         <size>0x101</size>
         <input_file_ref idref="fl-b9"/>
      </object_component>
      <object_component id="oc-641">
         <name>.const:.string</name>
         <load_address>0x6b6c</load_address>
         <run_address>0x6b6c</run_address>
         <size>0xae</size>
         <input_file_ref idref="fl-6"/>
      </object_component>
      <object_component id="oc-b68">
         <name>.const:.string</name>
         <load_address>0x6c1a</load_address>
         <run_address>0x6c1a</run_address>
         <size>0x8e</size>
         <input_file_ref idref="fl-8"/>
      </object_component>
      <object_component id="oc-594">
         <name>.const:.string:_ZZN2IO8USCI_I2C13handleTxRxIntEiEs</name>
         <load_address>0x6ca8</load_address>
         <run_address>0x6ca8</run_address>
         <size>0x55</size>
         <input_file_ref idref="fl-6"/>
      </object_component>
      <object_component id="oc-7a9">
         <name>.const:.string:_ZZN2IO8InputPin8evaluateEvEs</name>
         <load_address>0x6cfe</load_address>
         <run_address>0x6cfe</run_address>
         <size>0x3b</size>
         <input_file_ref idref="fl-5"/>
      </object_component>
      <object_component id="oc-802">
         <name>.const:.string</name>
         <load_address>0x6d3a</load_address>
         <run_address>0x6d3a</run_address>
         <size>0x38</size>
         <input_file_ref idref="fl-b"/>
      </object_component>
      <object_component id="oc-73f">
         <name>.const:.string:_ZZN2IO8USCI_I2C14waitForBusFreeEvEs_0</name>
         <load_address>0x6d72</load_address>
         <run_address>0x6d72</run_address>
         <size>0x35</size>
         <input_file_ref idref="fl-6"/>
      </object_component>
      <object_component id="oc-96f">
         <name>.const:.string</name>
         <load_address>0x6da8</load_address>
         <run_address>0x6da8</run_address>
         <size>0x26</size>
         <input_file_ref idref="fl-aa"/>
      </object_component>
      <object_component id="oc-a66">
         <name>.const:.typeinfo:_ZTSN10__cxxabiv120__si_class_type_infoE</name>
         <load_address>0x6dce</load_address>
         <run_address>0x6dce</run_address>
         <size>0x25</size>
         <input_file_ref idref="fl-5a"/>
      </object_component>
      <object_component id="oc-98b">
         <name>.const:.typeinfo:_ZTSN10__cxxabiv117__class_type_infoE</name>
         <load_address>0x6df4</load_address>
         <run_address>0x6df4</run_address>
         <size>0x22</size>
         <input_file_ref idref="fl-5a"/>
      </object_component>
      <object_component id="oc-517">
         <name>.const:$P$T0$1</name>
         <load_address>0x6e16</load_address>
         <run_address>0x6e16</run_address>
         <size>0x18</size>
         <input_file_ref idref="fl-a"/>
      </object_component>
      <object_component id="oc-83c">
         <name>.const:.typeinfo:_ZTSN8Cribbage10ControllerE</name>
         <load_address>0x6e2e</load_address>
         <run_address>0x6e2e</run_address>
         <size>0x18</size>
         <input_file_ref idref="fl-8"/>
      </object_component>
      <object_component id="oc-734">
         <name>.const:.string:_ZZN2IO8USCI_I2C14waitForBusFreeEvEs</name>
         <load_address>0x6e46</load_address>
         <run_address>0x6e46</run_address>
         <size>0x16</size>
         <input_file_ref idref="fl-6"/>
      </object_component>
      <object_component id="oc-68a">
         <name>.const:_ZTVN8Cribbage10ControllerE</name>
         <load_address>0x6e5c</load_address>
         <run_address>0x6e5c</run_address>
         <size>0x14</size>
         <input_file_ref idref="fl-8"/>
      </object_component>
      <object_component id="oc-78c">
         <name>.const:_ZTVN8Cribbage4InitE</name>
         <load_address>0x6e70</load_address>
         <run_address>0x6e70</run_address>
         <size>0x14</size>
         <input_file_ref idref="fl-8"/>
      </object_component>
      <object_component id="oc-8fb">
         <name>.const:_ZTVN8Cribbage5StateE</name>
         <load_address>0x6e84</load_address>
         <run_address>0x6e84</run_address>
         <size>0x14</size>
         <input_file_ref idref="fl-8"/>
      </object_component>
      <object_component id="oc-791">
         <name>.const:_ZTVN8Cribbage5TurnsE</name>
         <load_address>0x6e98</load_address>
         <run_address>0x6e98</run_address>
         <size>0x14</size>
         <input_file_ref idref="fl-8"/>
      </object_component>
      <object_component id="oc-9c5">
         <name>.const:.typeinfo:_ZTSN8Cribbage5StateE</name>
         <load_address>0x6eac</load_address>
         <run_address>0x6eac</run_address>
         <size>0x12</size>
         <input_file_ref idref="fl-8"/>
      </object_component>
      <object_component id="oc-91e">
         <name>.const:.typeinfo:_ZTSN8Cribbage5TurnsE</name>
         <load_address>0x6ebe</load_address>
         <run_address>0x6ebe</run_address>
         <size>0x12</size>
         <input_file_ref idref="fl-8"/>
      </object_component>
      <object_component id="oc-905">
         <name>.const:.typeinfo:_ZTSN8Cribbage4InitE</name>
         <load_address>0x6ed0</load_address>
         <run_address>0x6ed0</run_address>
         <size>0x11</size>
         <input_file_ref idref="fl-8"/>
      </object_component>
      <object_component id="oc-837">
         <name>.const:_ZTVN10__cxxabiv117__class_type_infoE</name>
         <load_address>0x6ee2</load_address>
         <run_address>0x6ee2</run_address>
         <size>0x10</size>
         <input_file_ref idref="fl-5a"/>
      </object_component>
      <object_component id="oc-900">
         <name>.const:_ZTVN10__cxxabiv120__si_class_type_infoE</name>
         <load_address>0x6ef2</load_address>
         <run_address>0x6ef2</run_address>
         <size>0x10</size>
         <input_file_ref idref="fl-5a"/>
      </object_component>
      <object_component id="oc-a58">
         <name>.const:.typeinfo:_ZTSSt9type_info</name>
         <load_address>0x6f02</load_address>
         <run_address>0x6f02</run_address>
         <size>0xd</size>
         <input_file_ref idref="fl-5a"/>
      </object_component>
      <object_component id="oc-8e8">
         <name>.const:.typeinfo:_ZTIN10__cxxabiv117__class_type_infoE</name>
         <load_address>0x6f10</load_address>
         <run_address>0x6f10</run_address>
         <size>0xc</size>
         <input_file_ref idref="fl-5a"/>
      </object_component>
      <object_component id="oc-9b5">
         <name>.const:.typeinfo:_ZTIN10__cxxabiv120__si_class_type_infoE</name>
         <load_address>0x6f1c</load_address>
         <run_address>0x6f1c</run_address>
         <size>0xc</size>
         <input_file_ref idref="fl-5a"/>
      </object_component>
      <object_component id="oc-84b">
         <name>.const:.typeinfo:_ZTIN8Cribbage4InitE</name>
         <load_address>0x6f28</load_address>
         <run_address>0x6f28</run_address>
         <size>0xc</size>
         <input_file_ref idref="fl-8"/>
      </object_component>
      <object_component id="oc-862">
         <name>.const:.typeinfo:_ZTIN8Cribbage5TurnsE</name>
         <load_address>0x6f34</load_address>
         <run_address>0x6f34</run_address>
         <size>0xc</size>
         <input_file_ref idref="fl-8"/>
      </object_component>
      <object_component id="oc-76e">
         <name>.const:.typeinfo:_ZTIN8Cribbage10ControllerE</name>
         <load_address>0x6f40</load_address>
         <run_address>0x6f40</run_address>
         <size>0x8</size>
         <input_file_ref idref="fl-8"/>
      </object_component>
      <object_component id="oc-90a">
         <name>.const:.typeinfo:_ZTIN8Cribbage5StateE</name>
         <load_address>0x6f48</load_address>
         <run_address>0x6f48</run_address>
         <size>0x8</size>
         <input_file_ref idref="fl-8"/>
      </object_component>
      <object_component id="oc-990">
         <name>.const:.typeinfo:_ZTISt9type_info</name>
         <load_address>0x6f50</load_address>
         <run_address>0x6f50</run_address>
         <size>0x8</size>
         <input_file_ref idref="fl-5a"/>
      </object_component>
      <object_component id="oc-a6f">
         <name>.const:_ZN8Cribbage2UI12playerOffsetE</name>
         <load_address>0x6f58</load_address>
         <run_address>0x6f58</run_address>
         <size>0x8</size>
         <input_file_ref idref="fl-3"/>
      </object_component>
      <object_component id="oc-671">
         <name>.const</name>
         <load_address>0x6f60</load_address>
         <run_address>0x6f60</run_address>
         <size>0x2</size>
         <input_file_ref idref="fl-4"/>
      </object_component>
      <object_component id="oc-42f">
         <name>.text:_isr:_Z10timer1_isrv</name>
         <load_address>0x4c00</load_address>
         <run_address>0x4c00</run_address>
         <size>0xae</size>
         <input_file_ref idref="fl-b"/>
      </object_component>
      <object_component id="oc-43b">
         <name>.text:_isr:_Z8EUSCI_B0v</name>
         <load_address>0x4cae</load_address>
         <run_address>0x4cae</run_address>
         <size>0x7e</size>
         <input_file_ref idref="fl-6"/>
      </object_component>
      <object_component id="oc-b3">
         <name>.text:_isr:_c_int00_noargs_mpu</name>
         <load_address>0x4d2c</load_address>
         <run_address>0x4d2c</run_address>
         <size>0x20</size>
         <input_file_ref idref="fl-94"/>
      </object_component>
      <object_component id="oc-435">
         <name>.text:_isr:_Z7Timer_Av</name>
         <load_address>0x4d4c</load_address>
         <run_address>0x4d4c</run_address>
         <size>0x1c</size>
         <input_file_ref idref="fl-a"/>
      </object_component>
      <object_component id="oc-429">
         <name>.text:_isr:_Z15timer1_taiv_isrv</name>
         <load_address>0x4d68</load_address>
         <run_address>0x4d68</run_address>
         <size>0x18</size>
         <input_file_ref idref="fl-b"/>
      </object_component>
      <object_component id="oc-424">
         <name>.text:_isr:__TI_ISR_TRAP</name>
         <load_address>0x4d80</load_address>
         <run_address>0x4d80</run_address>
         <size>0x8</size>
         <input_file_ref idref="fl-5f"/>
      </object_component>
      <object_component id="oc-acc">
         <name>.text:_mcpy</name>
         <load_address>0x4d90</load_address>
         <run_address>0x4d90</run_address>
         <size>0x90</size>
         <input_file_ref idref="fl-aa"/>
      </object_component>
      <object_component id="oc-8af">
         <name>.text:fputc</name>
         <load_address>0x4e20</load_address>
         <run_address>0x4e20</run_address>
         <size>0x90</size>
         <input_file_ref idref="fl-ba"/>
      </object_component>
      <object_component id="oc-936">
         <name>.text:free</name>
         <load_address>0x4eb0</load_address>
         <run_address>0x4eb0</run_address>
         <size>0x8e</size>
         <input_file_ref idref="fl-98"/>
      </object_component>
      <object_component id="oc-65d">
         <name>.text:_Z17array_new_generalPvijjS_PFYS_S_ES1_PFYS_jEPFYvS_Eii</name>
         <load_address>0x4f3e</load_address>
         <run_address>0x4f3e</run_address>
         <size>0x84</size>
         <input_file_ref idref="fl-76"/>
      </object_component>
      <object_component id="oc-482">
         <name>.text:__sti___8_main_cpp_UP</name>
         <load_address>0x4fc2</load_address>
         <run_address>0x4fc2</run_address>
         <size>0x82</size>
         <input_file_ref idref="fl-a"/>
      </object_component>
      <object_component id="oc-44e">
         <name>.text:_auto_init_hold_wdt</name>
         <load_address>0x5044</load_address>
         <run_address>0x5044</run_address>
         <size>0x82</size>
         <input_file_ref idref="fl-93"/>
      </object_component>
      <object_component id="oc-5fe">
         <name>.text:__mspabi_fltuld</name>
         <load_address>0x50c6</load_address>
         <run_address>0x50c6</run_address>
         <size>0x80</size>
         <input_file_ref idref="fl-81"/>
      </object_component>
      <object_component id="oc-b2b">
         <name>.text:ltoa</name>
         <load_address>0x5146</load_address>
         <run_address>0x5146</run_address>
         <size>0x80</size>
         <input_file_ref idref="fl-bf"/>
      </object_component>
      <object_component id="oc-7b2">
         <name>.text:__TI_wrt_ok</name>
         <load_address>0x51c6</load_address>
         <run_address>0x51c6</run_address>
         <size>0x7e</size>
         <input_file_ref idref="fl-a0"/>
      </object_component>
      <object_component id="oc-804">
         <name>.text:_ZN2IO8USCI_I2C9checkAddrEh</name>
         <load_address>0x5244</load_address>
         <run_address>0x5244</run_address>
         <size>0x7c</size>
         <input_file_ref idref="fl-6"/>
      </object_component>
      <object_component id="oc-72d">
         <name>.text:_ZN8Cribbage13DisplayDriver7checkHWEv</name>
         <load_address>0x52c0</load_address>
         <run_address>0x52c0</run_address>
         <size>0x7c</size>
         <input_file_ref idref="fl-8"/>
      </object_component>
      <object_component id="oc-a3d">
         <name>.text:_pconv_f</name>
         <load_address>0x533c</load_address>
         <run_address>0x533c</run_address>
         <size>0x78</size>
         <input_file_ref idref="fl-aa"/>
      </object_component>
      <object_component id="oc-76">
         <name>.text:decompress:lzss:__TI_decompress_lzss</name>
         <load_address>0x53b4</load_address>
         <run_address>0x53b4</run_address>
         <size>0x78</size>
         <input_file_ref idref="fl-5c"/>
      </object_component>
      <object_component id="oc-a0a">
         <name>.text:HOSTrename</name>
         <load_address>0x542c</load_address>
         <run_address>0x542c</run_address>
         <size>0x74</size>
         <input_file_ref idref="fl-a3"/>
      </object_component>
      <object_component id="oc-9dd">
         <name>.text:__TI_closefile</name>
         <load_address>0x54a0</load_address>
         <run_address>0x54a0</run_address>
         <size>0x74</size>
         <input_file_ref idref="fl-c4"/>
      </object_component>
      <object_component id="oc-9e6">
         <name>.text:HOSTopen</name>
         <load_address>0x5514</load_address>
         <run_address>0x5514</run_address>
         <size>0x70</size>
         <input_file_ref idref="fl-a3"/>
      </object_component>
      <object_component id="oc-642">
         <name>.text:_ZN2IO8USCI_I2C8startSeqEv</name>
         <load_address>0x5584</load_address>
         <run_address>0x5584</run_address>
         <size>0x70</size>
         <input_file_ref idref="fl-6"/>
      </object_component>
      <object_component id="oc-86d">
         <name>.text:_ZN8Cribbage5Turns11handleInputERNS_10ControllerE</name>
         <load_address>0x55f4</load_address>
         <run_address>0x55f4</run_address>
         <size>0x70</size>
         <input_file_ref idref="fl-8"/>
      </object_component>
      <object_component id="oc-9f8">
         <name>.text:HOSTwrite</name>
         <load_address>0x5664</load_address>
         <run_address>0x5664</run_address>
         <size>0x6c</size>
         <input_file_ref idref="fl-a3"/>
      </object_component>
      <object_component id="oc-9f2">
         <name>.text:HOSTread</name>
         <load_address>0x56d0</load_address>
         <run_address>0x56d0</run_address>
         <size>0x6a</size>
         <input_file_ref idref="fl-a3"/>
      </object_component>
      <object_component id="oc-884">
         <name>.text:fseek</name>
         <load_address>0x573a</load_address>
         <run_address>0x573a</run_address>
         <size>0x6a</size>
         <input_file_ref idref="fl-a1"/>
      </object_component>
      <object_component id="oc-7f0">
         <name>.text:__mspabi_fixdul</name>
         <load_address>0x57a4</load_address>
         <run_address>0x57a4</run_address>
         <size>0x68</size>
         <input_file_ref idref="fl-80"/>
      </object_component>
      <object_component id="oc-b25">
         <name>.text:__mspabi_fixdli</name>
         <load_address>0x580c</load_address>
         <run_address>0x580c</run_address>
         <size>0x66</size>
         <input_file_ref idref="fl-ae"/>
      </object_component>
      <object_component id="oc-4d5">
         <name>.text:copy_in</name>
         <load_address>0x5872</load_address>
         <run_address>0x5872</run_address>
         <size>0x66</size>
         <input_file_ref idref="fl-9d"/>
      </object_component>
      <object_component id="oc-7c4">
         <name>.text:__TI_doflush</name>
         <load_address>0x58d8</load_address>
         <run_address>0x58d8</run_address>
         <size>0x64</size>
         <input_file_ref idref="fl-9e"/>
      </object_component>
      <object_component id="oc-a79">
         <name>.text:close</name>
         <load_address>0x593c</load_address>
         <run_address>0x593c</run_address>
         <size>0x5a</size>
         <input_file_ref idref="fl-a2"/>
      </object_component>
      <object_component id="oc-b03">
         <name>.text:getdevice</name>
         <load_address>0x5996</load_address>
         <run_address>0x5996</run_address>
         <size>0x5a</size>
         <input_file_ref idref="fl-a2"/>
      </object_component>
      <object_component id="oc-6c4">
         <name>.text:fflush</name>
         <load_address>0x59f0</load_address>
         <run_address>0x59f0</run_address>
         <size>0x58</size>
         <input_file_ref idref="fl-9e"/>
      </object_component>
      <object_component id="oc-5f1">
         <name>.text</name>
         <load_address>0x5a48</load_address>
         <run_address>0x5a48</run_address>
         <size>0x58</size>
         <input_file_ref idref="fl-7e"/>
      </object_component>
      <object_component id="oc-796">
         <name>.text:_ZN8Cribbage13DisplayDriverC1Ev</name>
         <load_address>0x5aa0</load_address>
         <run_address>0x5aa0</run_address>
         <size>0x52</size>
         <input_file_ref idref="fl-8"/>
      </object_component>
      <object_component id="oc-9ec">
         <name>.text:HOSTclose</name>
         <load_address>0x5af2</load_address>
         <run_address>0x5af2</run_address>
         <size>0x4e</size>
         <input_file_ref idref="fl-a3"/>
      </object_component>
      <object_component id="oc-4fc">
         <name>.text:_Z11setUpTimersmm</name>
         <load_address>0x5b40</load_address>
         <run_address>0x5b40</run_address>
         <size>0x4e</size>
         <input_file_ref idref="fl-a"/>
      </object_component>
      <object_component id="oc-ad9">
         <name>.text:_fcpy</name>
         <load_address>0x5b8e</load_address>
         <run_address>0x5b8e</run_address>
         <size>0x4e</size>
         <input_file_ref idref="fl-aa"/>
      </object_component>
      <object_component id="oc-45a">
         <name>.text:exit</name>
         <load_address>0x5bdc</load_address>
         <run_address>0x5bdc</run_address>
         <size>0x4a</size>
         <input_file_ref idref="fl-9b"/>
      </object_component>
      <object_component id="oc-739">
         <name>.text:printf</name>
         <load_address>0x5c26</load_address>
         <run_address>0x5c26</run_address>
         <size>0x4a</size>
         <input_file_ref idref="fl-a9"/>
      </object_component>
      <object_component id="oc-a04">
         <name>.text:HOSTunlink</name>
         <load_address>0x5c70</load_address>
         <run_address>0x5c70</run_address>
         <size>0x46</size>
         <input_file_ref idref="fl-a3"/>
      </object_component>
      <object_component id="oc-867">
         <name>.text:_ZN8Cribbage5Turns5enterERNS_10ControllerE</name>
         <load_address>0x5cb6</load_address>
         <run_address>0x5cb6</run_address>
         <size>0x46</size>
         <input_file_ref idref="fl-8"/>
      </object_component>
      <object_component id="oc-63a">
         <name>.text:_ZN2IO8USCI_I2C14waitForBusFreeEv</name>
         <load_address>0x5cfc</load_address>
         <run_address>0x5cfc</run_address>
         <size>0x44</size>
         <input_file_ref idref="fl-6"/>
      </object_component>
      <object_component id="oc-502">
         <name>.text:_Z10timer_initj</name>
         <load_address>0x5d40</load_address>
         <run_address>0x5d40</run_address>
         <size>0x42</size>
         <input_file_ref idref="fl-b"/>
      </object_component>
      <object_component id="oc-afb">
         <name>.text:_ZN8Cribbage13DisplayDriver4ctrlEjb</name>
         <load_address>0x5d82</load_address>
         <run_address>0x5d82</run_address>
         <size>0x42</size>
         <input_file_ref idref="fl-8"/>
      </object_component>
      <object_component id="oc-85c">
         <name>.text:_ZN8Cribbage4Init6updateERNS_10ControllerE</name>
         <load_address>0x5dc4</load_address>
         <run_address>0x5dc4</run_address>
         <size>0x42</size>
         <input_file_ref idref="fl-8"/>
      </object_component>
      <object_component id="oc-8d9">
         <name>.text:minit</name>
         <load_address>0x5e06</load_address>
         <run_address>0x5e06</run_address>
         <size>0x42</size>
         <input_file_ref idref="fl-98"/>
      </object_component>
      <object_component id="oc-572">
         <name>.text:_ZN2IO8InputPin8debounceEv</name>
         <load_address>0x5e48</load_address>
         <run_address>0x5e48</run_address>
         <size>0x40</size>
         <input_file_ref idref="fl-5"/>
      </object_component>
      <object_component id="oc-b81">
         <name>.text</name>
         <load_address>0x5e88</load_address>
         <run_address>0x5e88</run_address>
         <size>0x40</size>
         <input_file_ref idref="fl-c0"/>
      </object_component>
      <object_component id="oc-7e3">
         <name>.text:l_asr_const</name>
         <load_address>0x5ec8</load_address>
         <run_address>0x5ec8</run_address>
         <size>0x3e</size>
         <input_file_ref idref="fl-8d"/>
      </object_component>
      <object_component id="oc-6e4">
         <name>.text:l_lsl_const</name>
         <load_address>0x5f06</load_address>
         <run_address>0x5f06</run_address>
         <size>0x3e</size>
         <input_file_ref idref="fl-8c"/>
      </object_component>
      <object_component id="oc-5ec">
         <name>.text:l_lsr_const</name>
         <load_address>0x5f44</load_address>
         <run_address>0x5f44</run_address>
         <size>0x3e</size>
         <input_file_ref idref="fl-8e"/>
      </object_component>
      <object_component id="oc-92e">
         <name>.text:lseek</name>
         <load_address>0x5f82</load_address>
         <run_address>0x5f82</run_address>
         <size>0x3e</size>
         <input_file_ref idref="fl-a2"/>
      </object_component>
      <object_component id="oc-534">
         <name>.text:__cxa_vec_ctor</name>
         <load_address>0x5fc0</load_address>
         <run_address>0x5fc0</run_address>
         <size>0x3c</size>
         <input_file_ref idref="fl-76"/>
      </object_component>
      <object_component id="oc-7ca">
         <name>.text:write</name>
         <load_address>0x5ffc</load_address>
         <run_address>0x5ffc</run_address>
         <size>0x3c</size>
         <input_file_ref idref="fl-a2"/>
      </object_component>
      <object_component id="oc-90f">
         <name>.text:_ZN8Cribbage4Init11showEnabledEjbRNS_10ControllerE</name>
         <load_address>0x6038</load_address>
         <run_address>0x6038</run_address>
         <size>0x3a</size>
         <input_file_ref idref="fl-8"/>
      </object_component>
      <object_component id="oc-b1a">
         <name>.text:__mspabi_sllll</name>
         <load_address>0x6072</load_address>
         <run_address>0x6072</run_address>
         <size>0x3a</size>
         <input_file_ref idref="fl-b2"/>
      </object_component>
      <object_component id="oc-ab1">
         <name>.text:__mspabi_srlll</name>
         <load_address>0x60ac</load_address>
         <run_address>0x60ac</run_address>
         <size>0x3a</size>
         <input_file_ref idref="fl-8f"/>
      </object_component>
      <object_component id="oc-79c">
         <name>.text:_ZN8Cribbage13DisplayDriver5clearEv</name>
         <load_address>0x60e6</load_address>
         <run_address>0x60e6</run_address>
         <size>0x38</size>
         <input_file_ref idref="fl-8"/>
      </object_component>
      <object_component id="oc-850">
         <name>.text:_ZN8Cribbage4Init5enterERNS_10ControllerE</name>
         <load_address>0x611e</load_address>
         <run_address>0x611e</run_address>
         <size>0x38</size>
         <input_file_ref idref="fl-8"/>
      </object_component>
      <object_component id="oc-93c">
         <name>.text:__TI_cleanup</name>
         <load_address>0x6156</load_address>
         <run_address>0x6156</run_address>
         <size>0x36</size>
         <input_file_ref idref="fl-c3"/>
      </object_component>
      <object_component id="oc-a8b">
         <name>.text:__TI_writemsg</name>
         <load_address>0x618c</load_address>
         <run_address>0x618c</run_address>
         <size>0x36</size>
         <input_file_ref idref="fl-a4"/>
      </object_component>
      <object_component id="oc-74d">
         <name>.text:_Znwj</name>
         <load_address>0x61c2</load_address>
         <run_address>0x61c2</run_address>
         <size>0x34</size>
         <input_file_ref idref="fl-79"/>
      </object_component>
      <object_component id="oc-a91">
         <name>.text:__TI_readmsg</name>
         <load_address>0x61f6</load_address>
         <run_address>0x61f6</run_address>
         <size>0x32</size>
         <input_file_ref idref="fl-a4"/>
      </object_component>
      <object_component id="oc-b37">
         <name>.text:__mspabi_subd</name>
         <load_address>0x6228</load_address>
         <run_address>0x6228</run_address>
         <size>0x32</size>
         <input_file_ref idref="fl-b3"/>
      </object_component>
      <object_component id="oc-b6a">
         <name>.text:strncpy</name>
         <load_address>0x625a</load_address>
         <run_address>0x625a</run_address>
         <size>0x32</size>
         <input_file_ref idref="fl-ca"/>
      </object_component>
      <object_component id="oc-773">
         <name>.text:_ZN8Cribbage10Controller5enterEv</name>
         <load_address>0x628c</load_address>
         <run_address>0x628c</run_address>
         <size>0x30</size>
         <input_file_ref idref="fl-8"/>
      </object_component>
      <object_component id="oc-a80">
         <name>.text:unlink</name>
         <load_address>0x62bc</load_address>
         <run_address>0x62bc</run_address>
         <size>0x30</size>
         <input_file_ref idref="fl-a2"/>
      </object_component>
      <object_component id="oc-69d">
         <name>.text:_ZN8Cribbage2UIC1Ev</name>
         <load_address>0x62ec</load_address>
         <run_address>0x62ec</run_address>
         <size>0x2e</size>
         <input_file_ref idref="fl-8"/>
      </object_component>
      <object_component id="oc-a31">
         <name>.text:__mspabi_negd</name>
         <load_address>0x631a</load_address>
         <run_address>0x631a</run_address>
         <size>0x2e</size>
         <input_file_ref idref="fl-b1"/>
      </object_component>
      <object_component id="oc-b98">
         <name>.text:copysign</name>
         <load_address>0x6348</load_address>
         <run_address>0x6348</run_address>
         <size>0x2e</size>
         <input_file_ref idref="fl-bd"/>
      </object_component>
      <object_component id="oc-b70">
         <name>.text:finddevice</name>
         <load_address>0x6376</load_address>
         <run_address>0x6376</run_address>
         <size>0x2e</size>
         <input_file_ref idref="fl-a2"/>
      </object_component>
      <object_component id="oc-4b4">
         <name>.text:_ZN2IO8InputPin13fromInterruptEv</name>
         <load_address>0x63a4</load_address>
         <run_address>0x63a4</run_address>
         <size>0x2c</size>
         <input_file_ref idref="fl-5"/>
      </object_component>
      <object_component id="oc-52e">
         <name>.text:_ZN8Cribbage6PlayerC1Ev</name>
         <load_address>0x63d0</load_address>
         <run_address>0x63d0</run_address>
         <size>0x2a</size>
         <input_file_ref idref="fl-8"/>
      </object_component>
      <object_component id="oc-779">
         <name>.text:_ZN8Cribbage10Controller11handleInputEv</name>
         <load_address>0x63fa</load_address>
         <run_address>0x63fa</run_address>
         <size>0x28</size>
         <input_file_ref idref="fl-8"/>
      </object_component>
      <object_component id="oc-461">
         <name>.text:__mpu_init</name>
         <load_address>0x6422</load_address>
         <run_address>0x6422</run_address>
         <size>0x28</size>
         <input_file_ref idref="fl-95"/>
      </object_component>
      <object_component id="oc-b3d">
         <name>.text:__mspabi_fixdi</name>
         <load_address>0x644a</load_address>
         <run_address>0x644a</run_address>
         <size>0x28</size>
         <input_file_ref idref="fl-ad"/>
      </object_component>
      <object_component id="oc-47c">
         <name>.text:__sti___19_cribbage_driver_cpp_1ff44c53</name>
         <load_address>0x6472</load_address>
         <run_address>0x6472</run_address>
         <size>0x28</size>
         <input_file_ref idref="fl-8"/>
      </object_component>
      <object_component id="oc-9b">
         <name>.text:decompress:ZI:__TI_zero_init</name>
         <load_address>0x649a</load_address>
         <run_address>0x649a</run_address>
         <size>0x24</size>
         <input_file_ref idref="fl-73"/>
      </object_component>
      <object_component id="oc-5e7">
         <name>.text</name>
         <load_address>0x64be</load_address>
         <run_address>0x64be</run_address>
         <size>0x24</size>
         <input_file_ref idref="fl-87"/>
      </object_component>
      <object_component id="oc-9d0">
         <name>.text:_ZN8Cribbage2UI12setCurrScoreEj</name>
         <load_address>0x64e2</load_address>
         <run_address>0x64e2</run_address>
         <size>0x22</size>
         <input_file_ref idref="fl-8"/>
      </object_component>
      <object_component id="oc-68f">
         <name>.text:_ZN8Cribbage4InitC1Ev</name>
         <load_address>0x6504</load_address>
         <run_address>0x6504</run_address>
         <size>0x22</size>
         <input_file_ref idref="fl-8"/>
      </object_component>
      <object_component id="oc-696">
         <name>.text:_ZN8Cribbage5TurnsC1Ev</name>
         <load_address>0x6526</load_address>
         <run_address>0x6526</run_address>
         <size>0x22</size>
         <input_file_ref idref="fl-8"/>
      </object_component>
      <object_component id="oc-77f">
         <name>.text:_ZN8Cribbage10Controller6updateEv</name>
         <load_address>0x6548</load_address>
         <run_address>0x6548</run_address>
         <size>0x20</size>
         <input_file_ref idref="fl-8"/>
      </object_component>
      <object_component id="oc-511">
         <name>.text:_ZN8Cribbage10Controller7sysInitERKj</name>
         <load_address>0x6568</load_address>
         <run_address>0x6568</run_address>
         <size>0x20</size>
         <input_file_ref idref="fl-8"/>
      </object_component>
      <object_component id="oc-586">
         <name>.text:_ZN2IO8USCI_I2C6isAddrEj</name>
         <load_address>0x6588</load_address>
         <run_address>0x6588</run_address>
         <size>0x1e</size>
         <input_file_ref idref="fl-6"/>
      </object_component>
      <object_component id="oc-58d">
         <name>.text:_ZN2IO8USCI_I2C6isDataEj</name>
         <load_address>0x65a6</load_address>
         <run_address>0x65a6</run_address>
         <size>0x1e</size>
         <input_file_ref idref="fl-6"/>
      </object_component>
      <object_component id="oc-744">
         <name>.text:_ZN2IO8USCI_I2C8isRdAddrEj</name>
         <load_address>0x65c4</load_address>
         <run_address>0x65c4</run_address>
         <size>0x1e</size>
         <input_file_ref idref="fl-6"/>
      </object_component>
      <object_component id="oc-59f">
         <name>.text:_ZN2IO8USCI_I2C8isWrAddrEj</name>
         <load_address>0x65e2</load_address>
         <run_address>0x65e2</run_address>
         <size>0x1e</size>
         <input_file_ref idref="fl-6"/>
      </object_component>
      <object_component id="oc-721">
         <name>.text:_ZN8Cribbage15updateLEDPOV_CBEPv</name>
         <load_address>0x6600</load_address>
         <run_address>0x6600</run_address>
         <size>0x1e</size>
         <input_file_ref idref="fl-8"/>
      </object_component>
      <object_component id="oc-97c">
         <name>.text:memccpy</name>
         <load_address>0x661e</load_address>
         <run_address>0x661e</run_address>
         <size>0x1e</size>
         <input_file_ref idref="fl-c1"/>
      </object_component>
      <object_component id="oc-916">
         <name>.text:_ZN2IO8InputPin4readEv</name>
         <load_address>0x663c</load_address>
         <run_address>0x663c</run_address>
         <size>0x1c</size>
         <input_file_ref idref="fl-5"/>
      </object_component>
      <object_component id="oc-b5b">
         <name>.text:strchr</name>
         <load_address>0x6658</load_address>
         <run_address>0x6658</run_address>
         <size>0x1c</size>
         <input_file_ref idref="fl-c6"/>
      </object_component>
      <object_component id="oc-ba5">
         <name>.text:strcmp</name>
         <load_address>0x6674</load_address>
         <run_address>0x6674</run_address>
         <size>0x1c</size>
         <input_file_ref idref="fl-c7"/>
      </object_component>
      <object_component id="oc-633">
         <name>.text:_ZN2IO8USCI_I2C4doneEv</name>
         <load_address>0x6690</load_address>
         <run_address>0x6690</run_address>
         <size>0x1a</size>
         <input_file_ref idref="fl-6"/>
      </object_component>
      <object_component id="oc-844">
         <name>.text:_ZN8Cribbage5StateC1Ev</name>
         <load_address>0x66aa</load_address>
         <run_address>0x66aa</run_address>
         <size>0x1a</size>
         <input_file_ref idref="fl-8"/>
      </object_component>
      <object_component id="oc-599">
         <name>.text:_abort_msg</name>
         <load_address>0x66c4</load_address>
         <run_address>0x66c4</run_address>
         <size>0x1a</size>
         <input_file_ref idref="fl-90"/>
      </object_component>
      <object_component id="oc-5ad">
         <name>.text:_ZN2IO8USCI_I2C7startRdEv</name>
         <load_address>0x66de</load_address>
         <run_address>0x66de</run_address>
         <size>0x18</size>
         <input_file_ref idref="fl-6"/>
      </object_component>
      <object_component id="oc-a72">
         <name>.text:_ZN8Cribbage13DisplayDriver3setEj</name>
         <load_address>0x66f6</load_address>
         <run_address>0x66f6</run_address>
         <size>0x18</size>
         <input_file_ref idref="fl-8"/>
      </object_component>
      <object_component id="oc-9ca">
         <name>.text:_ZN8Cribbage2UI9setPlayerEj</name>
         <load_address>0x670e</load_address>
         <run_address>0x670e</run_address>
         <size>0x18</size>
         <input_file_ref idref="fl-8"/>
      </object_component>
      <object_component id="oc-923">
         <name>.text:_ZN8Cribbage6Player6setPtsEj</name>
         <load_address>0x6726</load_address>
         <run_address>0x6726</run_address>
         <size>0x18</size>
         <input_file_ref idref="fl-8"/>
      </object_component>
      <object_component id="oc-4a6">
         <name>.text</name>
         <load_address>0x673e</load_address>
         <run_address>0x673e</run_address>
         <size>0x18</size>
         <input_file_ref idref="fl-85"/>
      </object_component>
      <object_component id="oc-525">
         <name>.text:_ZN2IO8USCI_I2CC1Ev</name>
         <load_address>0x6756</load_address>
         <run_address>0x6756</run_address>
         <size>0x16</size>
         <input_file_ref idref="fl-6"/>
      </object_component>
      <object_component id="oc-7be">
         <name>.text:memchr</name>
         <load_address>0x676c</load_address>
         <run_address>0x676c</run_address>
         <size>0x16</size>
         <input_file_ref idref="fl-a6"/>
      </object_component>
      <object_component id="oc-5f7">
         <name>.text:memset</name>
         <load_address>0x6782</load_address>
         <run_address>0x6782</run_address>
         <size>0x16</size>
         <input_file_ref idref="fl-a8"/>
      </object_component>
      <object_component id="oc-71c">
         <name>.text</name>
         <load_address>0x6798</load_address>
         <run_address>0x6798</run_address>
         <size>0x16</size>
         <input_file_ref idref="fl-7d"/>
      </object_component>
      <object_component id="oc-5a6">
         <name>.text:_ZN2IO8USCI_I2C7startWrEv</name>
         <load_address>0x67ae</load_address>
         <run_address>0x67ae</run_address>
         <size>0x14</size>
         <input_file_ref idref="fl-6"/>
      </object_component>
      <object_component id="oc-417">
         <name>.text:memcpy</name>
         <load_address>0x67c2</load_address>
         <run_address>0x67c2</run_address>
         <size>0x14</size>
         <input_file_ref idref="fl-a7"/>
      </object_component>
      <object_component id="oc-7fa">
         <name>.text:_ZN8Cribbage13DisplayDriver12setUpdateFlgEv</name>
         <load_address>0x67d6</load_address>
         <run_address>0x67d6</run_address>
         <size>0x12</size>
         <input_file_ref idref="fl-8"/>
      </object_component>
      <object_component id="oc-7a2">
         <name>.text:_ZN8Cribbage13DisplayDriver7disableEv</name>
         <load_address>0x67e8</load_address>
         <run_address>0x67e8</run_address>
         <size>0x12</size>
         <input_file_ref idref="fl-8"/>
      </object_component>
      <object_component id="oc-785">
         <name>.text:_ZN8Cribbage5StateC2Ev</name>
         <load_address>0x67fa</load_address>
         <run_address>0x67fa</run_address>
         <size>0x12</size>
         <input_file_ref idref="fl-8"/>
[...]
         <object_component_ref idref="oc-6e4"/>
      </symbol>
      <symbol id="sm-9fa">
         <name>__mspabi_slll_11</name>
         <value>0x5f16</value>
         <object_component_ref idref="oc-6e4"/>
      </symbol>
      <symbol id="sm-9fb">
         <name>__mspabi_slll_10</name>
         <value>0x5f1a</value>
         <object_component_ref idref="oc-6e4"/>
      </symbol>
      <symbol id="sm-a0b">
         <name>__mspabi_sral</name>
         <value>0x6866</value>
         <object_component_ref idref="oc-bc9"/>
      </symbol>
      <symbol id="sm-a0c">
         <name>__mspabi_sral_15</name>
         <value>0x5ec8</value>
         <object_component_ref idref="oc-7e3"/>
      </symbol>
      <symbol id="sm-a0d">
         <name>__mspabi_sral_14</name>
         <value>0x5ecc</value>
         <object_component_ref idref="oc-7e3"/>
      </symbol>
      <symbol id="sm-a0e">
         <name>__mspabi_sral_13</name>
         <value>0x5ed0</value>
         <object_component_ref idref="oc-7e3"/>
      </symbol>
      <symbol id="sm-a0f">
         <name>__mspabi_sral_12</name>
         <value>0x5ed4</value>
         <object_component_ref idref="oc-7e3"/>
      </symbol>
      <symbol id="sm-a10">
         <name>__mspabi_sral_11</name>
         <value>0x5ed8</value>
         <object_component_ref idref="oc-7e3"/>
      </symbol>
      <symbol id="sm-a11">
         <name>__mspabi_sral_10</name>
         <value>0x5edc</value>
         <object_component_ref idref="oc-7e3"/>
      </symbol>
      <symbol id="sm-a12">
         <name>__mspabi_sral_8</name>
         <value>0x5ee4</value>
         <object_component_ref idref="oc-7e3"/>
      </symbol>
      <symbol id="sm-a13">
         <name>__mspabi_sral_9</name>
         <value>0x5ee0</value>
         <object_component_ref idref="oc-7e3"/>
      </symbol>
      <symbol id="sm-a14">
         <name>__mspabi_sral_6</name>
         <value>0x5eec</value>
         <object_component_ref idref="oc-7e3"/>
      </symbol>
      <symbol id="sm-a15">
         <name>__mspabi_sral_7</name>
         <value>0x5ee8</value>
         <object_component_ref idref="oc-7e3"/>
      </symbol>
      <symbol id="sm-a16">
         <name>__mspabi_sral_4</name>
         <value>0x5ef4</value>
         <object_component_ref idref="oc-7e3"/>
      </symbol>
      <symbol id="sm-a17">
         <name>__mspabi_sral_5</name>
         <value>0x5ef0</value>
         <object_component_ref idref="oc-7e3"/>
      </symbol>
      <symbol id="sm-a18">
         <name>__mspabi_sral_2</name>
         <value>0x5efc</value>
         <object_component_ref idref="oc-7e3"/>
      </symbol>
      <symbol id="sm-a19">
         <name>__mspabi_sral_3</name>
         <value>0x5ef8</value>
         <object_component_ref idref="oc-7e3"/>
      </symbol>
      <symbol id="sm-a1a">
         <name>__mspabi_sral_1</name>
         <value>0x5f00</value>
         <object_component_ref idref="oc-7e3"/>
      </symbol>
      <symbol id="sm-a2a">
         <name>__mspabi_srll_8</name>
         <value>0x5f60</value>
         <object_component_ref idref="oc-5ec"/>
      </symbol>
      <symbol id="sm-a2b">
         <name>__mspabi_srll_9</name>
         <value>0x5f5c</value>
         <object_component_ref idref="oc-5ec"/>
      </symbol>
      <symbol id="sm-a2c">
         <name>__mspabi_srll_6</name>
         <value>0x5f68</value>
         <object_component_ref idref="oc-5ec"/>
      </symbol>
      <symbol id="sm-a2d">
         <name>__mspabi_srll_7</name>
         <value>0x5f64</value>
         <object_component_ref idref="oc-5ec"/>
      </symbol>
      <symbol id="sm-a2e">
         <name>__mspabi_srll_4</name>
         <value>0x5f70</value>
         <object_component_ref idref="oc-5ec"/>
      </symbol>
      <symbol id="sm-a2f">
         <name>__mspabi_srll_5</name>
         <value>0x5f6c</value>
         <object_component_ref idref="oc-5ec"/>
      </symbol>
      <symbol id="sm-a30">
         <name>__mspabi_srll_2</name>
         <value>0x5f78</value>
         <object_component_ref idref="oc-5ec"/>
      </symbol>
      <symbol id="sm-a31">
         <name>__mspabi_srll_3</name>
         <value>0x5f74</value>
         <object_component_ref idref="oc-5ec"/>
      </symbol>
      <symbol id="sm-a32">
         <name>__mspabi_srll_1</name>
         <value>0x5f7c</value>
         <object_component_ref idref="oc-5ec"/>
      </symbol>
      <symbol id="sm-a33">
         <name>__mspabi_srll_15</name>
         <value>0x5f44</value>
         <object_component_ref idref="oc-5ec"/>
      </symbol>
      <symbol id="sm-a34">
         <name>__mspabi_srll_14</name>
         <value>0x5f48</value>
         <object_component_ref idref="oc-5ec"/>
      </symbol>
      <symbol id="sm-a35">
         <name>__mspabi_srll_13</name>
         <value>0x5f4c</value>
         <object_component_ref idref="oc-5ec"/>
      </symbol>
      <symbol id="sm-a36">
         <name>__mspabi_srll_12</name>
         <value>0x5f50</value>
         <object_component_ref idref="oc-5ec"/>
      </symbol>
      <symbol id="sm-a37">
         <name>__mspabi_srll_11</name>
         <value>0x5f54</value>
         <object_component_ref idref="oc-5ec"/>
      </symbol>
      <symbol id="sm-a38">
         <name>__mspabi_srll_10</name>
         <value>0x5f58</value>
         <object_component_ref idref="oc-5ec"/>
      </symbol>
      <symbol id="sm-a39">
         <name>__mspabi_srll</name>
         <value>0x6886</value>
         <object_component_ref idref="oc-8a7"/>
      </symbol>
      <symbol id="sm-a46">
         <name>__mspabi_srlll</name>
         <value>0x60ac</value>
         <object_component_ref idref="oc-ab1"/>
      </symbol>
      <symbol id="sm-a57">
         <name>_abort_msg</name>
         <value>0x66c4</value>
         <object_component_ref idref="oc-599"/>
      </symbol>
      <symbol id="sm-a5f">
         <name>_stack</name>
         <value>0x2300</value>
         <object_component_ref idref="oc-405"/>
      </symbol>
      <symbol id="sm-a60">
         <name>_reset_vector</name>
         <value>0xfffe</value>
         <object_component_ref idref="oc-408"/>
      </symbol>
      <symbol id="sm-a83">
         <name>_auto_init_hold_wdt</name>
         <value>0x5044</value>
         <object_component_ref idref="oc-44e"/>
      </symbol>
      <symbol id="sm-a8d">
         <name>_c_int00_noargs_mpu</name>
         <value>0x4d2c</value>
         <object_component_ref idref="oc-b3"/>
      </symbol>
      <symbol id="sm-a96">
         <name>__mpu_init</name>
         <value>0x6422</value>
         <object_component_ref idref="oc-461"/>
      </symbol>
      <symbol id="sm-aa6">
         <name>__TI_tmpnams</name>
         <value>0x1e68</value>
      </symbol>
      <symbol id="sm-aa7">
         <name>_ftable</name>
         <value>0x203c</value>
         <object_component_ref idref="oc-6bb"/>
      </symbol>
      <symbol id="sm-aa8">
         <name>__TI_ft_end</name>
         <value>0x2254</value>
         <object_component_ref idref="oc-7d2"/>
      </symbol>
      <symbol id="sm-aaf">
         <name>_new_handler</name>
         <value>0x224c</value>
         <object_component_ref idref="oc-825"/>
      </symbol>
      <symbol id="sm-b03">
         <name>_sys_memory</name>
         <value>0x4520</value>
         <object_component_ref idref="oc-409"/>
      </symbol>
      <symbol id="sm-b04">
         <name>free</name>
         <value>0x4eb0</value>
         <object_component_ref idref="oc-936"/>
      </symbol>
      <symbol id="sm-b05">
         <name>malloc</name>
         <value>0x136be</value>
         <object_component_ref idref="oc-81f"/>
      </symbol>
      <symbol id="sm-b06">
         <name>minit</name>
         <value>0x5e06</value>
         <object_component_ref idref="oc-8d9"/>
      </symbol>
      <symbol id="sm-b1c">
         <name>_nop</name>
         <value>0x6904</value>
         <object_component_ref idref="oc-5d5"/>
      </symbol>
      <symbol id="sm-b1d">
         <name>_lock</name>
         <value>0x2244</value>
         <object_component_ref idref="oc-4ed"/>
      </symbol>
      <symbol id="sm-b1e">
         <name>_unlock</name>
         <value>0x2248</value>
         <object_component_ref idref="oc-4f6"/>
      </symbol>
      <symbol id="sm-b27">
         <name>_system_post_cinit</name>
         <value>0x6906</value>
         <object_component_ref idref="oc-4db"/>
      </symbol>
      <symbol id="sm-b44">
         <name>C$$EXIT</name>
         <value>0x68f0</value>
         <object_component_ref idref="oc-470"/>
      </symbol>
      <symbol id="sm-b45">
         <name>abort</name>
         <value>0x68f0</value>
         <object_component_ref idref="oc-470"/>
      </symbol>
      <symbol id="sm-b46">
         <name>exit</name>
         <value>0x5bdc</value>
         <object_component_ref idref="oc-45a"/>
      </symbol>
      <symbol id="sm-b47">
         <name>__TI_enable_exit_profile_output</name>
         <value>0x2258</value>
         <object_component_ref idref="oc-4ea"/>
      </symbol>
      <symbol id="sm-b56">
         <name>__TI_dtors_ptr</name>
         <value>0x2240</value>
         <object_component_ref idref="oc-4f0"/>
      </symbol>
      <symbol id="sm-b57">
         <name>__TI_cleanup_ptr</name>
         <value>0x223c</value>
         <object_component_ref idref="oc-4f3"/>
      </symbol>
      <symbol id="sm-b6d">
         <name>copy_in</name>
         <value>0x5872</value>
         <object_component_ref idref="oc-4d5"/>
      </symbol>
      <symbol id="sm-b89">
         <name>__TI_doflush</name>
         <value>0x58d8</value>
         <object_component_ref idref="oc-7c4"/>
      </symbol>
      <symbol id="sm-b8a">
         <name>fflush</name>
         <value>0x59f0</value>
         <object_component_ref idref="oc-6c4"/>
      </symbol>
      <symbol id="sm-ba2">
         <name>fputs</name>
         <value>0x12fd4</value>
         <object_component_ref idref="oc-6be"/>
      </symbol>
      <symbol id="sm-bba">
         <name>__TI_wrt_ok</name>
         <value>0x51c6</value>
         <object_component_ref idref="oc-7b2"/>
      </symbol>
      <symbol id="sm-bcf">
         <name>fseek</name>
         <value>0x573a</value>
         <object_component_ref idref="oc-884"/>
      </symbol>
      <symbol id="sm-c27">
         <name>lseek</name>
         <value>0x5f82</value>
         <object_component_ref idref="oc-92e"/>
      </symbol>
      <symbol id="sm-c28">
         <name>write</name>
         <value>0x5ffc</value>
         <object_component_ref idref="oc-7ca"/>
      </symbol>
      <symbol id="sm-c29">
         <name>close</name>
         <value>0x593c</value>
         <object_component_ref idref="oc-a79"/>
      </symbol>
      <symbol id="sm-c2a">
         <name>unlink</name>
         <value>0x62bc</value>
         <object_component_ref idref="oc-a80"/>
      </symbol>
      <symbol id="sm-c69">
         <name>HOSTrename</name>
         <value>0x542c</value>
         <object_component_ref idref="oc-a0a"/>
      </symbol>
      <symbol id="sm-c6a">
         <name>HOSTclose</name>
         <value>0x5af2</value>
         <object_component_ref idref="oc-9ec"/>
      </symbol>
      <symbol id="sm-c6b">
         <name>HOSTunlink</name>
         <value>0x5c70</value>
         <object_component_ref idref="oc-a04"/>
      </symbol>
      <symbol id="sm-c6c">
         <name>HOSTlseek</name>
         <value>0x13caa</value>
         <object_component_ref idref="oc-9fe"/>
      </symbol>
      <symbol id="sm-c6d">
         <name>HOSTopen</name>
         <value>0x5514</value>
         <object_component_ref idref="oc-9e6"/>
      </symbol>
      <symbol id="sm-c6e">
         <name>HOSTwrite</name>
         <value>0x5664</value>
         <object_component_ref idref="oc-9f8"/>
      </symbol>
      <symbol id="sm-c6f">
         <name>HOSTread</name>
         <value>0x56d0</value>
         <object_component_ref idref="oc-9f2"/>
      </symbol>
      <symbol id="sm-c8d">
         <name>__TI_readmsg</name>
         <value>0x61f6</value>
         <object_component_ref idref="oc-a91"/>
      </symbol>
      <symbol id="sm-c8e">
         <name>C$$IO$$</name>
         <value>0x61be</value>
         <object_component_ref idref="oc-a8b"/>
      </symbol>
      <symbol id="sm-c8f">
         <name>_CIOBUF_</name>
         <value>0x4400</value>
         <object_component_ref idref="oc-b0e"/>
      </symbol>
      <symbol id="sm-c90">
         <name>__TI_writemsg</name>
         <value>0x618c</value>
         <object_component_ref idref="oc-a8b"/>
      </symbol>
      <symbol id="sm-ca0">
         <name>memchr</name>
         <value>0x676c</value>
         <object_component_ref idref="oc-7be"/>
      </symbol>
      <symbol id="sm-cae">
         <name>memcpy</name>
         <value>0x67c2</value>
         <object_component_ref idref="oc-417"/>
      </symbol>
      <symbol id="sm-cbc">
         <name>memset</name>
         <value>0x6782</value>
         <object_component_ref idref="oc-5f7"/>
      </symbol>
      <symbol id="sm-cdf">
         <name>printf</name>
         <value>0x5c26</value>
         <object_component_ref idref="oc-739"/>
      </symbol>
      <symbol id="sm-e85">
         <name>__TI_printfi</name>
         <value>0x11908</value>
         <object_component_ref idref="oc-817"/>
      </symbol>
      <symbol id="sm-e9f">
         <name>__mspabi_cmpd</name>
         <value>0x13458</value>
         <object_component_ref idref="oc-a4f"/>
      </symbol>
      <symbol id="sm-ed2">
         <name>__mspabi_divull</name>
         <value>0x10466</value>
         <object_component_ref idref="oc-aab"/>
      </symbol>
      <symbol id="sm-edf">
         <name>__mspabi_fixdi</name>
         <value>0x644a</value>
         <object_component_ref idref="oc-b3d"/>
      </symbol>
      <symbol id="sm-eee">
         <name>__mspabi_fixdli</name>
         <value>0x580c</value>
         <object_component_ref idref="oc-b25"/>
      </symbol>
      <symbol id="sm-ef7">
         <name>__mspabi_fltid</name>
         <value>0x68a4</value>
         <object_component_ref idref="oc-b61"/>
      </symbol>
      <symbol id="sm-f0f">
         <name>__mspabi_fltlid</name>
         <value>0x13c0c</value>
         <object_component_ref idref="oc-b31"/>
      </symbol>
      <symbol id="sm-f18">
         <name>__mspabi_negd</name>
         <value>0x631a</value>
         <object_component_ref idref="oc-a31"/>
      </symbol>
      <symbol id="sm-f25">
         <name>__mspabi_sllll</name>
         <value>0x6072</value>
         <object_component_ref idref="oc-b1a"/>
      </symbol>
      <symbol id="sm-f2e">
         <name>__mspabi_subd</name>
         <value>0x6228</value>
         <object_component_ref idref="oc-b37"/>
      </symbol>
      <symbol id="sm-f50">
         <name>__mspabi_addd</name>
         <value>0x107b4</value>
         <object_component_ref idref="oc-b8a"/>
      </symbol>
      <symbol id="sm-f71">
         <name>__TI_frcaddd</name>
         <value>0x116c0</value>
         <object_component_ref idref="oc-bb1"/>
      </symbol>
      <symbol id="sm-f85">
         <name>__TI_renormd</name>
         <value>0x1377a</value>
         <object_component_ref idref="oc-bce"/>
      </symbol>
      <symbol id="sm-f8f">
         <name>abs</name>
         <value>0x68ce</value>
         <object_component_ref idref="oc-b44"/>
      </symbol>
      <symbol id="sm-fa2">
         <name>atoi</name>
         <value>0x13f9e</value>
         <object_component_ref idref="oc-968"/>
      </symbol>
      <symbol id="sm-fac">
         <name>_ctypes_</name>
         <value>0x6a6a</value>
         <object_component_ref idref="oc-a14"/>
      </symbol>
      <symbol id="sm-fbf">
         <name>putc</name>
         <value>0x4e20</value>
         <object_component_ref idref="oc-8af"/>
      </symbol>
      <symbol id="sm-fc0">
         <name>fputc</name>
         <value>0x4e20</value>
         <object_component_ref idref="oc-8af"/>
      </symbol>
      <symbol id="sm-fd7">
         <name>frexpl</name>
         <value>0x13a24</value>
         <object_component_ref idref="oc-ae1"/>
      </symbol>
      <symbol id="sm-fd8">
         <name>frexp</name>
         <value>0x13a24</value>
         <object_component_ref idref="oc-ae1"/>
      </symbol>
      <symbol id="sm-ff1">
         <name>scalbn</name>
         <value>0x124dc</value>
         <object_component_ref idref="oc-b55"/>
      </symbol>
      <symbol id="sm-ff2">
         <name>scalbnl</name>
         <value>0x124dc</value>
         <object_component_ref idref="oc-b55"/>
      </symbol>
      <symbol id="sm-ff3">
         <name>ldexpl</name>
         <value>0x124dc</value>
         <object_component_ref idref="oc-b55"/>
      </symbol>
      <symbol id="sm-ff4">
         <name>ldexp</name>
         <value>0x124dc</value>
         <object_component_ref idref="oc-b55"/>
      </symbol>
      <symbol id="sm-ffd">
         <name>copysign</name>
         <value>0x6348</value>
         <object_component_ref idref="oc-b98"/>
      </symbol>
      <symbol id="sm-ffe">
         <name>copysignl</name>
         <value>0x6348</value>
         <object_component_ref idref="oc-b98"/>
      </symbol>
      <symbol id="sm-1005">
         <name>errno</name>
         <value>0x2256</value>
         <object_component_ref idref="oc-b95"/>
      </symbol>
      <symbol id="sm-1014">
         <name>ltoa</name>
         <value>0x5146</value>
         <object_component_ref idref="oc-b2b"/>
      </symbol>
      <symbol id="sm-1020">
         <name>__mspabi_remli</name>
         <value>0x5e88</value>
         <object_component_ref idref="oc-b81"/>
      </symbol>
      <symbol id="sm-1021">
         <name>__mspabi_divli</name>
         <value>0x5e88</value>
         <object_component_ref idref="oc-b81"/>
      </symbol>
      <symbol id="sm-1030">
         <name>memccpy</name>
         <value>0x661e</value>
         <object_component_ref idref="oc-97c"/>
      </symbol>
      <symbol id="sm-1048">
         <name>setvbuf</name>
         <value>0x13378</value>
         <object_component_ref idref="oc-88a"/>
      </symbol>
      <symbol id="sm-1054">
         <name>__TI_cleanup</name>
         <value>0x6156</value>
         <object_component_ref idref="oc-93c"/>
      </symbol>
      <symbol id="sm-1065">
         <name>__TI_closefile</name>
         <value>0x54a0</value>
         <object_component_ref idref="oc-9dd"/>
      </symbol>
      <symbol id="sm-1075">
         <name>strchr</name>
         <value>0x6658</value>
         <object_component_ref idref="oc-b5b"/>
      </symbol>
      <symbol id="sm-1083">
         <name>strcmp</name>
         <value>0x6674</value>
         <object_component_ref idref="oc-ba5"/>
      </symbol>
      <symbol id="sm-1090">
         <name>strcpy</name>
         <value>0x6842</value>
         <object_component_ref idref="oc-a9e"/>
      </symbol>
      <symbol id="sm-109d">
         <name>strlen</name>
         <value>0x6896</value>
         <object_component_ref idref="oc-7b8"/>
      </symbol>
      <symbol id="sm-10ad">
         <name>strncpy</name>
         <value>0x625a</value>
         <object_component_ref idref="oc-b6a"/>
      </symbol>
      <symbol id="sm-10ba">
         <name>toupper</name>
         <value>0x6854</value>
         <object_component_ref idref="oc-a2b"/>
      </symbol>
      <symbol id="sm-10bf">
         <name>__TI_BINIT_Base</name>
         <value>0x0</value>
      </symbol>
      <symbol id="sm-10c0">
         <name>__TI_BINIT_Limit</name>
         <value>0x0</value>
      </symbol>
      <symbol id="sm-10c1">
         <name>_ZdaPv</name>
         <value>0x68c4</value>
      </symbol>
      <symbol id="sm-10c2">
         <name>_Znaj</name>
         <value>0x61c2</value>
      </symbol>
      <symbol id="sm-10c3">
         <name>remove</name>
         <value>0x62bc</value>
      </symbol>
   </symbol_table>
   <title>Link successful</title>
</link_info>
